Product: MDK-ARM Lite 5.10
Component: ARM Compiler 5.04 update 1 (build 49)
Tool: armlink [5040049]

==============================================================================

Section Cross References

    main.o(.text) refers to uartconfig.o(.text) for serialDebugInit
    main.o(.text) refers to printf2.o(i.__0printf$2) for __2printf
    main.o(.text) refers to gpioport.o(.text) for gpio_enable_port
    main.o(.text) refers to adc.o(.text) for configure_adc0
    main.o(.text) refers to timer0.o(.text) for configure_timer0
    main.o(.text) refers to dfltui.o(.text) for __aeabi_ui2d
    main.o(.text) refers to dmul.o(.text) for __aeabi_dmul
    main.o(.text) refers to dfixui.o(.text) for __aeabi_d2uiz
    main.o(.text) refers to main.o(.data) for teamNumber
    interrupts.o(.text) refers to main.o(.data) for Alert_1ms
    startup_tm4c123.o(RESET) refers to startup_tm4c123.o(STACK) for __initial_sp
    startup_tm4c123.o(RESET) refers to startup_tm4c123.o(.text) for Reset_Handler
    startup_tm4c123.o(RESET) refers to interrupts.o(.text) for SysTick_Handler
    startup_tm4c123.o(RESET) refers to uart.o(.text) for UART0_Handler
    startup_tm4c123.o(.text) refers to system_tm4c123.o(.text) for SystemInit
    startup_tm4c123.o(.text) refers to entry.o(.ARM.Collect$$$$00000000) for __main
    system_tm4c123.o(.text) refers to system_tm4c123.o(.data) for SystemCoreClock
    uartconfig.o(.text) refers to memcpya.o(.text) for __aeabi_memcpy4
    uartconfig.o(.text) refers to gpio.o(.text) for gpioConfigDigitalEnable
    uartconfig.o(.text) refers to uart.o(.text) for InitializeUART
    uartconfig.o(.text) refers to uartconfig.o(.constdata) for .constdata
    uart.o(.text) refers to circular_buffer.o(.text) for cBufInit
    uart.o(.text) refers to uart.o(.bss) for U0_Tx_cBuf
    uart.o(.text) refers to boardutil.o(.text) for DisableInterrupts
    uart.o(.text) refers to errno.o(i.__aeabi_errno_addr) for __aeabi_errno_addr
    uart.o(.text) refers to stdout.o(.data) for __stdout
    uart.o(.text) refers to stdin.o(.data) for __stdin
    circular_buffer.o(.text) refers to malloc.o(i.malloc) for malloc
    entry.o(.ARM.Collect$$$$00000000) refers (Special) to entry10a.o(.ARM.Collect$$$$0000000D) for __rt_final_cpp
    entry.o(.ARM.Collect$$$$00000000) refers (Special) to entry11a.o(.ARM.Collect$$$$0000000F) for __rt_final_exit
    entry.o(.ARM.Collect$$$$00000000) refers (Special) to entry7b.o(.ARM.Collect$$$$00000008) for _main_clock
    entry.o(.ARM.Collect$$$$00000000) refers (Special) to entry8b.o(.ARM.Collect$$$$0000000A) for _main_cpp_init
    entry.o(.ARM.Collect$$$$00000000) refers (Special) to entry9a.o(.ARM.Collect$$$$0000000B) for _main_init
    entry.o(.ARM.Collect$$$$00000000) refers (Special) to entry5.o(.ARM.Collect$$$$00000004) for _main_scatterload
    entry.o(.ARM.Collect$$$$00000000) refers (Special) to entry2.o(.ARM.Collect$$$$00000001) for _main_stk
    printfb.o(i.__0fprintf$bare) refers to printfb.o(i._printf_core) for _printf_core
    printfb.o(i.__0fprintf$bare) refers to uart.o(.text) for fputc
    printfb.o(i.__0printf$bare) refers to printfb.o(i._printf_core) for _printf_core
    printfb.o(i.__0printf$bare) refers to uart.o(.text) for fputc
    printfb.o(i.__0printf$bare) refers to stdout.o(.data) for __stdout
    printfb.o(i.__0snprintf$bare) refers to printfb.o(i._printf_core) for _printf_core
    printfb.o(i.__0snprintf$bare) refers to printfb.o(i._snputc) for _snputc
    printfb.o(i.__0sprintf$bare) refers to printfb.o(i._printf_core) for _printf_core
    printfb.o(i.__0sprintf$bare) refers to printfb.o(i._sputc) for _sputc
    printfb.o(i.__0vfprintf$bare) refers to printfb.o(i._printf_core) for _printf_core
    printfb.o(i.__0vfprintf$bare) refers to uart.o(.text) for fputc
    printfb.o(i.__0vprintf$bare) refers to printfb.o(i._printf_core) for _printf_core
    printfb.o(i.__0vprintf$bare) refers to uart.o(.text) for fputc
    printfb.o(i.__0vprintf$bare) refers to stdout.o(.data) for __stdout
    printfb.o(i.__0vsnprintf$bare) refers to printfb.o(i._printf_core) for _printf_core
    printfb.o(i.__0vsnprintf$bare) refers to printfb.o(i._snputc) for _snputc
    printfb.o(i.__0vsprintf$bare) refers to printfb.o(i._printf_core) for _printf_core
    printfb.o(i.__0vsprintf$bare) refers to printfb.o(i._sputc) for _sputc
    printf0.o(i.__0fprintf$0) refers to printf0.o(i._printf_core) for _printf_core
    printf0.o(i.__0fprintf$0) refers to uart.o(.text) for fputc
    printf0.o(i.__0printf$0) refers to printf0.o(i._printf_core) for _printf_core
    printf0.o(i.__0printf$0) refers to uart.o(.text) for fputc
    printf0.o(i.__0printf$0) refers to stdout.o(.data) for __stdout
    printf0.o(i.__0snprintf$0) refers to printf0.o(i._printf_core) for _printf_core
    printf0.o(i.__0snprintf$0) refers to printf0.o(i._snputc) for _snputc
    printf0.o(i.__0sprintf$0) refers to printf0.o(i._printf_core) for _printf_core
    printf0.o(i.__0sprintf$0) refers to printf0.o(i._sputc) for _sputc
    printf0.o(i.__0vfprintf$0) refers to printf0.o(i._printf_core) for _printf_core
    printf0.o(i.__0vfprintf$0) refers to uart.o(.text) for fputc
    printf0.o(i.__0vprintf$0) refers to printf0.o(i._printf_core) for _printf_core
    printf0.o(i.__0vprintf$0) refers to uart.o(.text) for fputc
    printf0.o(i.__0vprintf$0) refers to stdout.o(.data) for __stdout
    printf0.o(i.__0vsnprintf$0) refers to printf0.o(i._printf_core) for _printf_core
    printf0.o(i.__0vsnprintf$0) refers to printf0.o(i._snputc) for _snputc
    printf0.o(i.__0vsprintf$0) refers to printf0.o(i._printf_core) for _printf_core
    printf0.o(i.__0vsprintf$0) refers to printf0.o(i._sputc) for _sputc
    printf1.o(i.__0fprintf$1) refers to printf1.o(i._printf_core) for _printf_core
    printf1.o(i.__0fprintf$1) refers to uart.o(.text) for fputc
    printf1.o(i.__0printf$1) refers to printf1.o(i._printf_core) for _printf_core
    printf1.o(i.__0printf$1) refers to uart.o(.text) for fputc
    printf1.o(i.__0printf$1) refers to stdout.o(.data) for __stdout
    printf1.o(i.__0snprintf$1) refers to printf1.o(i._printf_core) for _printf_core
    printf1.o(i.__0snprintf$1) refers to printf1.o(i._snputc) for _snputc
    printf1.o(i.__0sprintf$1) refers to printf1.o(i._printf_core) for _printf_core
    printf1.o(i.__0sprintf$1) refers to printf1.o(i._sputc) for _sputc
    printf1.o(i.__0vfprintf$1) refers to printf1.o(i._printf_core) for _printf_core
    printf1.o(i.__0vfprintf$1) refers to uart.o(.text) for fputc
    printf1.o(i.__0vprintf$1) refers to printf1.o(i._printf_core) for _printf_core
    printf1.o(i.__0vprintf$1) refers to uart.o(.text) for fputc
    printf1.o(i.__0vprintf$1) refers to stdout.o(.data) for __stdout
    printf1.o(i.__0vsnprintf$1) refers to printf1.o(i._printf_core) for _printf_core
    printf1.o(i.__0vsnprintf$1) refers to printf1.o(i._snputc) for _snputc
    printf1.o(i.__0vsprintf$1) refers to printf1.o(i._printf_core) for _printf_core
    printf1.o(i.__0vsprintf$1) refers to printf1.o(i._sputc) for _sputc
    printf1.o(i._printf_core) refers to uidiv.o(.text) for __aeabi_uidivmod
    printf2.o(i.__0fprintf$2) refers to printf2.o(i._printf_core) for _printf_core
    printf2.o(i.__0fprintf$2) refers to uart.o(.text) for fputc
    printf2.o(i.__0printf$2) refers to printf2.o(i._printf_core) for _printf_core
    printf2.o(i.__0printf$2) refers to uart.o(.text) for fputc
    printf2.o(i.__0printf$2) refers to stdout.o(.data) for __stdout
    printf2.o(i.__0snprintf$2) refers to printf2.o(i._printf_core) for _printf_core
    printf2.o(i.__0snprintf$2) refers to printf2.o(i._snputc) for _snputc
    printf2.o(i.__0sprintf$2) refers to printf2.o(i._printf_core) for _printf_core
    printf2.o(i.__0sprintf$2) refers to printf2.o(i._sputc) for _sputc
    printf2.o(i.__0vfprintf$2) refers to printf2.o(i._printf_core) for _printf_core
    printf2.o(i.__0vfprintf$2) refers to uart.o(.text) for fputc
    printf2.o(i.__0vprintf$2) refers to printf2.o(i._printf_core) for _printf_core
    printf2.o(i.__0vprintf$2) refers to uart.o(.text) for fputc
    printf2.o(i.__0vprintf$2) refers to stdout.o(.data) for __stdout
    printf2.o(i.__0vsnprintf$2) refers to printf2.o(i._printf_core) for _printf_core
    printf2.o(i.__0vsnprintf$2) refers to printf2.o(i._snputc) for _snputc
    printf2.o(i.__0vsprintf$2) refers to printf2.o(i._printf_core) for _printf_core
    printf2.o(i.__0vsprintf$2) refers to printf2.o(i._sputc) for _sputc
    printf3.o(i.__0fprintf$3) refers to printf3.o(i._printf_core) for _printf_core
    printf3.o(i.__0fprintf$3) refers to uart.o(.text) for fputc
    printf3.o(i.__0printf$3) refers to printf3.o(i._printf_core) for _printf_core
    printf3.o(i.__0printf$3) refers to uart.o(.text) for fputc
    printf3.o(i.__0printf$3) refers to stdout.o(.data) for __stdout
    printf3.o(i.__0snprintf$3) refers to printf3.o(i._printf_core) for _printf_core
    printf3.o(i.__0snprintf$3) refers to printf3.o(i._snputc) for _snputc
    printf3.o(i.__0sprintf$3) refers to printf3.o(i._printf_core) for _printf_core
    printf3.o(i.__0sprintf$3) refers to printf3.o(i._sputc) for _sputc
    printf3.o(i.__0vfprintf$3) refers to printf3.o(i._printf_core) for _printf_core
    printf3.o(i.__0vfprintf$3) refers to uart.o(.text) for fputc
    printf3.o(i.__0vprintf$3) refers to printf3.o(i._printf_core) for _printf_core
    printf3.o(i.__0vprintf$3) refers to uart.o(.text) for fputc
    printf3.o(i.__0vprintf$3) refers to stdout.o(.data) for __stdout
    printf3.o(i.__0vsnprintf$3) refers to printf3.o(i._printf_core) for _printf_core
    printf3.o(i.__0vsnprintf$3) refers to printf3.o(i._snputc) for _snputc
    printf3.o(i.__0vsprintf$3) refers to printf3.o(i._printf_core) for _printf_core
    printf3.o(i.__0vsprintf$3) refers to printf3.o(i._sputc) for _sputc
    printf3.o(i._printf_core) refers to uidiv.o(.text) for __aeabi_uidivmod
    printf4.o(i.__0fprintf$4) refers to printf4.o(i._printf_core) for _printf_core
    printf4.o(i.__0fprintf$4) refers to uart.o(.text) for fputc
    printf4.o(i.__0printf$4) refers to printf4.o(i._printf_core) for _printf_core
    printf4.o(i.__0printf$4) refers to uart.o(.text) for fputc
    printf4.o(i.__0printf$4) refers to stdout.o(.data) for __stdout
    printf4.o(i.__0snprintf$4) refers to printf4.o(i._printf_core) for _printf_core
    printf4.o(i.__0snprintf$4) refers to printf4.o(i._snputc) for _snputc
    printf4.o(i.__0sprintf$4) refers to printf4.o(i._printf_core) for _printf_core
    printf4.o(i.__0sprintf$4) refers to printf4.o(i._sputc) for _sputc
    printf4.o(i.__0vfprintf$4) refers to printf4.o(i._printf_core) for _printf_core
    printf4.o(i.__0vfprintf$4) refers to uart.o(.text) for fputc
    printf4.o(i.__0vprintf$4) refers to printf4.o(i._printf_core) for _printf_core
    printf4.o(i.__0vprintf$4) refers to uart.o(.text) for fputc
    printf4.o(i.__0vprintf$4) refers to stdout.o(.data) for __stdout
    printf4.o(i.__0vsnprintf$4) refers to printf4.o(i._printf_core) for _printf_core
    printf4.o(i.__0vsnprintf$4) refers to printf4.o(i._snputc) for _snputc
    printf4.o(i.__0vsprintf$4) refers to printf4.o(i._printf_core) for _printf_core
    printf4.o(i.__0vsprintf$4) refers to printf4.o(i._sputc) for _sputc
    printf4.o(i._printf_core) refers to uldiv.o(.text) for __aeabi_uldivmod
    printf5.o(i.__0fprintf$5) refers to printf5.o(i._printf_core) for _printf_core
    printf5.o(i.__0fprintf$5) refers to uart.o(.text) for fputc
    printf5.o(i.__0printf$5) refers to printf5.o(i._printf_core) for _printf_core
    printf5.o(i.__0printf$5) refers to uart.o(.text) for fputc
    printf5.o(i.__0printf$5) refers to stdout.o(.data) for __stdout
    printf5.o(i.__0snprintf$5) refers to printf5.o(i._printf_core) for _printf_core
    printf5.o(i.__0snprintf$5) refers to printf5.o(i._snputc) for _snputc
    printf5.o(i.__0sprintf$5) refers to printf5.o(i._printf_core) for _printf_core
    printf5.o(i.__0sprintf$5) refers to printf5.o(i._sputc) for _sputc
    printf5.o(i.__0vfprintf$5) refers to printf5.o(i._printf_core) for _printf_core
    printf5.o(i.__0vfprintf$5) refers to uart.o(.text) for fputc
    printf5.o(i.__0vprintf$5) refers to printf5.o(i._printf_core) for _printf_core
    printf5.o(i.__0vprintf$5) refers to uart.o(.text) for fputc
    printf5.o(i.__0vprintf$5) refers to stdout.o(.data) for __stdout
    printf5.o(i.__0vsnprintf$5) refers to printf5.o(i._printf_core) for _printf_core
    printf5.o(i.__0vsnprintf$5) refers to printf5.o(i._snputc) for _snputc
    printf5.o(i.__0vsprintf$5) refers to printf5.o(i._printf_core) for _printf_core
    printf5.o(i.__0vsprintf$5) refers to printf5.o(i._sputc) for _sputc
    printf5.o(i._printf_core) refers to uldiv.o(.text) for __aeabi_uldivmod
    printf6.o(i.__0fprintf$6) refers to printf6.o(i._printf_core) for _printf_core
    printf6.o(i.__0fprintf$6) refers to uart.o(.text) for fputc
    printf6.o(i.__0printf$6) refers to printf6.o(i._printf_core) for _printf_core
    printf6.o(i.__0printf$6) refers to uart.o(.text) for fputc
    printf6.o(i.__0printf$6) refers to stdout.o(.data) for __stdout
    printf6.o(i.__0snprintf$6) refers to printf6.o(i._printf_core) for _printf_core
    printf6.o(i.__0snprintf$6) refers to printf6.o(i._snputc) for _snputc
    printf6.o(i.__0sprintf$6) refers to printf6.o(i._printf_core) for _printf_core
    printf6.o(i.__0sprintf$6) refers to printf6.o(i._sputc) for _sputc
    printf6.o(i.__0vfprintf$6) refers to printf6.o(i._printf_core) for _printf_core
    printf6.o(i.__0vfprintf$6) refers to uart.o(.text) for fputc
    printf6.o(i.__0vprintf$6) refers to printf6.o(i._printf_core) for _printf_core
    printf6.o(i.__0vprintf$6) refers to uart.o(.text) for fputc
    printf6.o(i.__0vprintf$6) refers to stdout.o(.data) for __stdout
    printf6.o(i.__0vsnprintf$6) refers to printf6.o(i._printf_core) for _printf_core
    printf6.o(i.__0vsnprintf$6) refers to printf6.o(i._snputc) for _snputc
    printf6.o(i.__0vsprintf$6) refers to printf6.o(i._printf_core) for _printf_core
    printf6.o(i.__0vsprintf$6) refers to printf6.o(i._sputc) for _sputc
    printf6.o(i._printf_core) refers to printf6.o(i._printf_pre_padding) for _printf_pre_padding
    printf6.o(i._printf_core) refers to uidiv.o(.text) for __aeabi_uidivmod
    printf6.o(i._printf_core) refers to printf6.o(i._printf_post_padding) for _printf_post_padding
    printf7.o(i.__0fprintf$7) refers to printf7.o(i._printf_core) for _printf_core
    printf7.o(i.__0fprintf$7) refers to uart.o(.text) for fputc
    printf7.o(i.__0printf$7) refers to printf7.o(i._printf_core) for _printf_core
    printf7.o(i.__0printf$7) refers to uart.o(.text) for fputc
    printf7.o(i.__0printf$7) refers to stdout.o(.data) for __stdout
    printf7.o(i.__0snprintf$7) refers to printf7.o(i._printf_core) for _printf_core
    printf7.o(i.__0snprintf$7) refers to printf7.o(i._snputc) for _snputc
    printf7.o(i.__0sprintf$7) refers to printf7.o(i._printf_core) for _printf_core
    printf7.o(i.__0sprintf$7) refers to printf7.o(i._sputc) for _sputc
    printf7.o(i.__0vfprintf$7) refers to printf7.o(i._printf_core) for _printf_core
    printf7.o(i.__0vfprintf$7) refers to uart.o(.text) for fputc
    printf7.o(i.__0vprintf$7) refers to printf7.o(i._printf_core) for _printf_core
    printf7.o(i.__0vprintf$7) refers to uart.o(.text) for fputc
    printf7.o(i.__0vprintf$7) refers to stdout.o(.data) for __stdout
    printf7.o(i.__0vsnprintf$7) refers to printf7.o(i._printf_core) for _printf_core
    printf7.o(i.__0vsnprintf$7) refers to printf7.o(i._snputc) for _snputc
    printf7.o(i.__0vsprintf$7) refers to printf7.o(i._printf_core) for _printf_core
    printf7.o(i.__0vsprintf$7) refers to printf7.o(i._sputc) for _sputc
    printf7.o(i._printf_core) refers to printf7.o(i._printf_pre_padding) for _printf_pre_padding
    printf7.o(i._printf_core) refers to uldiv.o(.text) for __aeabi_uldivmod
    printf7.o(i._printf_core) refers to printf7.o(i._printf_post_padding) for _printf_post_padding
    printf8.o(i.__0fprintf$8) refers to printf8.o(i._printf_core) for _printf_core
    printf8.o(i.__0fprintf$8) refers to uart.o(.text) for fputc
    printf8.o(i.__0printf$8) refers to printf8.o(i._printf_core) for _printf_core
    printf8.o(i.__0printf$8) refers to uart.o(.text) for fputc
    printf8.o(i.__0printf$8) refers to stdout.o(.data) for __stdout
    printf8.o(i.__0snprintf$8) refers to printf8.o(i._printf_core) for _printf_core
    printf8.o(i.__0snprintf$8) refers to printf8.o(i._snputc) for _snputc
    printf8.o(i.__0sprintf$8) refers to printf8.o(i._printf_core) for _printf_core
    printf8.o(i.__0sprintf$8) refers to printf8.o(i._sputc) for _sputc
    printf8.o(i.__0vfprintf$8) refers to printf8.o(i._printf_core) for _printf_core
    printf8.o(i.__0vfprintf$8) refers to uart.o(.text) for fputc
    printf8.o(i.__0vprintf$8) refers to printf8.o(i._printf_core) for _printf_core
    printf8.o(i.__0vprintf$8) refers to uart.o(.text) for fputc
    printf8.o(i.__0vprintf$8) refers to stdout.o(.data) for __stdout
    printf8.o(i.__0vsnprintf$8) refers to printf8.o(i._printf_core) for _printf_core
    printf8.o(i.__0vsnprintf$8) refers to printf8.o(i._snputc) for _snputc
    printf8.o(i.__0vsprintf$8) refers to printf8.o(i._printf_core) for _printf_core
    printf8.o(i.__0vsprintf$8) refers to printf8.o(i._sputc) for _sputc
    printf8.o(i._printf_core) refers to printf8.o(i._printf_pre_padding) for _printf_pre_padding
    printf8.o(i._printf_core) refers to uldiv.o(.text) for __aeabi_uldivmod
    printf8.o(i._printf_core) refers to printf8.o(i._printf_post_padding) for _printf_post_padding
    printfa.o(i.__0fprintf) refers (Special) to iusefp.o(.text) for __I$use$fp
    printfa.o(i.__0fprintf) refers to printfa.o(i._printf_core) for _printf_core
    printfa.o(i.__0fprintf) refers to uart.o(.text) for fputc
    printfa.o(i.__0printf) refers (Special) to iusefp.o(.text) for __I$use$fp
    printfa.o(i.__0printf) refers to printfa.o(i._printf_core) for _printf_core
    printfa.o(i.__0printf) refers to uart.o(.text) for fputc
    printfa.o(i.__0printf) refers to stdout.o(.data) for __stdout
    printfa.o(i.__0snprintf) refers (Special) to iusefp.o(.text) for __I$use$fp
    printfa.o(i.__0snprintf) refers to printfa.o(i._printf_core) for _printf_core
    printfa.o(i.__0snprintf) refers to printfa.o(i._snputc) for _snputc
    printfa.o(i.__0sprintf) refers (Special) to iusefp.o(.text) for __I$use$fp
    printfa.o(i.__0sprintf) refers to printfa.o(i._printf_core) for _printf_core
    printfa.o(i.__0sprintf) refers to printfa.o(i._sputc) for _sputc
    printfa.o(i.__0vfprintf) refers (Special) to iusefp.o(.text) for __I$use$fp
    printfa.o(i.__0vfprintf) refers to printfa.o(i._printf_core) for _printf_core
    printfa.o(i.__0vfprintf) refers to uart.o(.text) for fputc
    printfa.o(i.__0vprintf) refers (Special) to iusefp.o(.text) for __I$use$fp
    printfa.o(i.__0vprintf) refers to printfa.o(i._printf_core) for _printf_core
    printfa.o(i.__0vprintf) refers to uart.o(.text) for fputc
    printfa.o(i.__0vprintf) refers to stdout.o(.data) for __stdout
    printfa.o(i.__0vsnprintf) refers (Special) to iusefp.o(.text) for __I$use$fp
    printfa.o(i.__0vsnprintf) refers to printfa.o(i._printf_core) for _printf_core
    printfa.o(i.__0vsnprintf) refers to printfa.o(i._snputc) for _snputc
    printfa.o(i.__0vsprintf) refers (Special) to iusefp.o(.text) for __I$use$fp
    printfa.o(i.__0vsprintf) refers to printfa.o(i._printf_core) for _printf_core
    printfa.o(i.__0vsprintf) refers to printfa.o(i._sputc) for _sputc
    printfa.o(i._fp_digits) refers (Special) to iusefp.o(.text) for __I$use$fp
    printfa.o(i._fp_digits) refers to dmul.o(.text) for __aeabi_dmul
    printfa.o(i._fp_digits) refers to ddiv.o(.text) for __aeabi_ddiv
    printfa.o(i._fp_digits) refers to cdrcmple.o(.text) for __aeabi_cdrcmple
    printfa.o(i._fp_digits) refers to dadd.o(.text) for __aeabi_dadd
    printfa.o(i._fp_digits) refers to dfixul.o(.text) for __aeabi_d2ulz
    printfa.o(i._fp_digits) refers to uldiv.o(.text) for __aeabi_uldivmod
    printfa.o(i._printf_core) refers (Special) to iusefp.o(.text) for __I$use$fp
    printfa.o(i._printf_core) refers to printfa.o(i._printf_pre_padding) for _printf_pre_padding
    printfa.o(i._printf_core) refers to uldiv.o(.text) for __aeabi_uldivmod
    printfa.o(i._printf_core) refers to printfa.o(i._printf_post_padding) for _printf_post_padding
    printfa.o(i._printf_core) refers to printfa.o(i._fp_digits) for _fp_digits
    printfa.o(i._printf_core) refers to uidiv.o(.text) for __aeabi_uidivmod
    printfa.o(i._printf_post_padding) refers (Special) to iusefp.o(.text) for __I$use$fp
    printfa.o(i._printf_pre_padding) refers (Special) to iusefp.o(.text) for __I$use$fp
    printfa.o(i._snputc) refers (Special) to iusefp.o(.text) for __I$use$fp
    printfa.o(i._sputc) refers (Special) to iusefp.o(.text) for __I$use$fp
    malloc.o(i.free) refers to mvars.o(.data) for __microlib_freelist
    malloc.o(i.malloc) refers to mvars.o(.data) for __microlib_freelist_initialised
    malloc.o(i.malloc) refers to mvars.o(.data) for __microlib_freelist
    malloc.o(i.malloc) refers to startup_tm4c123.o(HEAP) for __heap_base
    mallocr.o(i.__free$realloc) refers to mvars.o(.data) for __microlib_freelist
    mallocr.o(i.__malloc$realloc) refers to mallocr.o(i.internal_alloc) for internal_alloc
    mallocr.o(i.__malloc$realloc) refers to mvars.o(.data) for __microlib_freelist_initialised
    mallocr.o(i.__malloc$realloc) refers to startup_tm4c123.o(HEAP) for __heap_base
    mallocr.o(i.__malloc$realloc) refers to mvars.o(.data) for __microlib_freelist
    mallocr.o(i.internal_alloc) refers to memcpya.o(.text) for __aeabi_memcpy
    mallocr.o(i.internal_alloc) refers to mvars.o(.data) for __microlib_freelist
    mallocr.o(i.realloc) refers to mallocr.o(i.__free$realloc) for __free$realloc
    mallocr.o(i.realloc) refers to mallocr.o(i.internal_alloc) for internal_alloc
    mallocr.o(i.realloc) refers to mallocr.o(i.__malloc$realloc) for __malloc$realloc
    mallocr.o(i.realloc) refers to mvars.o(.data) for __microlib_freelist
    malloca.o(i.__aligned_malloc) refers to mvars.o(.data) for __microlib_freelist_initialised
    malloca.o(i.__aligned_malloc) refers to mvars.o(.data) for __microlib_freelist
    malloca.o(i.__aligned_malloc) refers to startup_tm4c123.o(HEAP) for __heap_base
    malloca.o(i.__free$memalign) refers to mvars.o(.data) for __microlib_freelist
    malloca.o(i.__malloc$memalign) refers to malloca.o(i.__aligned_malloc) for __aligned_malloc
    mallocra.o(i.__aligned_malloc$realloc) refers to mallocra.o(i.internal_alloc) for internal_alloc
    mallocra.o(i.__aligned_malloc$realloc) refers to mvars.o(.data) for __microlib_freelist_initialised
    mallocra.o(i.__aligned_malloc$realloc) refers to startup_tm4c123.o(HEAP) for __heap_base
    mallocra.o(i.__aligned_malloc$realloc) refers to mvars.o(.data) for __microlib_freelist
    mallocra.o(i.__free$realloc$memalign) refers to mvars.o(.data) for __microlib_freelist
    mallocra.o(i.__malloc$realloc$memalign) refers to mallocra.o(i.__aligned_malloc$realloc) for __aligned_malloc$realloc
    mallocra.o(i.__realloc$memalign) refers to mallocra.o(i.__free$realloc$memalign) for __free$realloc$memalign
    mallocra.o(i.__realloc$memalign) refers to mallocra.o(i.internal_alloc) for internal_alloc
    mallocra.o(i.__realloc$memalign) refers to mallocra.o(i.__malloc$realloc$memalign) for __malloc$realloc$memalign
    mallocra.o(i.__realloc$memalign) refers to mvars.o(.data) for __microlib_freelist
    mallocra.o(i.internal_alloc) refers to memcpya.o(.text) for __aeabi_memcpy
    mallocra.o(i.internal_alloc) refers to mvars.o(.data) for __microlib_freelist
    errno.o(i.__aeabi_errno_addr) refers to errno.o(.data) for .data
    errno.o(i.__read_errno) refers to errno.o(.data) for .data
    errno.o(i.__set_errno) refers to errno.o(.data) for .data
    dmul.o(.text) refers (Special) to iusefp.o(.text) for __I$use$fp
    dmul.o(.text) refers to depilogue.o(.text) for _double_epilogue
    dfltui.o(.text) refers (Special) to iusefp.o(.text) for __I$use$fp
    dfltui.o(.text) refers to depilogue.o(.text) for _double_epilogue
    dfixui.o(.text) refers (Special) to iusefp.o(.text) for __I$use$fp
    dfixui.o(.text) refers to llushr.o(.text) for __aeabi_llsr
    entry2.o(.ARM.Collect$$$$00000001) refers to entry2.o(.ARM.Collect$$$$00002712) for __lit__00000000
    entry2.o(.ARM.Collect$$$$00002712) refers to startup_tm4c123.o(STACK) for __initial_sp
    entry2.o(__vectab_stack_and_reset_area) refers to startup_tm4c123.o(STACK) for __initial_sp
    entry2.o(__vectab_stack_and_reset_area) refers to entry.o(.ARM.Collect$$$$00000000) for __main
    entry5.o(.ARM.Collect$$$$00000004) refers to init.o(.text) for __scatterload
    entry9a.o(.ARM.Collect$$$$0000000B) refers to main.o(.text) for main
    entry9b.o(.ARM.Collect$$$$0000000C) refers to main.o(.text) for main
    uldiv.o(.text) refers to llushr.o(.text) for __aeabi_llsr
    uldiv.o(.text) refers to llshl.o(.text) for __aeabi_llsl
    depilogue.o(.text) refers to llshl.o(.text) for __aeabi_llsl
    depilogue.o(.text) refers to llushr.o(.text) for __aeabi_llsr
    dadd.o(.text) refers to llshl.o(.text) for __aeabi_llsl
    dadd.o(.text) refers to llsshr.o(.text) for __aeabi_lasr
    dadd.o(.text) refers to depilogue.o(.text) for _double_epilogue
    ddiv.o(.text) refers to depilogue.o(.text) for _double_round
    dfixul.o(.text) refers to llushr.o(.text) for __aeabi_llsr
    dfixul.o(.text) refers to llshl.o(.text) for __aeabi_llsl
    init.o(.text) refers to entry5.o(.ARM.Collect$$$$00000004) for __main_after_scatterload


==============================================================================

Removing Unused input sections from the image.

    Removing main.o(.rev16_text), (4 bytes).
    Removing main.o(.revsh_text), (4 bytes).
    Removing boardutil.o(.rev16_text), (4 bytes).
    Removing boardutil.o(.revsh_text), (4 bytes).
    Removing interrupts.o(.rev16_text), (4 bytes).
    Removing interrupts.o(.revsh_text), (4 bytes).
    Removing gpioport.o(.rev16_text), (4 bytes).
    Removing gpioport.o(.revsh_text), (4 bytes).
    Removing adc.o(.rev16_text), (4 bytes).
    Removing adc.o(.revsh_text), (4 bytes).
    Removing timer0.o(.rev16_text), (4 bytes).
    Removing timer0.o(.revsh_text), (4 bytes).
    Removing system_tm4c123.o(.rev16_text), (4 bytes).
    Removing system_tm4c123.o(.revsh_text), (4 bytes).
    Removing uartconfig.o(.rev16_text), (4 bytes).
    Removing uartconfig.o(.revsh_text), (4 bytes).
    Removing uart.o(.rev16_text), (4 bytes).
    Removing uart.o(.revsh_text), (4 bytes).
    Removing gpio.o(.rev16_text), (4 bytes).
    Removing gpio.o(.revsh_text), (4 bytes).
    Removing dadd.o(.text), (334 bytes).
    Removing ddiv.o(.text), (222 bytes).
    Removing dfixul.o(.text), (48 bytes).
    Removing cdrcmple.o(.text), (40 bytes).

24 unused section(s) (total 724 bytes) removed from the image.

==============================================================================

Image Symbol Table

    Local Symbols

    Symbol Name                              Value     Ov Type        Size  Object(Section)

    RESET                                    0x00000000   Section      620  startup_tm4c123.o(RESET)
    ../clib/microlib/division.c              0x00000000   Number         0  uldiv.o ABSOLUTE
    ../clib/microlib/division.c              0x00000000   Number         0  uidiv.o ABSOLUTE
    ../clib/microlib/errno.c                 0x00000000   Number         0  errno.o ABSOLUTE
    ../clib/microlib/init/entry.s            0x00000000   Number         0  entry10b.o ABSOLUTE
    ../clib/microlib/init/entry.s            0x00000000   Number         0  entry10a.o ABSOLUTE
    ../clib/microlib/init/entry.s            0x00000000   Number         0  entry2.o ABSOLUTE
    ../clib/microlib/init/entry.s            0x00000000   Number         0  entry5.o ABSOLUTE
    ../clib/microlib/init/entry.s            0x00000000   Number         0  entry7a.o ABSOLUTE
    ../clib/microlib/init/entry.s            0x00000000   Number         0  entry7b.o ABSOLUTE
    ../clib/microlib/init/entry.s            0x00000000   Number         0  entry8a.o ABSOLUTE
    ../clib/microlib/init/entry.s            0x00000000   Number         0  entry8b.o ABSOLUTE
    ../clib/microlib/init/entry.s            0x00000000   Number         0  entry9a.o ABSOLUTE
    ../clib/microlib/init/entry.s            0x00000000   Number         0  entry11b.o ABSOLUTE
    ../clib/microlib/init/entry.s            0x00000000   Number         0  entry11a.o ABSOLUTE
    ../clib/microlib/init/entry.s            0x00000000   Number         0  entry9b.o ABSOLUTE
    ../clib/microlib/init/entry.s            0x00000000   Number         0  entry.o ABSOLUTE
    ../clib/microlib/longlong.c              0x00000000   Number         0  llsshr.o ABSOLUTE
    ../clib/microlib/longlong.c              0x00000000   Number         0  llshl.o ABSOLUTE
    ../clib/microlib/longlong.c              0x00000000   Number         0  llushr.o ABSOLUTE
    ../clib/microlib/malloc/malloc.c         0x00000000   Number         0  malloca.o ABSOLUTE
    ../clib/microlib/malloc/malloc.c         0x00000000   Number         0  mallocra.o ABSOLUTE
    ../clib/microlib/malloc/malloc.c         0x00000000   Number         0  malloc.o ABSOLUTE
    ../clib/microlib/malloc/malloc.c         0x00000000   Number         0  mallocr.o ABSOLUTE
    ../clib/microlib/malloc/mvars.c          0x00000000   Number         0  mvars.o ABSOLUTE
    ../clib/microlib/printf/printf.c         0x00000000   Number         0  printf5.o ABSOLUTE
    ../clib/microlib/printf/printf.c         0x00000000   Number         0  printfa.o ABSOLUTE
    ../clib/microlib/printf/printf.c         0x00000000   Number         0  printfb.o ABSOLUTE
    ../clib/microlib/printf/printf.c         0x00000000   Number         0  printf8.o ABSOLUTE
    ../clib/microlib/printf/printf.c         0x00000000   Number         0  printf7.o ABSOLUTE
    ../clib/microlib/printf/printf.c         0x00000000   Number         0  printf6.o ABSOLUTE
    ../clib/microlib/printf/printf.c         0x00000000   Number         0  printf3.o ABSOLUTE
    ../clib/microlib/printf/printf.c         0x00000000   Number         0  printf2.o ABSOLUTE
    ../clib/microlib/printf/printf.c         0x00000000   Number         0  printf1.o ABSOLUTE
    ../clib/microlib/printf/printf.c         0x00000000   Number         0  printf0.o ABSOLUTE
    ../clib/microlib/printf/printf.c         0x00000000   Number         0  printf4.o ABSOLUTE
    ../clib/microlib/printf/stubs.s          0x00000000   Number         0  stubs.o ABSOLUTE
    ../clib/microlib/stdio/streams.c         0x00000000   Number         0  stdout.o ABSOLUTE
    ../clib/microlib/stdio/streams.c         0x00000000   Number         0  stdin.o ABSOLUTE
    ../clib/microlib/string/memcpy.c         0x00000000   Number         0  memcpya.o ABSOLUTE
    ../clib/microlib/string/memcpy.c         0x00000000   Number         0  memcpyb.o ABSOLUTE
    ../clib/microlib/stubs.s                 0x00000000   Number         0  iusefp.o ABSOLUTE
    ../fplib/microlib/fpadd.c                0x00000000   Number         0  dadd.o ABSOLUTE
    ../fplib/microlib/fpdiv.c                0x00000000   Number         0  ddiv.o ABSOLUTE
    ../fplib/microlib/fpepilogue.c           0x00000000   Number         0  depilogue.o ABSOLUTE
    ../fplib/microlib/fpfix.c                0x00000000   Number         0  dfixul.o ABSOLUTE
    ../fplib/microlib/fpfix.c                0x00000000   Number         0  dfixui.o ABSOLUTE
    ../fplib/microlib/fpflt.c                0x00000000   Number         0  dfltui.o ABSOLUTE
    ../fplib/microlib/fpmul.c                0x00000000   Number         0  dmul.o ABSOLUTE
    ..\\drivers\\adc.c                       0x00000000   Number         0  adc.o ABSOLUTE
    ..\\drivers\\gpio.c                      0x00000000   Number         0  gpio.o ABSOLUTE
    ..\\drivers\\gpioPort.c                  0x00000000   Number         0  gpioport.o ABSOLUTE
    ..\\drivers\\timer0.c                    0x00000000   Number         0  timer0.o ABSOLUTE
    ..\\drivers\\uart.c                      0x00000000   Number         0  uart.o ABSOLUTE
    ..\drivers\adc.c                         0x00000000   Number         0  adc.o ABSOLUTE
    ..\drivers\circular_buffer.c             0x00000000   Number         0  circular_buffer.o ABSOLUTE
    ..\drivers\gpio.c                        0x00000000   Number         0  gpio.o ABSOLUTE
    ..\drivers\gpioPort.c                    0x00000000   Number         0  gpioport.o ABSOLUTE
    ..\drivers\timer0.c                      0x00000000   Number         0  timer0.o ABSOLUTE
    ..\drivers\uart.c                        0x00000000   Number         0  uart.o ABSOLUTE
    RTE\Device\TM4C123GH6PM\startup_TM4C123.s 0x00000000   Number         0  startup_tm4c123.o ABSOLUTE
    RTE\Device\TM4C123GH6PM\system_TM4C123.c 0x00000000   Number         0  system_tm4c123.o ABSOLUTE
    RTE\\Device\\TM4C123GH6PM\\system_TM4C123.c 0x00000000   Number         0  system_tm4c123.o ABSOLUTE
    boardUtil.c                              0x00000000   Number         0  boardutil.o ABSOLUTE
    boardUtil.c                              0x00000000   Number         0  boardutil.o ABSOLUTE
    cdrcmple.s                               0x00000000   Number         0  cdrcmple.o ABSOLUTE
    dc.s                                     0x00000000   Number         0  dc.o ABSOLUTE
    handlers.s                               0x00000000   Number         0  handlers.o ABSOLUTE
    init.s                                   0x00000000   Number         0  init.o ABSOLUTE
    interrupts.c                             0x00000000   Number         0  interrupts.o ABSOLUTE
    interrupts.c                             0x00000000   Number         0  interrupts.o ABSOLUTE
    main.c                                   0x00000000   Number         0  main.o ABSOLUTE
    main.c                                   0x00000000   Number         0  main.o ABSOLUTE
    uartConfig.c                             0x00000000   Number         0  uartconfig.o ABSOLUTE
    uartConfig.c                             0x00000000   Number         0  uartconfig.o ABSOLUTE
    .ARM.Collect$$$$00000000                 0x0000026c   Section        0  entry.o(.ARM.Collect$$$$00000000)
    .ARM.Collect$$$$00000001                 0x0000026c   Section        4  entry2.o(.ARM.Collect$$$$00000001)
    .ARM.Collect$$$$00000004                 0x00000270   Section        4  entry5.o(.ARM.Collect$$$$00000004)
    .ARM.Collect$$$$00000008                 0x00000274   Section        0  entry7b.o(.ARM.Collect$$$$00000008)
    .ARM.Collect$$$$0000000A                 0x00000274   Section        0  entry8b.o(.ARM.Collect$$$$0000000A)
    .ARM.Collect$$$$0000000B                 0x00000274   Section        8  entry9a.o(.ARM.Collect$$$$0000000B)
    .ARM.Collect$$$$0000000D                 0x0000027c   Section        0  entry10a.o(.ARM.Collect$$$$0000000D)
    .ARM.Collect$$$$0000000F                 0x0000027c   Section        0  entry11a.o(.ARM.Collect$$$$0000000F)
    .ARM.Collect$$$$00002712                 0x0000027c   Section        4  entry2.o(.ARM.Collect$$$$00002712)
    __lit__00000000                          0x0000027c   Data           4  entry2.o(.ARM.Collect$$$$00002712)
    .text                                    0x00000280   Section        0  main.o(.text)
    .text                                    0x000006d8   Section        0  boardutil.o(.text)
    .text                                    0x000006e0   Section        0  interrupts.o(.text)
    .text                                    0x00000728   Section        0  gpioport.o(.text)
    verifyBaseAddr                           0x00000729   Thumb Code    64  gpioport.o(.text)
    .text                                    0x00000930   Section        0  adc.o(.text)
    .text                                    0x000009cc   Section        0  timer0.o(.text)
    NVIC_SetPriority                         0x000009cd   Thumb Code    32  timer0.o(.text)
    NVIC_EnableIRQ                           0x00000aa7   Thumb Code    22  timer0.o(.text)
    .text                                    0x00000ad0   Section      252  startup_tm4c123.o(.text)
    $v0                                      0x00000ad0   Number         0  startup_tm4c123.o(.text)
    .text                                    0x00000bcc   Section        0  system_tm4c123.o(.text)
    getOscClk                                0x00000bcd   Thumb Code   182  system_tm4c123.o(.text)
    .text                                    0x00000e1c   Section        0  uartconfig.o(.text)
    .text                                    0x00000e74   Section        0  uart.o(.text)
    NVIC_SetPriority                         0x00000e75   Thumb Code    32  uart.o(.text)
    enableRCGCUART                           0x00000e95   Thumb Code   446  uart.o(.text)
    enableUartNVIC                           0x00001053   Thumb Code   108  uart.o(.text)
    enableUartPriority                       0x000010bf   Thumb Code   128  uart.o(.text)
    NVIC_EnableIRQ                           0x000013f9   Thumb Code    22  uart.o(.text)
    .text                                    0x00001424   Section        0  gpio.o(.text)
    NVIC_EnableIRQ                           0x000019cd   Thumb Code    22  gpio.o(.text)
    .text                                    0x000019e2   Section        0  circular_buffer.o(.text)
    .text                                    0x00001ab4   Section        0  memcpya.o(.text)
    .text                                    0x00001ad8   Section        0  dmul.o(.text)
    .text                                    0x00001bbc   Section        0  dfltui.o(.text)
    .text                                    0x00001bd6   Section        0  dfixui.o(.text)
    .text                                    0x00001c08   Section        0  llushr.o(.text)
    .text                                    0x00001c28   Section        0  iusefp.o(.text)
    .text                                    0x00001c28   Section        0  depilogue.o(.text)
    .text                                    0x00001ce0   Section       36  init.o(.text)
    .text                                    0x00001d04   Section        0  llshl.o(.text)
    i.__0printf$2                            0x00001d24   Section        0  printf2.o(i.__0printf$2)
    i.__aeabi_errno_addr                     0x00001d44   Section        0  errno.o(i.__aeabi_errno_addr)
    i.__scatterload_copy                     0x00001d4c   Section       14  handlers.o(i.__scatterload_copy)
    i.__scatterload_null                     0x00001d5a   Section        2  handlers.o(i.__scatterload_null)
    i.__scatterload_zeroinit                 0x00001d5c   Section       14  handlers.o(i.__scatterload_zeroinit)
    i._printf_core                           0x00001d6a   Section        0  printf2.o(i._printf_core)
    _printf_core                             0x00001d6b   Thumb Code   214  printf2.o(i._printf_core)
    i.malloc                                 0x00001e40   Section        0  malloc.o(i.malloc)
    .constdata                               0x00001eac   Section       28  uartconfig.o(.constdata)
    .data                                    0x20000000   Section       38  main.o(.data)
    .data                                    0x20000028   Section        4  system_tm4c123.o(.data)
    .data                                    0x2000002c   Section        4  stdin.o(.data)
    .data                                    0x20000030   Section        4  stdout.o(.data)
    .data                                    0x20000034   Section        4  errno.o(.data)
    _errno                                   0x20000034   Data           4  errno.o(.data)
    .data                                    0x20000038   Section        4  mvars.o(.data)
    .data                                    0x2000003c   Section        4  mvars.o(.data)
    .bss                                     0x20000040   Section       32  uart.o(.bss)
    HEAP                                     0x20000060   Section        0  startup_tm4c123.o(HEAP)
    STACK                                    0x20000060   Section     4096  startup_tm4c123.o(STACK)

    Global Symbols

    Symbol Name                              Value     Ov Type        Size  Object(Section)

    BuildAttributes$$THM_ISAv4$E$P$D$K$B$S$7EM$VFPi3$EXTD16$VFPS$VFMA$PE$A:L22UL41UL21$X:L11$S22US41US21$IEEE1$IW$USESV6$~STKCKD$USESV7$~SHL$OSPACE$ROPI$EBA8$MICROLIB$REQ8$PRES8$EABIv2 0x00000000   Number         0  anon$$obj.o ABSOLUTE
    __ARM_use_no_argv                        0x00000000   Number         0  main.o ABSOLUTE
    __Vectors                                0x00000000   Data           4  startup_tm4c123.o(RESET)
    _printf_a                                0x00000000   Number         0  stubs.o ABSOLUTE
    _printf_c                                0x00000000   Number         0  stubs.o ABSOLUTE
    _printf_charcount                        0x00000000   Number         0  stubs.o ABSOLUTE
    _printf_d                                0x00000000   Number         0  stubs.o ABSOLUTE
    _printf_e                                0x00000000   Number         0  stubs.o ABSOLUTE
    _printf_f                                0x00000000   Number         0  stubs.o ABSOLUTE
    _printf_flags                            0x00000000   Number         0  stubs.o ABSOLUTE
    _printf_fp_dec                           0x00000000   Number         0  stubs.o ABSOLUTE
    _printf_fp_hex                           0x00000000   Number         0  stubs.o ABSOLUTE
    _printf_g                                0x00000000   Number         0  stubs.o ABSOLUTE
    _printf_i                                0x00000000   Number         0  stubs.o ABSOLUTE
    _printf_int_dec                          0x00000000   Number         0  stubs.o ABSOLUTE
    _printf_l                                0x00000000   Number         0  stubs.o ABSOLUTE
    _printf_lc                               0x00000000   Number         0  stubs.o ABSOLUTE
    _printf_ll                               0x00000000   Number         0  stubs.o ABSOLUTE
    _printf_lld                              0x00000000   Number         0  stubs.o ABSOLUTE
    _printf_lli                              0x00000000   Number         0  stubs.o ABSOLUTE
    _printf_llo                              0x00000000   Number         0  stubs.o ABSOLUTE
    _printf_llu                              0x00000000   Number         0  stubs.o ABSOLUTE
    _printf_llx                              0x00000000   Number         0  stubs.o ABSOLUTE
    _printf_longlong_dec                     0x00000000   Number         0  stubs.o ABSOLUTE
    _printf_longlong_hex                     0x00000000   Number         0  stubs.o ABSOLUTE
    _printf_longlong_oct                     0x00000000   Number         0  stubs.o ABSOLUTE
    _printf_ls                               0x00000000   Number         0  stubs.o ABSOLUTE
    _printf_mbtowc                           0x00000000   Number         0  stubs.o ABSOLUTE
    _printf_n                                0x00000000   Number         0  stubs.o ABSOLUTE
    _printf_o                                0x00000000   Number         0  stubs.o ABSOLUTE
    _printf_p                                0x00000000   Number         0  stubs.o ABSOLUTE
    _printf_percent                          0x00000000   Number         0  stubs.o ABSOLUTE
    _printf_pre_padding                      0x00000000   Number         0  stubs.o ABSOLUTE
    _printf_return_value                     0x00000000   Number         0  stubs.o ABSOLUTE
    _printf_s                                0x00000000   Number         0  stubs.o ABSOLUTE
    _printf_sizespec                         0x00000000   Number         0  stubs.o ABSOLUTE
    _printf_str                              0x00000000   Number         0  stubs.o ABSOLUTE
    _printf_truncate_signed                  0x00000000   Number         0  stubs.o ABSOLUTE
    _printf_truncate_unsigned                0x00000000   Number         0  stubs.o ABSOLUTE
    _printf_u                                0x00000000   Number         0  stubs.o ABSOLUTE
    _printf_wc                               0x00000000   Number         0  stubs.o ABSOLUTE
    _printf_wctomb                           0x00000000   Number         0  stubs.o ABSOLUTE
    _printf_widthprec                        0x00000000   Number         0  stubs.o ABSOLUTE
    _printf_x                                0x00000000   Number         0  stubs.o ABSOLUTE
    __cpp_initialize__aeabi_                  - Undefined Weak Reference
    __cxa_finalize                            - Undefined Weak Reference
    __decompress                              - Undefined Weak Reference
    _clock_init                               - Undefined Weak Reference
    _microlib_exit                            - Undefined Weak Reference
    __Vectors_End                            0x0000026c   Data           0  startup_tm4c123.o(RESET)
    __Vectors_Size                           0x0000026c   Number         0  startup_tm4c123.o ABSOLUTE
    __main                                   0x0000026d   Thumb Code     0  entry.o(.ARM.Collect$$$$00000000)
    _main_stk                                0x0000026d   Thumb Code     0  entry2.o(.ARM.Collect$$$$00000001)
    _main_scatterload                        0x00000271   Thumb Code     0  entry5.o(.ARM.Collect$$$$00000004)
    __main_after_scatterload                 0x00000275   Thumb Code     0  entry5.o(.ARM.Collect$$$$00000004)
    _main_clock                              0x00000275   Thumb Code     0  entry7b.o(.ARM.Collect$$$$00000008)
    _main_cpp_init                           0x00000275   Thumb Code     0  entry8b.o(.ARM.Collect$$$$0000000A)
    _main_init                               0x00000275   Thumb Code     0  entry9a.o(.ARM.Collect$$$$0000000B)
    __rt_final_cpp                           0x0000027d   Thumb Code     0  entry10a.o(.ARM.Collect$$$$0000000D)
    __rt_final_exit                          0x0000027d   Thumb Code     0  entry11a.o(.ARM.Collect$$$$0000000F)
    main                                     0x00000281   Thumb Code   888  main.o(.text)
    DisableInterrupts                        0x000006d9   Thumb Code     4  boardutil.o(.text)
    EnableInterrupts                         0x000006dd   Thumb Code     4  boardutil.o(.text)
    SysTick_Handler                          0x000006e1   Thumb Code    14  interrupts.o(.text)
    TIMER0A_Handler                          0x000006ef   Thumb Code    20  interrupts.o(.text)
    TIMER0B_Handler                          0x00000703   Thumb Code    20  interrupts.o(.text)
    gpio_enable_port                         0x00000769   Thumb Code   156  gpioport.o(.text)
    gpio_config_digital_enable               0x00000805   Thumb Code    34  gpioport.o(.text)
    gpio_config_enable_output                0x00000827   Thumb Code    34  gpioport.o(.text)
    gpio_config_enable_input                 0x00000849   Thumb Code    34  gpioport.o(.text)
    gpio_config_enable_pullup                0x0000086b   Thumb Code    34  gpioport.o(.text)
    gpio_config_enable_pulldown              0x0000088d   Thumb Code    34  gpioport.o(.text)
    gpio_config_analog_enable                0x000008af   Thumb Code    34  gpioport.o(.text)
    gpio_config_alternate_function           0x000008d1   Thumb Code    34  gpioport.o(.text)
    gpio_config_port_control                 0x000008f3   Thumb Code    28  gpioport.o(.text)
    configure_adc0                           0x00000931   Thumb Code    60  adc.o(.text)
    get_adc_values                           0x0000096d   Thumb Code    82  adc.o(.text)
    configure_timer0                         0x000009ed   Thumb Code    66  timer0.o(.text)
    stop_timer0B                             0x00000a2f   Thumb Code    14  timer0.o(.text)
    start_timer0A                            0x00000a3d   Thumb Code    46  timer0.o(.text)
    stop_timer0A                             0x00000a6b   Thumb Code    14  timer0.o(.text)
    start_timer0B                            0x00000a79   Thumb Code    46  timer0.o(.text)
    Reset_Handler                            0x00000ad1   Thumb Code     8  startup_tm4c123.o(.text)
    NMI_Handler                              0x00000ad9   Thumb Code     2  startup_tm4c123.o(.text)
    HardFault_Handler                        0x00000adb   Thumb Code     2  startup_tm4c123.o(.text)
    MemManage_Handler                        0x00000add   Thumb Code     2  startup_tm4c123.o(.text)
    BusFault_Handler                         0x00000adf   Thumb Code     2  startup_tm4c123.o(.text)
    UsageFault_Handler                       0x00000ae1   Thumb Code     2  startup_tm4c123.o(.text)
    SVC_Handler                              0x00000ae3   Thumb Code     2  startup_tm4c123.o(.text)
    DebugMon_Handler                         0x00000ae5   Thumb Code     2  startup_tm4c123.o(.text)
    PendSV_Handler                           0x00000ae7   Thumb Code     2  startup_tm4c123.o(.text)
    GPIOA_Handler                            0x00000aeb   Thumb Code     2  startup_tm4c123.o(.text)
    GPIOB_Handler                            0x00000aed   Thumb Code     2  startup_tm4c123.o(.text)
    GPIOC_Handler                            0x00000aef   Thumb Code     2  startup_tm4c123.o(.text)
    GPIOD_Handler                            0x00000af1   Thumb Code     2  startup_tm4c123.o(.text)
    GPIOE_Handler                            0x00000af3   Thumb Code     2  startup_tm4c123.o(.text)
    UART1_Handler                            0x00000af7   Thumb Code     2  startup_tm4c123.o(.text)
    SSI0_Handler                             0x00000af9   Thumb Code     2  startup_tm4c123.o(.text)
    I2C0_Handler                             0x00000afb   Thumb Code     2  startup_tm4c123.o(.text)
    PMW0_FAULT_Handler                       0x00000afd   Thumb Code     2  startup_tm4c123.o(.text)
    PWM0_0_Handler                           0x00000aff   Thumb Code     2  startup_tm4c123.o(.text)
    PWM0_1_Handler                           0x00000b01   Thumb Code     2  startup_tm4c123.o(.text)
    PWM0_2_Handler                           0x00000b03   Thumb Code     2  startup_tm4c123.o(.text)
    QEI0_Handler                             0x00000b05   Thumb Code     2  startup_tm4c123.o(.text)
    ADC0SS0_Handler                          0x00000b07   Thumb Code     2  startup_tm4c123.o(.text)
    ADC0SS1_Handler                          0x00000b09   Thumb Code     2  startup_tm4c123.o(.text)
    ADC0SS2_Handler                          0x00000b0b   Thumb Code     2  startup_tm4c123.o(.text)
    ADC0SS3_Handler                          0x00000b0d   Thumb Code     2  startup_tm4c123.o(.text)
    WDT0_Handler                             0x00000b0f   Thumb Code     2  startup_tm4c123.o(.text)
    TIMER1A_Handler                          0x00000b15   Thumb Code     2  startup_tm4c123.o(.text)
    TIMER1B_Handler                          0x00000b17   Thumb Code     2  startup_tm4c123.o(.text)
    TIMER2A_Handler                          0x00000b19   Thumb Code     2  startup_tm4c123.o(.text)
    TIMER2B_Handler                          0x00000b1b   Thumb Code     2  startup_tm4c123.o(.text)
    COMP0_Handler                            0x00000b1d   Thumb Code     2  startup_tm4c123.o(.text)
    COMP1_Handler                            0x00000b1f   Thumb Code     2  startup_tm4c123.o(.text)
    COMP2_Handler                            0x00000b21   Thumb Code     2  startup_tm4c123.o(.text)
    SYSCTL_Handler                           0x00000b23   Thumb Code     2  startup_tm4c123.o(.text)
    FLASH_Handler                            0x00000b25   Thumb Code     2  startup_tm4c123.o(.text)
    GPIOF_Handler                            0x00000b27   Thumb Code     2  startup_tm4c123.o(.text)
    GPIOG_Handler                            0x00000b29   Thumb Code     2  startup_tm4c123.o(.text)
    GPIOH_Handler                            0x00000b2b   Thumb Code     2  startup_tm4c123.o(.text)
    UART2_Handler                            0x00000b2d   Thumb Code     2  startup_tm4c123.o(.text)
    SSI1_Handler                             0x00000b2f   Thumb Code     2  startup_tm4c123.o(.text)
    TIMER3A_Handler                          0x00000b31   Thumb Code     2  startup_tm4c123.o(.text)
    TIMER3B_Handler                          0x00000b33   Thumb Code     2  startup_tm4c123.o(.text)
    I2C1_Handler                             0x00000b35   Thumb Code     2  startup_tm4c123.o(.text)
    QEI1_Handler                             0x00000b37   Thumb Code     2  startup_tm4c123.o(.text)
    CAN0_Handler                             0x00000b39   Thumb Code     2  startup_tm4c123.o(.text)
    CAN1_Handler                             0x00000b3b   Thumb Code     2  startup_tm4c123.o(.text)
    CAN2_Handler                             0x00000b3d   Thumb Code     2  startup_tm4c123.o(.text)
    HIB_Handler                              0x00000b3f   Thumb Code     2  startup_tm4c123.o(.text)
    USB0_Handler                             0x00000b41   Thumb Code     2  startup_tm4c123.o(.text)
    PWM0_3_Handler                           0x00000b43   Thumb Code     2  startup_tm4c123.o(.text)
    UDMA_Handler                             0x00000b45   Thumb Code     2  startup_tm4c123.o(.text)
    UDMAERR_Handler                          0x00000b47   Thumb Code     2  startup_tm4c123.o(.text)
    ADC1SS0_Handler                          0x00000b49   Thumb Code     2  startup_tm4c123.o(.text)
    ADC1SS1_Handler                          0x00000b4b   Thumb Code     2  startup_tm4c123.o(.text)
    ADC1SS2_Handler                          0x00000b4d   Thumb Code     2  startup_tm4c123.o(.text)
    ADC1SS3_Handler                          0x00000b4f   Thumb Code     2  startup_tm4c123.o(.text)
    GPIOJ_Handler                            0x00000b51   Thumb Code     2  startup_tm4c123.o(.text)
    GPIOK_Handler                            0x00000b53   Thumb Code     2  startup_tm4c123.o(.text)
    GPIOL_Handler                            0x00000b55   Thumb Code     2  startup_tm4c123.o(.text)
    SSI2_Handler                             0x00000b57   Thumb Code     2  startup_tm4c123.o(.text)
    SSI3_Handler                             0x00000b59   Thumb Code     2  startup_tm4c123.o(.text)
    UART3_Handler                            0x00000b5b   Thumb Code     2  startup_tm4c123.o(.text)
    UART4_Handler                            0x00000b5d   Thumb Code     2  startup_tm4c123.o(.text)
    UART5_Handler                            0x00000b5f   Thumb Code     2  startup_tm4c123.o(.text)
    UART6_Handler                            0x00000b61   Thumb Code     2  startup_tm4c123.o(.text)
    UART7_Handler                            0x00000b63   Thumb Code     2  startup_tm4c123.o(.text)
    I2C2_Handler                             0x00000b65   Thumb Code     2  startup_tm4c123.o(.text)
    I2C3_Handler                             0x00000b67   Thumb Code     2  startup_tm4c123.o(.text)
    TIMER4A_Handler                          0x00000b69   Thumb Code     2  startup_tm4c123.o(.text)
    TIMER4B_Handler                          0x00000b6b   Thumb Code     2  startup_tm4c123.o(.text)
    TIMER5A_Handler                          0x00000b6d   Thumb Code     2  startup_tm4c123.o(.text)
    TIMER5B_Handler                          0x00000b6f   Thumb Code     2  startup_tm4c123.o(.text)
    WTIMER0A_Handler                         0x00000b71   Thumb Code     2  startup_tm4c123.o(.text)
    WTIMER0B_Handler                         0x00000b73   Thumb Code     2  startup_tm4c123.o(.text)
    WTIMER1A_Handler                         0x00000b75   Thumb Code     2  startup_tm4c123.o(.text)
    WTIMER1B_Handler                         0x00000b77   Thumb Code     2  startup_tm4c123.o(.text)
    WTIMER2A_Handler                         0x00000b79   Thumb Code     2  startup_tm4c123.o(.text)
    WTIMER2B_Handler                         0x00000b7b   Thumb Code     2  startup_tm4c123.o(.text)
    WTIMER3A_Handler                         0x00000b7d   Thumb Code     2  startup_tm4c123.o(.text)
    WTIMER3B_Handler                         0x00000b7f   Thumb Code     2  startup_tm4c123.o(.text)
    WTIMER4A_Handler                         0x00000b81   Thumb Code     2  startup_tm4c123.o(.text)
    WTIMER4B_Handler                         0x00000b83   Thumb Code     2  startup_tm4c123.o(.text)
    WTIMER5A_Handler                         0x00000b85   Thumb Code     2  startup_tm4c123.o(.text)
    WTIMER5B_Handler                         0x00000b87   Thumb Code     2  startup_tm4c123.o(.text)
    FPU_Handler                              0x00000b89   Thumb Code     2  startup_tm4c123.o(.text)
    I2C4_Handler                             0x00000b8b   Thumb Code     2  startup_tm4c123.o(.text)
    I2C5_Handler                             0x00000b8d   Thumb Code     2  startup_tm4c123.o(.text)
    GPIOM_Handler                            0x00000b8f   Thumb Code     2  startup_tm4c123.o(.text)
    GPION_Handler                            0x00000b91   Thumb Code     2  startup_tm4c123.o(.text)
    QEI2_Handler                             0x00000b93   Thumb Code     2  startup_tm4c123.o(.text)
    GPIOP0_Handler                           0x00000b95   Thumb Code     2  startup_tm4c123.o(.text)
    GPIOP1_Handler                           0x00000b97   Thumb Code     2  startup_tm4c123.o(.text)
    GPIOP2_Handler                           0x00000b99   Thumb Code     2  startup_tm4c123.o(.text)
    GPIOP3_Handler                           0x00000b9b   Thumb Code     2  startup_tm4c123.o(.text)
    GPIOP4_Handler                           0x00000b9d   Thumb Code     2  startup_tm4c123.o(.text)
    GPIOP5_Handler                           0x00000b9f   Thumb Code     2  startup_tm4c123.o(.text)
    GPIOP6_Handler                           0x00000ba1   Thumb Code     2  startup_tm4c123.o(.text)
    GPIOP7_Handler                           0x00000ba3   Thumb Code     2  startup_tm4c123.o(.text)
    GPIOQ0_Handler                           0x00000ba5   Thumb Code     2  startup_tm4c123.o(.text)
    GPIOQ1_Handler                           0x00000ba7   Thumb Code     2  startup_tm4c123.o(.text)
    GPIOQ2_Handler                           0x00000ba9   Thumb Code     2  startup_tm4c123.o(.text)
    GPIOQ3_Handler                           0x00000bab   Thumb Code     2  startup_tm4c123.o(.text)
    GPIOQ4_Handler                           0x00000bad   Thumb Code     2  startup_tm4c123.o(.text)
    GPIOQ5_Handler                           0x00000baf   Thumb Code     2  startup_tm4c123.o(.text)
    GPIOQ6_Handler                           0x00000bb1   Thumb Code     2  startup_tm4c123.o(.text)
    GPIOQ7_Handler                           0x00000bb3   Thumb Code     2  startup_tm4c123.o(.text)
    GPIOR_Handler                            0x00000bb5   Thumb Code     2  startup_tm4c123.o(.text)
    GPIOS_Handler                            0x00000bb7   Thumb Code     2  startup_tm4c123.o(.text)
    PMW1_0_Handler                           0x00000bb9   Thumb Code     2  startup_tm4c123.o(.text)
    PWM1_1_Handler                           0x00000bbb   Thumb Code     2  startup_tm4c123.o(.text)
    PWM1_2_Handler                           0x00000bbd   Thumb Code     2  startup_tm4c123.o(.text)
    PWM1_3_Handler                           0x00000bbf   Thumb Code     2  startup_tm4c123.o(.text)
    PWM1_FAULT_Handler                       0x00000bc1   Thumb Code     2  startup_tm4c123.o(.text)
    SystemCoreClockUpdate                    0x00000c83   Thumb Code   184  system_tm4c123.o(.text)
    SystemInit                               0x00000d3b   Thumb Code   112  system_tm4c123.o(.text)
    serialDebugInit                          0x00000e1d   Thumb Code    84  uartconfig.o(.text)
    InitializeUART                           0x0000113f   Thumb Code   256  uart.o(.text)
    uartRxPoll                               0x0000123f   Thumb Code    90  uart.o(.text)
    uartTxPoll                               0x00001299   Thumb Code    32  uart.o(.text)
    uartRx                                   0x000012b9   Thumb Code    34  uart.o(.text)
    uartTx                                   0x000012db   Thumb Code    66  uart.o(.text)
    uartHandler                              0x0000131d   Thumb Code   114  uart.o(.text)
    UART0_Handler                            0x0000138f   Thumb Code    14  uart.o(.text)
    fputc                                    0x0000139d   Thumb Code    44  uart.o(.text)
    fgetc                                    0x000013c9   Thumb Code    48  uart.o(.text)
    gpioCheckBase                            0x00001425   Thumb Code    76  gpio.o(.text)
    gpioCheckClock                           0x00001471   Thumb Code   182  gpio.o(.text)
    gpioEnablePort                           0x00001527   Thumb Code   260  gpio.o(.text)
    enableGPIONVIC                           0x0000162b   Thumb Code   114  gpio.o(.text)
    initializeGPIOPort                       0x0000169d   Thumb Code   134  gpio.o(.text)
    validatePortIsOn                         0x00001723   Thumb Code    44  gpio.o(.text)
    gpioConfigPinAsInput                     0x0000174f   Thumb Code    38  gpio.o(.text)
    gpioConfigPinAsOutput                    0x00001775   Thumb Code    38  gpio.o(.text)
    gpioConfigPullUpEnable                   0x0000179b   Thumb Code    38  gpio.o(.text)
    gpioConfigPullDownEnable                 0x000017c1   Thumb Code    38  gpio.o(.text)
    gpioConfigOpenDrainEnable                0x000017e7   Thumb Code    66  gpio.o(.text)
    gpioConfigDigitalEnable                  0x00001829   Thumb Code    48  gpio.o(.text)
    gpioConfigAnalogEnable                   0x00001859   Thumb Code    48  gpio.o(.text)
    gpioConfigAltFunction                    0x00001889   Thumb Code    38  gpio.o(.text)
    gpioConfigPortConfig                     0x000018af   Thumb Code    38  gpio.o(.text)
    gpioConfigInterruptBothEdges             0x000018d5   Thumb Code    70  gpio.o(.text)
    gpioConfigInterruptRisingEdges           0x0000191b   Thumb Code    70  gpio.o(.text)
    gpioConfigInterruptFallingEdges          0x00001961   Thumb Code    70  gpio.o(.text)
    gpioDisableInterrupt                     0x000019a7   Thumb Code    38  gpio.o(.text)
    cBufInit                                 0x000019e3   Thumb Code    44  circular_buffer.o(.text)
    cBufAddChar                              0x00001a0f   Thumb Code    84  circular_buffer.o(.text)
    cBufGetChar                              0x00001a63   Thumb Code    64  circular_buffer.o(.text)
    cBufGetFreeCount                         0x00001aa3   Thumb Code    18  circular_buffer.o(.text)
    __aeabi_memcpy                           0x00001ab5   Thumb Code    36  memcpya.o(.text)
    __aeabi_memcpy4                          0x00001ab5   Thumb Code     0  memcpya.o(.text)
    __aeabi_memcpy8                          0x00001ab5   Thumb Code     0  memcpya.o(.text)
    __aeabi_dmul                             0x00001ad9   Thumb Code   228  dmul.o(.text)
    __aeabi_ui2d                             0x00001bbd   Thumb Code    26  dfltui.o(.text)
    __aeabi_d2uiz                            0x00001bd7   Thumb Code    50  dfixui.o(.text)
    __aeabi_llsr                             0x00001c09   Thumb Code    32  llushr.o(.text)
    _ll_ushift_r                             0x00001c09   Thumb Code     0  llushr.o(.text)
    __I$use$fp                               0x00001c29   Thumb Code     0  iusefp.o(.text)
    _double_round                            0x00001c29   Thumb Code    26  depilogue.o(.text)
    _double_epilogue                         0x00001c43   Thumb Code   156  depilogue.o(.text)
    __scatterload                            0x00001ce1   Thumb Code    28  init.o(.text)
    __scatterload_rt2                        0x00001ce1   Thumb Code     0  init.o(.text)
    __aeabi_llsl                             0x00001d05   Thumb Code    30  llshl.o(.text)
    _ll_shift_l                              0x00001d05   Thumb Code     0  llshl.o(.text)
    __0printf$2                              0x00001d25   Thumb Code    22  printf2.o(i.__0printf$2)
    __1printf$2                              0x00001d25   Thumb Code     0  printf2.o(i.__0printf$2)
    __2printf                                0x00001d25   Thumb Code     0  printf2.o(i.__0printf$2)
    __aeabi_errno_addr                       0x00001d45   Thumb Code     4  errno.o(i.__aeabi_errno_addr)
    __rt_errno_addr                          0x00001d45   Thumb Code     0  errno.o(i.__aeabi_errno_addr)
    __scatterload_copy                       0x00001d4d   Thumb Code    14  handlers.o(i.__scatterload_copy)
    __scatterload_null                       0x00001d5b   Thumb Code     2  handlers.o(i.__scatterload_null)
    __scatterload_zeroinit                   0x00001d5d   Thumb Code    14  handlers.o(i.__scatterload_zeroinit)
    malloc                                   0x00001e41   Thumb Code    92  malloc.o(i.malloc)
    Region$$Table$$Base                      0x00001ec8   Number         0  anon$$obj.o(Region$$Table)
    Region$$Table$$Limit                     0x00001ee8   Number         0  anon$$obj.o(Region$$Table)
    Alert_1ms                                0x20000000   Data           1  main.o(.data)
    Alert_Timer0A                            0x20000001   Data           1  main.o(.data)
    Alert_Timer0B                            0x20000002   Data           1  main.o(.data)
    teamNumber                               0x20000003   Data           3  main.o(.data)
    person1                                  0x20000006   Data          16  main.o(.data)
    person2                                  0x20000016   Data          16  main.o(.data)
    SystemCoreClock                          0x20000028   Data           4  system_tm4c123.o(.data)
    __stdin                                  0x2000002c   Data           4  stdin.o(.data)
    __stdout                                 0x20000030   Data           4  stdout.o(.data)
    __microlib_freelist                      0x20000038   Data           4  mvars.o(.data)
    __microlib_freelist_initialised          0x2000003c   Data           4  mvars.o(.data)
    U0_Tx_cBuf                               0x20000040   Data          16  uart.o(.bss)
    U0_Rx_cBuf                               0x20000050   Data          16  uart.o(.bss)
    __heap_base                              0x20000060   Data           0  startup_tm4c123.o(HEAP)
    __heap_limit                             0x20000060   Data           0  startup_tm4c123.o(HEAP)
    __initial_sp                             0x20001060   Data           0  startup_tm4c123.o(STACK)



==============================================================================

Memory Map of the image

  Image Entry point : 0x00000ad1

  Load Region LR_1 (Base: 0x00000000, Size: 0x00001f28, Max: 0xffffffff, ABSOLUTE)

    Execution Region ER_RO (Base: 0x00000000, Size: 0x00001ee8, Max: 0xffffffff, ABSOLUTE)

    Base Addr    Size         Type   Attr      Idx    E Section Name        Object

    0x00000000   0x0000026c   Data   RO          195    RESET               startup_tm4c123.o
    0x0000026c   0x00000000   Code   RO          379  * .ARM.Collect$$$$00000000  mc_w.l(entry.o)
    0x0000026c   0x00000004   Code   RO          690    .ARM.Collect$$$$00000001  mc_w.l(entry2.o)
    0x00000270   0x00000004   Code   RO          693    .ARM.Collect$$$$00000004  mc_w.l(entry5.o)
    0x00000274   0x00000000   Code   RO          695    .ARM.Collect$$$$00000008  mc_w.l(entry7b.o)
    0x00000274   0x00000000   Code   RO          697    .ARM.Collect$$$$0000000A  mc_w.l(entry8b.o)
    0x00000274   0x00000008   Code   RO          698    .ARM.Collect$$$$0000000B  mc_w.l(entry9a.o)
    0x0000027c   0x00000000   Code   RO          700    .ARM.Collect$$$$0000000D  mc_w.l(entry10a.o)
    0x0000027c   0x00000000   Code   RO          702    .ARM.Collect$$$$0000000F  mc_w.l(entry11a.o)
    0x0000027c   0x00000004   Code   RO          691    .ARM.Collect$$$$00002712  mc_w.l(entry2.o)
    0x00000280   0x00000458   Code   RO            3    .text               main.o
    0x000006d8   0x00000008   Code   RO           80    .text               boardutil.o
    0x000006e0   0x00000048   Code   RO          104    .text               interrupts.o
    0x00000728   0x00000208   Code   RO          128    .text               gpioport.o
    0x00000930   0x0000009c   Code   RO          148    .text               adc.o
    0x000009cc   0x00000104   Code   RO          171    .text               timer0.o
    0x00000ad0   0x000000fc   Code   RO          196  * .text               startup_tm4c123.o
    0x00000bcc   0x00000250   Code   RO          202    .text               system_tm4c123.o
    0x00000e1c   0x00000058   Code   RO          228    .text               ece353_uart.lib(uartconfig.o)
    0x00000e74   0x000005b0   Code   RO          300    .text               ece353_uart.lib(uart.o)
    0x00001424   0x000005be   Code   RO          336    .text               ece353_uart.lib(gpio.o)
    0x000019e2   0x000000d2   Code   RO          364    .text               ece353_uart.lib(circular_buffer.o)
    0x00001ab4   0x00000024   Code   RO          384    .text               mc_w.l(memcpya.o)
    0x00001ad8   0x000000e4   Code   RO          684    .text               mf_w.l(dmul.o)
    0x00001bbc   0x0000001a   Code   RO          686    .text               mf_w.l(dfltui.o)
    0x00001bd6   0x00000032   Code   RO          688    .text               mf_w.l(dfixui.o)
    0x00001c08   0x00000020   Code   RO          708    .text               mc_w.l(llushr.o)
    0x00001c28   0x00000000   Code   RO          712    .text               mc_w.l(iusefp.o)
    0x00001c28   0x000000b6   Code   RO          713    .text               mf_w.l(depilogue.o)
    0x00001cde   0x00000002   PAD
    0x00001ce0   0x00000024   Code   RO          723    .text               mc_w.l(init.o)
    0x00001d04   0x0000001e   Code   RO          725    .text               mc_w.l(llshl.o)
    0x00001d22   0x00000002   PAD
    0x00001d24   0x00000020   Code   RO          455    i.__0printf$2       mc_w.l(printf2.o)
    0x00001d44   0x00000008   Code   RO          677    i.__aeabi_errno_addr  mc_w.l(errno.o)
    0x00001d4c   0x0000000e   Code   RO          731    i.__scatterload_copy  mc_w.l(handlers.o)
    0x00001d5a   0x00000002   Code   RO          732    i.__scatterload_null  mc_w.l(handlers.o)
    0x00001d5c   0x0000000e   Code   RO          733    i.__scatterload_zeroinit  mc_w.l(handlers.o)
    0x00001d6a   0x000000d6   Code   RO          462    i._printf_core      mc_w.l(printf2.o)
    0x00001e40   0x0000006c   Code   RO          650    i.malloc            mc_w.l(malloc.o)
    0x00001eac   0x0000001c   Data   RO          229    .constdata          ece353_uart.lib(uartconfig.o)
    0x00001ec8   0x00000020   Data   RO          729    Region$$Table       anon$$obj.o


    Execution Region ER_RW (Base: 0x20000000, Size: 0x00000040, Max: 0xffffffff, ABSOLUTE)

    Base Addr    Size         Type   Attr      Idx    E Section Name        Object

    0x20000000   0x00000026   Data   RW            4    .data               main.o
    0x20000026   0x00000002   PAD
    0x20000028   0x00000004   Data   RW          203    .data               system_tm4c123.o
    0x2000002c   0x00000004   Data   RW          382    .data               mc_w.l(stdin.o)
    0x20000030   0x00000004   Data   RW          383    .data               mc_w.l(stdout.o)
    0x20000034   0x00000004   Data   RW          680    .data               mc_w.l(errno.o)
    0x20000038   0x00000004   Data   RW          710    .data               mc_w.l(mvars.o)
    0x2000003c   0x00000004   Data   RW          711    .data               mc_w.l(mvars.o)


    Execution Region ER_ZI (Base: 0x20000040, Size: 0x00001020, Max: 0xffffffff, ABSOLUTE)

    Base Addr    Size         Type   Attr      Idx    E Section Name        Object

    0x20000040   0x00000020   Zero   RW          301    .bss                ece353_uart.lib(uart.o)
    0x20000060   0x00000000   Zero   RW          194    HEAP                startup_tm4c123.o
    0x20000060   0x00001000   Zero   RW          193    STACK               startup_tm4c123.o


==============================================================================

Image component sizes


      Code (inc. data)   RO Data    RW Data    ZI Data      Debug   Object Name

       156         14          0          0          0       1228   adc.o
         8          0          0          0          0        533   boardutil.o
       520         34          0          0          0       3917   gpioport.o
        72         18          0          0          0        762   interrupts.o
      1112        224          0         38          0      55861   main.o
       252         10        620          0       4096       5424   startup_tm4c123.o
       592        138          0          4          0       1505   system_tm4c123.o
       260         20          0          0          0      27964   timer0.o

    ----------------------------------------------------------------------
      2972        458        652         44       4096      97194   Object Totals
         0          0         32          0          0          0   (incl. Generated)
         0          0          0          2          0          0   (incl. Padding)

    ----------------------------------------------------------------------

      Code (inc. data)   RO Data    RW Data    ZI Data      Debug   Library Member Name

       210          0          0          0          0       2712   circular_buffer.o
      1470         28          0          0          0      40500   gpio.o
      1456         80          0          0         32      36930   uart.o
        88          4         28          0          0      32098   uartconfig.o
         0          0          0          0          0          0   entry.o
         0          0          0          0          0          0   entry10a.o
         0          0          0          0          0          0   entry11a.o
         8          4          0          0          0          0   entry2.o
         4          0          0          0          0          0   entry5.o
         0          0          0          0          0          0   entry7b.o
         0          0          0          0          0          0   entry8b.o
         8          4          0          0          0          0   entry9a.o
         8          4          0          4          0         68   errno.o
        30          0          0          0          0          0   handlers.o
        36          8          0          0          0         68   init.o
         0          0          0          0          0          0   iusefp.o
        30          0          0          0          0         68   llshl.o
        32          0          0          0          0         68   llushr.o
       108         16          0          0          0         84   malloc.o
        36          0          0          0          0         68   memcpya.o
         0          0          0          8          0          0   mvars.o
       246         10          0          0          0        176   printf2.o
         0          0          0          4          0          0   stdin.o
         0          0          0          4          0          0   stdout.o
       182          0          0          0          0        176   depilogue.o
        50          0          0          0          0         76   dfixui.o
        26          0          0          0          0         76   dfltui.o
       228          0          0          0          0         96   dmul.o

    ----------------------------------------------------------------------
      4260        158         28         20         32     113264   Library Totals
         4          0          0          0          0          0   (incl. Padding)

    ----------------------------------------------------------------------

      Code (inc. data)   RO Data    RW Data    ZI Data      Debug   Library Name

      3224        112         28          0         32     112240   ece353_uart.lib
       546         46          0         20          0        600   mc_w.l
       486          0          0          0          0        424   mf_w.l

    ----------------------------------------------------------------------
      4260        158         28         20         32     113264   Library Totals

    ----------------------------------------------------------------------

==============================================================================


      Code (inc. data)   RO Data    RW Data    ZI Data      Debug   

      7232        616        680         64       4128     208694   Grand Totals
      7232        616        680         64       4128     208694   ELF Image Totals
      7232        616        680         64          0          0   ROM Totals

==============================================================================

    Total RO  Size (Code + RO Data)                 7912 (   7.73kB)
    Total RW  Size (RW Data + ZI Data)              4192 (   4.09kB)
    Total ROM Size (Code + RO Data + RW Data)       7976 (   7.79kB)

==============================================================================

