


ARM Macro Assembler    Page 1 


    1 00000000         ; Filename:     ece353_hw1.s 
    2 00000000         ; Author:       ece353 staff 
    3 00000000         ; Description:  
    4 00000000         
    5 00000000                 export           hw1
    6 00000000                 export           TRANSACTIONS_TOTAL
    7 00000000                 export           TRANSACTIONS
    8 00000000                 export           PERSON1
    9 00000000         
   10 00000000         ;**********************************************
   11 00000000         ; SRAM
   12 00000000         ;**********************************************
   13 00000000                 AREA             SRAM, READWRITE
   14 00000000         
   15 00000000 00 00 00 
              00 00 00 
              00 00 00 
              00 00 00 
              00 00 00 
              00 00 00 
              00 00 00 
              00 00 00 
              00 00 00 
              00 00 00 
              00 00 00 
              00 00 00 
              00 00 00 
              00 00 00 
              00 00 00 
              00 00 00 
              00 00 00 
              00 00 00 
              00 00 00 
              00 00 00 
              00 00 00 
              00 00 00 
              00 00 00 
              00 00 00 
              00 00 00 
              00 00 00 
              00 00 00 
              00 00 00 
              00 00 00 
              00 00 00 
              00 00 00 
              00 00 00 
              00 00 00 
              00 00 00 
              00 00 00 
              00 00 00 
              00 00 00 
              00 00 00 
              00 00 00 
              00 00 00 
              00 00 00 
              00 00 00 
              00 00 00 
              00 00 00 
              00 00 00 



ARM Macro Assembler    Page 2 


              00 00 00 
              00 00 00 
              00 00 00 
              00 00 00 
              00 00 00 
              00 00 00 
              00 00 00 
              00 00 00 
              00 00 00 
              00 00 00 
              00 00 00 
              00 00 00 
              00 00 00 
              00 00 00 
              00 00 00 
              00 00 00 
              00 00 00 
              00 00 00 
              00 00 00 
              00 00 00 
              00 00 00 
              00 00 00 
              00 00 00 
              00 00 00 
              00 00 00 
              00 00 00 
              00 00 00 
              00 00 00 
              00 00 00 
              00 00 00 
              00 00 00 
              00 00 00 
              00 00 00 
              00 00 00 
              00 00 00 
              00 00 00 
              00 00 00 
              00 00 00 
              00 00 00 
              00 00 00 
              00 00 00 
              00 00 00 
              00 00 00 
              00 00 00 
              00 00 00 
              00 00 00 
              00 00 00 
              00 00 00 
              00 00 00 
              00 00 00 
              00 00 00 
              00 00 00 
              00 00 00 
              00 00 00 
              00 00 00 
              00 00 00 
              00 00 00 
              00 00 00 
              00 00 00 



ARM Macro Assembler    Page 3 


              00 00 00 
              00 00 00 
              00 00 00 
              00 00 00 
              00 00 00 
              00 00 00 
              00 00 00 
              00 00 00 
              00 00 00 
              00 00 00 
              00 00 00 
              00 00 00 
              00 00 00 
              00 00 00 
              00 00 00 
              00 00 00 
              00 00 00 
              00 00 00 
              00 00 00 
              00 00 00 
              00 00 00 
              00 00 00 
              00 00 00 
              00 00 00 
              00 00 00 
              00 00 00 
              00 00 00 
              00 00 00 
              00 00 00 
              00 00 00 
              00 00 00 
              00 00 00 
              00 00 00 
              00 00 00 
              00 00 00 
              00 00 00 
              00 00 00 
              00 00 00 
              00 00 00 
              00 00 00 
              00 00 00 
              00 00 00 
              00 00 00 
              00 00 00 
              00 00 00 
              00 00 00 
              00 00 00 
              00 00 00 
              00 00 00 
              00 00 00 
              00 00 00 
              00 00 00 
              00 00 00 
              00 00 00 
              00 00 00 
              00 00 00 
              00 00 00 
              00 00 00 
              00 00 00 



ARM Macro Assembler    Page 4 


              00 00 00 
              00 00 00 
              00 00 00 
              00 00 00 
              00 00 00 
              00 00 00 
              00 00 00 
              00 00 00 
              00 00 00 
              00 00 00 
              00 00 00 
              00 00 00 
              00 00 00 
              00 00 00 
              00 00 00 
              00 00 00 
              00 00 00 
              00 00 00 
              00 00 00 
              00 00 00 
              00 00 00 
              00 00 00 
              00 00 00 
              00 00 00 
              00 00 00 
              00 00 00 
              00 00 00 
              00 00 00 
              00 00 00 
              00 00 00 
              00 00 00 
              00 00 00 
              00 00 00 
              00 00 00 
              00 00 00 
              00 00 00 
              00 00 00 
              00 00 00 
              00 00 00 
              00 00 00 
              00 00 00 
              00 00 00 
              00 00 00 
              00 00 00 
              00 00 00 
              00 00 00 
              00 00 00 
              00 00 00 
              00 00 00 
              00 00 00 
              00 00 00 
              00 00 00 
              00 00 00 
              00 00 00 
              00 00 00 
              00 00 00 
              00 00 00 
              00 00 00 
              00 00 00 



ARM Macro Assembler    Page 5 


              00 00 00 
              00 00 00 
              00 00 00 
              00 00 00 
              00 00 00 
              00 00 00 
              00 00 00 
              00 00 00 
              00 00 00 
              00 00 00 
              00 00 00 
              00 00 00 
              00 00 00 
              00 00 00 
              00 00 00 
              00 00 00 
              00 00 00 
              00 00 00 
              00 00 00 
              00 00 00 
              00 00 00 
              00 00 00 
              00 00 00 
              00 00 00 
              00 00 00 
              00 00 00 
              00 00 00 
              00 00 00 
              00 00 00 
              00 00 00 
              00 00 00 
              00 00 00 
              00 00 00 
              00 00 00 
              00 00 00 
              00 00 00 
              00 00 00 
              00 00 00 
              00 00 00 
              00 00 00 
              00 00 00 
              00 00 00 
              00 00 00 
              00 00 00 
              00 00 00 
              00 00 00 
              00 00 00 
              00 00 00 
              00 00 00 
              00 00 00 
              00 00 00 
              00 00 00 
              00 00 00 
              00 00 00 
              00 00 00 
              00 00 00 
              00 00 00 
              00 00 00 
              00 00 00 



ARM Macro Assembler    Page 6 


              00 00 00 
              00 00 00 
              00 00 00 
              00 00 00 
              00 00 00 
              00 00 00 
              00 00 00 
              00 00 00 
              00 00 00 
              00 00 00 
              00 00 00 
              00 00 00 
              00 00 00 
              00 00 00 
              00 00 00 
              00 00 00 
              00 00 00 
              00 00 00 
              00 00 00 
              00 00 00 
              00 00 00 
              00 00 00 
              00 00 00 
              00 00 00 
              00 00 00 
              00 00 00 
              00 00 00 
              00 00 00 
              00 00 00 
              00 00 00 
              00 00 00 
              00 00 00 
              00 00 00 
              00 00 00 
              00 00 00 
              00 00 00 
              00 00 00 
              00 00 00 
              00 00 00 
              00 00 00 
              00 00 00 
              00 00 00 
              00 00 00 
              00 00 00 
              00 00 00 
              00 00 00 
              00 00 00 
              00 00 00 
              00 00 00 
              00 00 00 
              00 00 00 
              00 00 00 
              00 00 00 
              00 00 00 
              00 00 00 
              00 00 00 
              00 00 00 
              00 00 00 
              00 00 00 



ARM Macro Assembler    Page 7 


              00 00 00 
              00 00 00 
              00 00 00 
              00 00 00 
              00 00 00 
              00 00 00 
              00 00 00 
              00 00 00 
              00 00 00 
              00 00 00 
              00 00 00 
              00 00 00 
              00 00 00 
              00 00 00 
              00 00 00 
              00 00 00 
              00 00 00 
              00 00 00 
              00 00 00 
              00 00 00 
              00 00 00 
              00 00 00 
              00 00 00 
              00 00 00 
              00 00 00 
              00 00 00 
              00 00 00 
              00 00 00 
              00 00 00 
              00 00 00 
              00 00 00 
              00 00 00 
              00 00 00 
              00 00 00 
              00 00 00 
              00 00 00 
              00 00 00 
              00 00 00 
              00 00 00 
              00 00 00 
              00 00 00 
              00 00 00 
              00 00 00 
              00 00 00 
              00 00 00 
              00 00 00 
              00 00 00 
              00 00 00 
              00 00 00 
              00 00 00 
              00 00 00 
              00 00 00 
              00 00 00 
              00 00 00 
              00 00 00 
              00 00 00 
              00 00 00 
              00 00 00 
              00 00 00 



ARM Macro Assembler    Page 8 


              00 00 00 
              00 00 00 
              00 00 00 
              00 00 00 
              00 00 00 
              00 00 00 
              00 00 00 
              00 00 00 
              00 00 00 
              00 00 00 
              00 00 00 
              00 00 00 
              00 00 00 
              00 00 00 
              00 00 00 
              00 00 00 
              00 00 00 
              00 00 00 
              00 00 00 
              00 00 00 
              00 00 00 
              00 00 00 
              00 00 00 
              00 00 00 
              00 00 00 
              00 00 00 
              00 00 00 
              00 00 00 
              00 00 00 
              00 00 00 
              00 00 00 
              00 00 00 
              00 00 00 
              00 00 00 
              00 00 00 
              00 00 00 
              00 00 00 
              00 00 00 
              00 00 00 
              00 00 00 
              00 00 00 
              00 00 00 
              00 00 00 
              00 00 00 
              00 00 00 
              00 00 00 
              00 00 00 
              00 00 00 
              00 00 00 
              00 00 00 
              00 00 00 
              00 00 00 
              00 00 00 
              00 00 00 
              00 00 00 
              00 00 00 
              00 00 00 
              00 00 00 
              00 00 00 



ARM Macro Assembler    Page 9 


              00 00 00 
              00 00 00 
              00 00 00 
              00 00 00 
              00 00 00 
              00 00 00 
              00 00 00 
              00 00 00 
              00 00 00 
              00 00 00 
              00 00 00 
              00 00 00 
              00 00 00 
              00 00 00 
              00 00 00 
              00 00 00 
              00 00 00 
              00 00 00 
              00 00 00 
              00 00 00 
              00 00 00 
              00 00 00 
              00 00 00 
              00 00 00 
              00 00 00 
              00 00 00 
              00 00 00 
              00 00 00 
              00 00 00 
              00 00 00 
              00 00 00 
              00 00 00 
              00 00 00 
              00 00 00 
              00 00 00 
              00 00 00 
              00 00 00 
              00 00 00 
              00 00 00 
              00 00 00 
              00 00 00 
              00 00 00 
              00 00 00 
              00 00 00 
              00 00 00 
              00 00 00 
              00 00 00 
              00 00 00 
              00 00 00 
              00 00 00 
              00 00 00 
              00 00 00 
              00 00 00 
              00 00 00 
              00 00 00 
              00 00 00 
              00 00 00 
              00 00 00 
              00 00 00 



ARM Macro Assembler    Page 10 


              00 00 00 
              00 00 00 
              00 00 00 
              00 00 00 
              00 00 00 
              00 00 00 
              00 00 00 
              00 00 00 
              00 00 00 
              00 00 00 
              00 00 00 
              00 00 00 
              00 00 00 
              00 00 00 
              00 00 00 
              00 00 00 
              00 00 00 
              00 00 00 
              00 00 00 
              00 00 00 
              00 00 00 
              00 00 00 
              00 00 00 
              00 00 00 
              00 00 00 
              00 00 00 
              00 00 00 
              00 00 00 
              00 00 00 
              00 00 00 
              00 00 00 
              00 00 00 
              00 00 00 
              00 00 00 
              00 00 00 
              00 00 00 
              00 00 00 
              00 00 00 
              00 00 00 
              00 00 00 
              00 00 00 
              00 00 00 
              00 00 00 
              00 00 00 
              00 00 00 
              00 00 00 
              00 00 00 
              00 00 00 
              00 00 00 
              00 00 00 
              00 00 00 
              00 00 00 
              00 00 00 
              00 00 00 
              00 00 00 
              00 00 00 
              00 00 00 
              00 00 00 
              00 00 00 



ARM Macro Assembler    Page 11 


              00 00 00 
              00 00 00 
              00 00 00 
              00 00 00 
              00 00 00 
              00 00 00 
              00 00 00 
              00 00 00 
              00 00 00 
              00 00 00 
              00 00 00 
              00 00 00 
              00 00 00 
              00 00 00 
              00 00 00 
              00 00 00 
              00 00 00 
              00 00 00 
              00 00 00 
              00 00 00 
              00 00 00 
              00 00 00 
              00 00 00 
              00 00 00 
              00 00 00 
              00 00 00 
              00 00 00 
              00 00 00 
              00 00 00 
              00 00 00 
              00 00 00 
              00 00 00 
              00 00 00 
              00 00 00 
              00 00 00 
              00 00 00 
              00 00 00 
              00 00 00 
              00 00 00 
              00 00 00 
              00 00 00 
              00 00 00 
              00 00 00 
              00 00 00 
              00 00 00 
              00 00 00 
              00 00 00 
              00 00 00 
              00 00 00 
              00 00 00 
              00 00 00 
              00 00 00 
              00 00 00 
              00 00 00 
              00 00 00 
              00 00 00 
              00 00 00 
              00 00 00 
              00 00 00 



ARM Macro Assembler    Page 12 


              00 00 00 
              00 00 00 
              00 00 00 
              00 00 00 
              00 00 00 
              00 00 00 
              00 00 00 
              00 00 00 
              00 00 00 
              00 00 00 
              00 00 00 
              00 00 00 
              00 00 00 
              00 00 00 
              00 00 00 
              00 00 00 
              00 00 00 
              00 00 00 
              00 00 00 
              00 00 00 
              00 00 00 
              00 00 00 
              00 00 00 
              00 00 00 
              00 00 00 
              00 00 00 
              00 00 00 
              00 00 00 
              00 00 00 
              00 00 00 
              00 00 00 
              00 00 00 
              00 00 00 
              00 00 00 
              00 00 00 
              00 00 00 
              00 00 00 
              00 00 00 
              00 00 00 
              00 00 00 
              00 00 00 
              00 00 00 
              00 00 00 
              00 00 00 
              00 00 00 
              00 00 00 
              00 00 00 
              00 00 00 
              00 00 00 
              00 00 00 
              00 00 00 
              00 00 00 
              00 00 00 
              00 00 00 
              00 00 00 
              00 00 00 
              00 00 00 
              00 00 00 
              00 00 00 



ARM Macro Assembler    Page 13 


              00 00 00 
              00 00 00 
              00 00 00 
              00 00 00 
              00 00 00 
              00 00 00 
              00 00 00 
              00 00 00 
              00 00 00 
              00 00 00 
              00 00 00 
              00 00 00 
              00 00 00 
              00 00 00 
              00 00 00 
              00 00 00 
              00 00 00 
              00 00 00 
              00 00 00 
              00 00 00 
              00 00 00 
              00 00 00 
              00 00 00 
              00 00 00 
              00 00 00 
              00 00 00 
              00 00 00 
              00 00 00 
              00 00 00 
              00 00 00 
              00 00 00 
              00 00 00 
              00 00 00 
              00 00 00 
              00 00 00 
              00 00 00 
              00 00 00 
              00 00 00 
              00 00 00 
              00 00 00 
              00 00 00 
              00 00 00 
              00 00 00 
              00 00 00 
              00 00 00 
              00 00 00 
              00 00 00 
              00 00 00 
              00 00 00 
              00 00 00 
              00 00 00 
              00 00 00 
              00 00 00 
              00 00 00 
              00 00 00 
              00 00 00 
              00 00 00 
              00 00 00 
              00 00 00 



ARM Macro Assembler    Page 14 


              00 00 00 
              00 00 00 
              00 00 00 
              00 00 00 
              00 00 00 
              00 00 00 
              00 00 00 
              00 00 00 
              00 00 00 
              00 00 00 
              00 00 00 
              00 00 00 
              00 00 00 
              00 00 00 
              00 00 00 
              00 00 00 
              00 00 00 
              00 00 00 
              00 00 00 
              00 00 00 
              00 00 00 
              00 00 00 
              00 00 00 
              00 00 00 
              00 00 00 
              00 00 00 
              00 00 00 
              00 00 00 
              00 00 00 
              00 00 00 
              00 00 00 
              00 00 00 
              00 00 00 
              00 00 00 
              00 00 00 
              00 00 00 
              00 00 00 
              00 00 00 
              00 00 00 
              00 00 00 
              00 00 00 
              00 00 00 
              00 00 00 
              00 00 00 
              00 00 00 
              00 00 00 
              00 00 00 
              00 00 00 
              00 00 00 
              00 00 00 
              00 00 00 
              00 00 00 
              00 00 00 
              00 00 00 
              00 00 00 
              00 00 00 
              00 00 00 
              00 00 00 
              00 00 00 



ARM Macro Assembler    Page 15 


              00 00 00 
              00 00 00 
              00 00 00 
              00 00 00 
              00 00 00 
              00 00 00 
              00 00 00 
              00 00 00 
              00 00 00 
              00 00 00 
              00 00 00 
              00 00 00 
              00 00 00 
              00 00 00 
              00 00 00 
              00 00 00 
              00 00 00 
              00 00 00 
              00 00 00 
              00 00 00 
              00 00 00 
              00 00 00 
              00 00 00 
              00 00 00 
              00 00 00 
              00 00 00 
              00 00 00 
              00 00 00 
              00 00 00 
              00 00 00 
              00 00 00 
              00 00 00 
              00 00 00 
              00 00 00 
              00 00 00 
              00 00 00 
              00 00 00 
              00 00 00 
              00 00 00 
              00 00 00 
              00 00 00 
              00 00 00 
              00 00 00 
              00 00 00 
              00 00 00 
              00 00 00 
              00 00 00 
              00 00 00 
              00 00 00 
              00 00 00 
              00 00 00 
              00 00 00 
              00 00 00 
              00 00 00 
              00 00 00 
              00 00 00 
              00 00 00 
              00 00 00 
              00 00 00 



ARM Macro Assembler    Page 16 


              00 00 00 
              00 00 00 
              00 00 00 
              00 00 00 
              00 00 00 
              00 00 00 
              00 00 00 
              00 00 00 
              00 00 00 
              00 00 00 
              00 00 00 
              00 00 00 
              00 00 00 
              00 00 00 
              00 00 00 
              00 00 00 
              00 00 00 
              00 00 00 
              00 00 00 
              00 00 00 
              00 00 00 
              00 00 00 
              00 00 00 
              00 00 00 
              00 00 00 
              00 00 00 
              00 00 00 
              00 00 00 
              00 00 00 
              00 00 00 
              00 00 00 
              00 00 00 
              00 00 00 
              00 00 00 
              00 00 00 
              00 00 00 
              00 00 00 
              00 00 00 
              00 00 00 
              00 00 00 
              00 00 00 
              00 00 00 
              00 00 00 
              00 00 00 
              00 00 00 
              00 00 00 
              00 00 00 
              00 00 00 
              00 00 00 
              00 00 00 
              00 00 00 
              00 00 00 
              00 00 00 
              00 00 00 
              00 00 00 
              00 00 00 
              00 00 00 
              00 00 00 
              00 00 00 



ARM Macro Assembler    Page 17 


              00 00 00 
              00 00 00 
              00 00 00 
              00 00 00 
              00 00 00 
              00 00 00 
              00 00 00 
              00 00 00 
              00 00 00 
              00 00 00 
              00 00 00 
              00 00 00 
              00 00 00 
              00 00 00 
              00 00 00 
              00 00 00 
              00 00 00 
              00 00 00 
              00 00 00 
              00 00 00 
              00 00 00 
              00 00 00 
              00 00 00 
              00 00 00 
              00 00 00 
              00 00 00 
              00 00 00 
              00 00 00 
              00 00 00 
              00 00 00 
              00 00 00 
              00 00 00 
              00 00 00 
              00 00 00 
              00 00 00 
              00 00 00 
              00 00 00 
              00 00 00 
              00 00 00 
              00 00 00 
              00 00 00 
              00 00 00 
              00 00 00 
              00 00 00 
              00 00 00 
              00 00 00 
              00 00 00 
              00 00 00 
              00 00 00 
              00 00 00 
              00 00 00 
              00 00 00 
              00 00 00 
              00 00 00 
              00 00 00 
              00 00 00 
              00 00 00 
              00 00 00 
              00 00 00 



ARM Macro Assembler    Page 18 


              00 00 00 
              00 00 00 
              00 00 00 
              00 00 00 
              00 00 00 
              00 00 00 
              00 00 00 
              00 00 00 
              00 00 00 
              00 00 00 
              00 00 00 
              00 00 00 
              00 00 00 
              00 00 00 
              00 00 00 
              00 00 00 
              00 00 00 
              00 00 00 
              00 00 00 
              00 00 00 
              00 00 00 
              00 00 00 
              00 00 00 
              00 00 00 
              00 00 00 
              00 00 00 
              00 00 00 
              00 00 00 
              00 00 00 
              00 00 00 
              00 00 00 
              00 00 00 
              00 00 00 
              00 00 00 
              00 00 00 
              00 00 00 
              00 00 00 
              00 00 00 
              00 00 00 
              00 00 00 
              00 00 00 
              00 00 00 
              00 00 00 
              00 00 00 
              00 00 00 
              00 00 00 
              00 00 00 
              00 00 00 
              00 00 00 
              00 00 00 
              00 00 00 
              00 00 00 
              00 00 00 
              00 00 00 
              00 00 00 
              00 00 00 
              00 00 00 
              00 00 00 
              00 00 00 



ARM Macro Assembler    Page 19 


              00 00 00 
              00 00 00 
              00 00 00 
              00 00 00 
              00 00 00 
              00 00 00 
              00 00 00 
              00 00 00 
              00 00 00 
              00 00 00 
              00 00 00 
              00 00 00 
              00 00 00 
              00 00 00 
              00 00 00 
              00 00 00 
              00 00 00 
              00 00 00 
              00 00 00 
              00 00 00 
              00 00 00 
              00 00 00 
              00 00 00 
              00 00 00 
              00 00 00 
              00 00 00 
              00 00 00 
              00 00 00 
              00 00 00 
              00 00 00 
              00 00 00 
              00 00 00 
              00 00 00 
              00 00 00 
              00 00 00 
              00 00 00 
              00 00 00 
              00 00 00 
              00 00 00 
              00 00 00 
              00 00 00 
              00 00 00 
              00 00 00 
              00 00 00 
              00 00 00 
              00 00 00 
              00 00 00 
              00 00 00 
              00 00 00 
              00 00 00 
              00 00 00 
              00 00 00 
              00 00 00 
              00 00 00 
              00 00 00 
              00 00 00 
              00 00 00 
              00 00 00 
              00 00 00 



ARM Macro Assembler    Page 20 


              00 00 00 
              00 00 00 
              00 00 00 
              00 00 00 
              00 00 00 
              00 00 00 
              00 00 00 
              00 00 00 
              00 00 00 
              00 00 00 
              00 00 00 
              00 00 00 
              00 00 00 
              00 00 00 
              00 00 00 
              00 00 00 
              00 00 00 
              00 00 00 
              00 00 00 
              00 00 00 
              00 00 00 
              00 00 00 
              00 00 00 
              00 00 00 
              00 00 00 
              00 00 00 
              00 00 00 
              00 00 00 
              00 00 00 
              00 00 00 
              00 00 00 
              00 00 00 
              00 00 00 
              00 00 00 
              00 00 00 
              00 00 00 
              00 00 00 
              00 00 00 
              00 00 00 
              00 00 00 
              00 00 00 
              00 00 00 
              00 00 00 
              00 00 00 
              00 00 00 
              00 00 00 
              00 00 00 
              00 00 00 
              00 00 00 
              00 00 00 
              00 00 00 
              00 00 00 
              00 00 00 
              00 00 00 
              00 00 00 
              00 00 00 
              00 00 00 
              00 00 00 
              00 00 00 



ARM Macro Assembler    Page 21 


              00 00 00 
              00 00 00 
              00 00 00 
              00 00 00 
              00 00 00 
              00 00 00 
              00 00 00 
              00 00 00 
              00 00 00 
              00 00 00 
              00 00 00 
              00 00 00 
              00 00 00 
              00 00 00 
              00 00 00 
              00 00 00 
              00 00 00 
              00 00 00 
              00 00 00 
              00 00 00 
              00 00 00 
              00 00 00 
              00 00 00 
              00 00 00 
              00 00 00 
              00 00 00 
              00 00 00 
              00 00 00 
              00 00 00 
              00 00 00 
              00 00 00 
              00 00 00 
              00 00 00 
              00 00 00 
              00 00 00 
              00 00 00 
              00 00 00 
              00 00 00 
              00 00 00 
              00 00 00 
              00 00 00 
              00 00 00 
              00 00 00 
              00 00 00 
              00 00 00 
              00 00 00 
              00 00 00 
              00 00 00 
              00 00 00 
              00 00 00 
              00 00 00 
              00 00 00 
              00 00 00 
              00 00 00 
              00 00 00 
              00 00 00 
              00 00 00 
              00 00 00 
              00 00 00 



ARM Macro Assembler    Page 22 


              00 00 00 
              00 00 00 
              00 00 00 
              00 00 00 
              00 00 00 
              00 00 00 
              00 00 00 
              00 00 00 
              00 00 00 
              00 00 00 
              00 00 00 
              00 00 00 
              00 00 00 
              00 00 00 
              00 00 00 
              00 00 00 
              00 00 00 
              00 00 00 
              00 00 00 
              00 00 00 
              00 00 00 
              00 00 00 
              00 00 00 
              00 00 00 
              00 00 00 
              00 00 00 
              00 00 00 
              00 00 00 
              00 00 00 
              00 00 00 
              00 00 00 
              00 00 00 
              00 00 00 
              00 00 00 
              00 00 00 
              00 00 00 
              00 00 00 
              00 00 00 
              00 00 00 
              00 00 00 
              00 00 00 
              00 00 00 
              00 00 00 
              00 00 00 
              00 00 00 
              00 00 00 
              00 00 00 
              00 00 00 
              00 00 00 
              00 00 00 
              00 00 00 
              00 00 00 
              00 00 00 
              00 00 00 
              00 00 00 
              00 00 00 
              00 00 00 
              00 00 00 
              00 00 00 



ARM Macro Assembler    Page 23 


              00 00 00 
              00 00 00 
              00 00 00 
              00 00 00 
              00 00 00 
              00 00 00 
              00 00 00 
              00 00 00 
              00 00 00 
              00 00 00 
              00 00 00 
              00 00 00 
              00 00 00 
              00 00 00 
              00 00 00 
              00 00 00 
              00 00 00 
              00 00 00 
              00 00 00 
              00 00 00 
              00 00 00 
              00 00 00 
              00 00 00 
              00 00 00 
              00 00 00 
              00 00 00 
              00 00 00 
              00 00 00 
              00 00 00 
              00 00 00 
              00 00 00 
              00 00 00 
              00 00 00 
              00 00 00 
              00 00 00 
              00 00 00 
              00 00 00 
              00 00 00 
              00 00 00 
              00 00 00 
              00 00 00 
              00 00 00 
              00 00 00 
              00 00 00 
              00 00 00 
              00 00 00 
              00 00 00 
              00 00 00 
              00 00 00 
              00 00 00 
              00 00 00 
              00 00 00 
              00 00 00 
              00 00 00 
              00 00 00 
              00 00 00 
              00 00 00 
              00 00 00 
              00 00 00 



ARM Macro Assembler    Page 24 


              00 00 00 
              00 00 00 
              00 00 00 
              00 00 00 
              00 00 00 
              00 00 00 
              00 00 00 
              00 00 00 
              00 00 00 
              00 00 00 
              00 00 00 
              00 00 00 
              00 00 00 
              00 00 00 
              00 00 00 
              00 00 00 
              00 00 00 
              00 00 00 
              00 00 00 
              00 00 00 
              00 00 00 
              00 00 00 
              00 00 00 
              00 00 00 
              00 00 00 
              00 00 00 
              00 00 00 
              00 00 00 
              00 00 00 
              00 00 00 
              00 00 00 
              00 00 00 
              00 00 00 
              00 00 00 
              00 00 00 
              00 00 00 
              00 00 00 
              00 00 00 
              00 00 00 
              00 00 00 
              00 00 00 
              00 00 00 
              00 00 00 
              00 00 00 
              00 00 00 
              00 00 00 
              00 00 00 
              00 00 00 
              00 00 00 
              00 00 00 
              00 00 00 
              00 00 00 
              00 00 00 
              00 00 00 
              00 00 00 
              00 00 00 
              00 00 00 
              00 00 00 
              00 00 00 



ARM Macro Assembler    Page 25 


              00 00 00 
              00 00 00 
              00 00 00 
              00 00 00 
              00 00 00 
              00 00 00 
              00 00 00 
              00 00 00 
              00 00 00 
              00 00 00 
              00 00 00 
              00 00 00 
              00 00 00 
              00 00 00 
              00 00 00 
              00 00 00 
              00 00 00 
              00 00 00 
              00 00 00 
              00 00 00 
              00 00 00 
              00 00 00 
              00 00 00 
              00 00 00 
              00 00 00 
              00 00 00 
              00 00 00 
              00 00 00 
              00 00 00 
              00 00 00 
              00 00 00 
              00 00 00 
              00 00 00 
              00 00 00 
              00 00 00 
              00 00 00 
              00 00 00 
              00 00 00 
              00 00 00 
              00 00 00 
              00 00 00 
              00 00 00 
              00 00 00 
              00 00 00 
              00 00 00 
              00 00 00 
              00 00 00 
              00 00 00 
              00 00 00 
              00 00 00 
              00 00 00 
              00 00 00 
              00 00 00 
              00 00 00 
              00 00 00 
              00 00 00 
              00 00 00 
              00 00 00 
              00 00 00 



ARM Macro Assembler    Page 26 


              00 00 00 
              00 00 00 
              00 00 00 
              00 00 00 
              00 00 00 
              00 00 00 
              00 00 00 
              00 00 00 
              00 00 00 
              00 00 00 
              00 00 00 
              00 00 00 
              00 00 00 
              00 00 00 
              00 00 00 
              00 00 00 
              00 00 00 
              00 00 00 
              00 00 00 
              00 00 00 
              00 00 00 
              00 00 00 
              00 00 00 
              00 00 00 
              00 00 00 
              00 00 00 
              00 00 00 
              00 00 00 
              00 00 00 
              00 00 00 
              00 00 00 
              00 00 00 
              00 00 00 
              00 00 00 
              00 00 00 
              00 00 00 
              00 00 00 
              00 00 00 
              00 00 00 
              00 00 00 
              00 00 00 
              00 00 00 
              00 00 00 
              00 00 00 
              00 00 00 
              00 00 00 
              00 00 00 
              00 00 00 
              00 00 00 
              00 00 00 
              00 00 00 
              00 00 00 
              00 00 00 
              00 00 00 
              00 00 00 
              00 00 00 
              00 00 00 
              00 00 00 
              00 00 00 



ARM Macro Assembler    Page 27 


              00 00 00 
              00 00 00 
              00 00 00 
              00 00 00 
              00 00 00 
              00 00 00 
              00 00 00 
              00 00 00 
              00 00 00 
              00 00 00 
              00 00 00 
              00 00 00 
              00 00 00 
              00 00 00 
              00 00 00 
              00 00 00 
              00 00 00 
              00 00 00 
              00 00 00 
              00 00 00 
              00 00 00 
              00 00 00 
              00 00 00 
              00 00 00 
              00 00 00 
              00 00 00 
              00 00 00 
              00 00 00 
              00 00 00 
              00 00 00 
              00 00 00 
              00 00 00 
              00 00 00 
              00 00 00 
              00 00 00 
              00 00 00 
              00 00 00 
              00 00 00 
              00 00 00 
              00 00 00 
              00 00 00 
              00 00 00 
              00 00 00 
              00 00 00 
              00 00 00 
              00 00 00 
              00 00 00 
              00 00 00 
              00 00 00 
              00 00 00 
              00 00 00 
              00 00 00 
              00 00 00 
              00 00 00 
              00 00 00 
              00 00 00 
              00 00 00 
              00 00 00 
              00 00 00 



ARM Macro Assembler    Page 28 


              00 00 00 
              00 00 00 
              00 00 00 
              00 00 00 
              00 00 00 
              00 00 00 
              00 00 00 
              00 00 00 
              00 00 00 
              00 00 00 
              00 00 00 
              00 00 00 
              00 00 00 
              00 00 00 
              00 00 00 
              00 00 00 
              00 00 00 
              00 00 00 
              00 00 00 
              00 00 00 
              00 00 00 
              00 00 00 
              00 00 00 
              00 00 00 
              00 00 00 
              00 00 00 
              00 00 00 
              00 00 00 
              00 00 00 
              00 00 00 
              00 00 00 
              00 00 00 
              00 00 00 
              00 00 00 
              00 00 00 
              00 00 00 
              00 00 00 
              00 00 00 
              00 00 00 
              00 00 00 
              00 00 00 
              00 00 00 
              00 00 00 
              00 00 00 
              00 00 00 
              00 00 00 
              00 00 00 
              00 00 00 
              00 00 00 
              00 00 00 
              00 00 00 
              00 00 00 
              00 00 00 
              00 00 00 
              00 00 00 
              00 00 00 
              00 00 00 
              00 00 00 
              00 00 00 



ARM Macro Assembler    Page 29 


              00 00 00 
              00 00 00 
              00 00 00 
              00 00 00 
              00 00 00 
              00 00 00 
              00 00 00 
              00 00 00 
              00 00 00 
              00 00 00 
              00 00 00 
              00 00 00 
              00 00 00 
              00 00 00 
              00 00 00 
              00 00 00 
              00 00 00 
              00 00 00 
              00 00 00 
              00 00 00 
              00 00 00 
              00 00 00 
              00 00 00 
              00 00 00 
              00 00 00 
              00 00 00 
              00 00 00 
              00 00 00 
              00 00 00 
              00 00 00 
              00 00 00 
              00 00 00 
              00 00 00 
              00 00 00 
              00 00 00 
              00 00 00 
              00 00 00 
              00 00 00 
              00 00 00 
              00 00 00 
              00 00 00 
              00 00 00 
              00 00 00 
              00 00 00 
              00 00 00 
              00 00 00 
              00 00 00 
              00 00 00 
              00 00 00 
              00 00 00 
              00 00 00 
              00 00 00 
              00 00 00 
              00 00 00 
              00 00 00 
              00 00 00 
              00 00 00 
              00 00 00 
              00 00 00 



ARM Macro Assembler    Page 30 


              00 00 00 
              00 00 00 
              00 00 00 
              00 00 00 
              00 00 00 
              00 00 00 
              00 00 00 
              00 00 00 
              00 00 00 
              00 00 00 
              00 00 00 
              00 00 00 
              00 00 00 
              00 00 00 
              00 00 00 
              00 00 00 
              00 00 00 
              00 00 00 
              00 00 00 
              00 00 00 
              00 00 00 
              00 00 00 
              00 00 00 
              00 00 00 
              00 00 00 
              00 00 00 
              00 00 00 
              00 00 00 
              00 00 00 
              00 00 00 
              00 00 00 
              00 00 00 
              00 00 00 
              00 00 00 
              00 00 00 
              00 00 00 
              00 00 00 
              00 00 00 
              00 00 00 
              00 00 00 
              00 00 00 
              00 00 00 
              00 00 00 
              00 00 00 
              00 00 00 
              00 00 00 
              00 00 00 
              00 00 00 
              00 00 00 
              00 00 00 
              00 00 00 
              00 00 00 
              00 00 00 
              00 00 00 
              00 00 00 
              00 00 00 
              00 00 00 
              00 00 00 
              00 00 00 



ARM Macro Assembler    Page 31 


              00 00 00 
              00 00 00 
              00 00 00 
              00 00 00 
              00 00 00 
              00 00 00 
              00 00 00 
              00 00 00 
              00 00 00 
              00 00 00 
              00 00 00 
              00 00 00 
              00 00 00 
              00 00 00 
              00 00 00 
              00 00 00 
              00 00 00 
              00 00 00 
              00 00 00 
              00 00 00 
              00 00 00 
              00 00 00 
              00 00 00 
              00 00 00 
              00 00 00 
              00 00 00 
              00 00 00 
              00 00 00 
              00 00 00 
              00 00 00 
              00 00 00 
              00 00 00 
              00 00 00 
              00 00 00 
              00 00 00 
              00 00 00 
              00 00 00 
              00 00 00 
              00 00 00 
              00 00 00 
              00 00 00 
              00 00 00 
              00 00 00 
              00 00 00 
              00 00 00 
              00 00 00 
              00 00 00 
              00 00 00 
              00 00 00 
              00 00 00 
              00 00 00 
              00 00 00 
              00 00 00 
              00 00 00 
              00 00 00 
              00 00 00 
              00 00 00 
              00 00 00 
              00 00 00 



ARM Macro Assembler    Page 32 


              00 00 00 
              00 00 00 
              00 00 00 
              00 00 00 
              00 00 00 
              00 00 00 
              00 00 00 
              00 00 00 
              00 00 00 
              00 00 00 
              00 00 00 
              00 00 00 
              00 00 00 
              00 00 00 
              00 00 00 
              00 00 00 
              00 00 00 
              00 00 00 
              00 00 00 
              00 00 00 
              00 00 00 
              00 00 00 
              00 00 00 
              00 00 00 
              00 00 00 
              00 00 00 
              00 00 00 
              00 00 00 
              00 00 00 
              00 00 00 
              00 00 00 
              00 00 00 
              00 00 00 
              00 00 00 
              00 00 00 
              00 00 00 
              00 00 00 
              00 00 00 
              00 00 00 
              00 00 00 
              00 00 00 
              00 00 00 
              00 00 00 
              00 00 00 
              00 00 00 
              00 00 00 
              00 00 00 
              00 00 00 
              00 00 00 
              00 00 00 
              00 00 00 
              00 00 00 
              00 00 00 
              00 00 00 
              00 00 00 
              00 00 00 
              00 00 00 
              00 00 00 
              00 00 00 



ARM Macro Assembler    Page 33 


              00 00 00 
              00 00 00 
              00 00 00 
              00 00 00 
              00 00 00 
              00 00 00 
              00 00 00 
              00 00 00 
              00 00 00 
              00 00 00 
              00 00 00 
              00 00 00 
              00 00 00 
              00 00 00 
              00 00 00 
              00 00 00 
              00 00 00 
              00 00 00 
              00 00 00 
              00 00 00 
              00 00 00 
              00 00 00 
              00 00 00 
              00 00 00 
              00 00 00 
              00 00 00 
              00 00 00 
              00 00 00 
              00 00 00 
              00 00 00 
              00 00 00 
              00 00 00 
              00 00 00 
              00 00 00 
              00 00 00 
              00 00 00 
              00 00 00 
              00 00 00 
              00 00 00 
              00 00 00 
              00 00 00 
              00 00 00 
              00 00 00 
              00 00 00 
              00 00 00 
              00 00 00 
              00 00 00 
              00 00 00 
              00 00 00 
              00 00 00 
              00 00 00 
              00 00 00 
              00 00 00 
              00 00 00 
              00 00 00 
              00 00 00 
              00 00 00 
              00 00 00 
              00 00 00 



ARM Macro Assembler    Page 34 


              00 00 00 
              00 00 00 
              00 00 00 
              00 00 00 
              00 00 00 
              00 00 00 
              00 00 00 
              00 00 00 
              00 00 00 
              00 00 00 
              00 00 00 
              00 00 00 
              00 00 00 
              00 00 00 
              00 00 00 
              00 00 00 
              00 00 00 
              00 00 00 
              00 00 00 
              00 00 00 
              00 00 00 
              00 00 00 
              00 00 00 
              00 00 00 
              00 00 00 
              00 00 00 
              00 00 00 
              00 00 00 
              00 00 00 
              00 00 00 
              00 00 00 
              00 00 00 
              00 00 00 
              00 00 00 
              00 00 00 
              00 00 00 
              00 00 00 
              00 00 00 
              00 00 00 
              00 00 00 
              00 00 00 
              00 00 00 
              00 00 00 
              00 00 00 
              00 00 00 
              00 00 00 
              00 00 00 
              00 00 00 
              00 00 00 
              00 00 00 
              00 00 00 
              00 00 00 
              00 00 00 
              00 00 00 
              00 00 00 
              00 00 00 
              00 00 00 
              00 00 00 
              00 00 00 



ARM Macro Assembler    Page 35 


              00 00 00 
              00 00 00 
              00 00 00 
              00 00 00 
              00 00 00 
              00 00 00 
              00 00 00 
              00 00 00 
              00 00 00 
              00 00 00 
              00 00 00 
              00 00 00 
              00 00 00 
              00 00 00 
              00 00 00 
              00 00 00 
              00 00 00 
              00 00 00 
              00 00 00 
              00 00 00 
              00 00 00 
              00 00 00 
              00 00 00 
              00 00 00 
              00 00 00 
              00 00 00 
              00 00 00 
              00 00 00 
              00 00 00 
              00 00 00 
              00 00 00 
              00 00 00 
              00 00 00 
              00 00 00 
              00 00 00 
              00 00 00 
              00 00 00 
              00 00 00 
              00 00 00 
              00 00 00 
              00 00 00 
              00 00 00 
              00 00 00 
              00 00 00 
              00 00 00 
              00 00 00 
              00 00 00 
              00 00 00 
              00 00 00 
              00 00 00 
              00 00 00 
              00 00 00 
              00 00 00 
              00 00 00 
              00 00 00 
              00 00 00 
              00 00 00 
              00 00 00 
              00 00 00 



ARM Macro Assembler    Page 36 


              00 00 00 
              00 00 00 
              00 00 00 
              00 00 00 
              00 00 00 
              00 00 00 
              00 00 00 
              00 00 00 
              00 00 00 
              00 00 00 
              00 00 00 
              00 00 00 
              00 00 00 
              00 00 00 
              00 00 00 
              00 00 00 
              00 00 00 
              00 00 00 
              00 00 00 
              00 00 00 
              00 00 00 
              00 00 00 
              00 00 00 
              00 00 00 
              00 00 00 
              00 00 00 
              00 00 00 
              00 00 00 
              00 00 00 
              00 00 00 
              00 00 00 
              00 00 00 
              00 00 00 
              00 00 00 
              00 00 00 
              00 00 00 
              00 00 00 
              00 00 00 
              00 00 00 
              00 00 00 
              00 00 00 
              00 00 00 
              00 00 00 
              00 00 00 
              00 00 00 
              00 00 00 
              00 00 00 
              00 00 00 
              00 00 00 
              00 00 00 
              00 00 00 
              00 00 00 
              00 00 00 
              00 00 00 
              00 00 00 
              00 00 00 
              00 00 00 
              00 00 00 
              00 00 00 



ARM Macro Assembler    Page 37 


              00 00 00 
              00 00 00 
              00 00 00 
              00 00 00 
              00 00 00 
              00 00 00 
              00 00 00 
              00 00 00 
              00 00 00 
              00 00 00 
              00 00 00 
              00 00 00 
              00 00 00 
              00 00 00 
              00 00 00 
              00 00 00 
              00 00 00 
              00 00 00 
              00 00 00 
              00 00 00 
              00 00 00 
              00 00 00 
              00 00 00 
              00 00 00 
              00 00 00 
              00 00 00 
              00 00 00 
              00 00 00 
              00 00 00 
              00 00 00 
              00 00 00 
              00 00 00 
              00 00 00 
              00 00 00 
              00 00 00 
              00 00 00 
              00 00 00 
              00 00 00 
              00 00 00 
              00 00 00 
              00 00 00 
              00 00 00 
              00 00 00 
              00 00 00 
              00 00 00 
              00 00 00 
              00 00 00 
              00 00 00 
              00 00 00 
              00 00 00 
              00 00 00 
              00 00 00 
              00 00 00 
              00 00 00 
              00 00 00 
              00 00 00 
              00 00 00 
              00 00 00 
              00 00 00 



ARM Macro Assembler    Page 38 


              00 00 00 
              00 00 00 
              00 00 00 
              00 00 00 
              00 00 00 
              00 00 00 
              00 00 00 
              00 00 00 
              00 00 00 
              00 00 00 
              00 00 00 
              00 00 00 
              00 00 00 
              00 00 00 
              00 00 00 
              00 00 00 
              00 00 00 
              00 00 00 
              00 00 00 
              00 00 00 
              00 00 00 
              00 00 00 
              00 00 00 
              00 00 00 
              00 00 00 
              00 00 00 
              00 00 00 
              00 00 00 
              00 00 00 
              00 00 00 
              00 00 00 
              00 00 00 
              00 00 00 
              00 00 00 
              00 00 00 
              00 00 00 
              00 00 00 
              00 00 00 
              00 00 00 
              00 00 00 
              00 00 00 
              00 00 00 
              00 00 00 
              00 00 00 
              00 00 00 
              00 00 00 
              00 00 00 
              00 00 00 
              00 00 00 
              00 00 00 
              00 00 00 
              00 00 00 
              00 00 00 
              00 00 00 
              00 00 00 
              00 00 00 
              00 00 00 
              00 00 00 
              00 00 00 



ARM Macro Assembler    Page 39 


              00 00 00 
              00 00 00 
              00 00 00 
              00 00 00 
              00 00 00 
              00 00 00 
              00 00 00 
              00 00 00 
              00 00 00 
              00 00 00 
              00 00 00 
              00 00 00 
              00 00 00 
              00 00 00 
              00 00 00 
              00 00 00 
              00 00 00 
              00 00 00 
              00 00 00 
              00 00 00 
              00 00 00 
              00 00 00 
              00 00 00 
              00 00 00 
              00 00 00 
              00 00 00 
              00 00 00 
              00 00 00 
              00 00 00 
              00 00 00 
              00 00 00 
              00 00 00 
              00 00 00 
              00 00 00 
              00 00 00 
              00 00 00 
              00 00 00 
              00 00 00 
              00 00 00 
              00 00 00 
              00 00 00 
              00 00 00 
              00 00 00 
              00 00 00 
              00 00 00 
              00 00 00 
              00 00 00 
              00 00 00 
              00 00 00 
              00 00 00 
              00 00 00 
              00 00 00 
              00 00 00 
              00 00 00 
              00 00 00 
              00 00 00 
              00 00 00 
              00 00 00 
              00 00 00 



ARM Macro Assembler    Page 40 


              00 00 00 
              00 00 00 
              00 00 00 
              00 00 00 
              00 00 00 
              00 00 00 
              00 00 00 
              00 00 00 
              00 00 00 
              00 00 00 
              00 00 00 
              00 00 00 
              00 00 00 
              00 00 00 
              00 00 00 
              00 00 00 
              00 00 00 
              00 00 00 
              00 00 00 
              00 00 00 
              00 00 00 
              00 00 00 
              00 00 00 
              00 00 00 
              00 00 00 
              00 00 00 
              00 00 00 
              00 00 00 
              00 00 00 
              00 00 00 
              00 00 00 
              00 00 00 
              00 00 00 
              00 00 00 
              00 00 00 
              00 00 00 
              00 00 00 
              00 00 00 
              00 00 00 
              00 00 00 
              00 00 00 
              00 00 00 
              00 00 00 
              00 00 00 
              00 00 00 
              00 00 00 
              00 00 00 
              00 00 00 
              00 00 00 
              00 00 00 
              00 00 00 
              00 00 00 
              00 00 00 
              00 00 00 
              00 00 00 
              00 00 00 
              00 00 00 
              00 00 00 
              00 00 00 



ARM Macro Assembler    Page 41 


              00 00 00 
              00 00 00 
              00 00 00 
              00 00 00 
              00 00 00 
              00 00 00 
              00 00 00 
              00 00 00 
              00 00 00 
              00 00 00 
              00 00 00 
              00 00 00 
              00 00 00 
              00 00 00 
              00 00 00 
              00 00 00 
              00 00 00 
              00 00 00 
              00 00 00 
              00 00 00 
              00 00 00 
              00 00 00 
              00 00 00 
              00 00 00 
              00 00 00 
              00 00 00 
              00 00 00 
              00 00 00 
              00 00 00 
              00 00 00 
              00 00 00 
              00 00 00 
              00 00 00 
              00 00 00 
              00 00 00 
              00 00 00 
              00 00 00 
              00 00 00 
              00 00 00 
              00 00 00 
              00 00 00 
              00 00 00 
              00 00 00 
              00 00 00 
              00 00 00 
              00 00 00 
              00 00 00 
              00 00 00 
              00 00 00 
              00 00 00 
              00 00 00 
              00 00 00 
              00 00 00 
              00 00 00 
              00 00 00 
              00 00 00 
              00 00 00 
              00 00 00 
              00 00 00 



ARM Macro Assembler    Page 42 


              00 00 00 
              00 00 00 
              00 00 00 
              00 00 00 
              00 00 00 
              00 00 00 
              00 00 00 
              00 00 00 
              00 00 00 
              00 00 00 
              00 00 00 
              00 00 00 
              00 00 00 
              00 00 00 
              00 00 00 
              00 00 00 
              00 00 00 
              00 00 00 
              00 00 00 
              00 00 00 
              00 00 00 
              00 00 00 
              00 00 00 
              00 00 00 
              00 00 00 
              00 00 00 
              00 00 00 
              00 00 00 
              00 00 00 
              00 00 00 
              00 00 00 
              00 00 00 
              00 00 00 
              00 00 00 
              00 00 00 
              00 00 00 
              00 00 00 
              00 00 00 
              00 00 00 
              00 00 00 
              00 00 00 
              00 00 00 
              00 00 00 
              00 00 00 
              00 00 00 
              00 00 00 
              00 00 00 
              00 00 00 
              00 00 00 
              00 00 00 
              00 00 00 
              00 00 00 
              00 00 00 
              00 00 00 
              00 00 00 
              00 00 00 
              00 00 00 
              00 00 00 
              00 00 00 



ARM Macro Assembler    Page 43 


              00 00 00 
              00 00 00 
              00 00 00 
              00 00 00 
              00 00 00 
              00 00 00 
              00 00 00 
              00 00 00 
              00 00 00 
              00 00 00 
              00 00 00 
              00 00 00 
              00 00 00 
              00 00 00 
              00 00 00 
              00 00 00 
              00 00 00 
              00 00 00 
              00 00 00 
              00 00 00 
              00 00 00 
              00 00 00 
              00 00 00 
              00 00 00 
              00 00 00 
              00 00 00 
              00 00 00 
              00 00 00 
              00 00 00 
              00 00 00 
              00 00 00 
              00 00 00 
              00 00 00 
              00 00 00 
              00 00 00 
              00 00 00 
              00 00 00 
              00 00 00 
              00 00 00 
              00 00 00 
              00 00 00 
              00 00 00 
              00 00 00 
              00 00 00 
              00 00 00 
              00 00 00 
              00 00 00 
              00 00 00 
              00 00 00 
              00 00 00 
              00 00 00 
              00 00 00 
              00 00 00 
              00 00 00 
              00 00 00 
              00 00 00 
              00 00 00 
              00 00 00 
              00 00 00 



ARM Macro Assembler    Page 44 


              00 00 00 
              00 00 00 
              00 00 00 
              00 00 00 
              00 00 00 
              00 00 00 
              00 00 00 
              00 00 00 
              00 00 00 
              00 00 00 
              00 00 00 
              00 00 00 
              00 00 00 
              00 00 00 
              00 00 00 
              00 00 00 
              00 00 00 
              00 00 00 
              00 00 00 
              00 00 00 
              00 00 00 
              00 00 00 
              00 00 00 
              00 00 00 
              00 00 00 
              00 00 00 
              00 00 00 
              00 00 00 
              00 00 00 
              00 00 00 
              00 00 00 
              00 00 00 
              00 00 00 
              00 00 00 
              00 00 00 
              00 00 00 
              00 00 00 
              00 00 00 
              00 00 00 
              00 00 00 
              00 00 00 
              00 00 00 
              00 00 00 
              00 00 00 
              00 00 00 
              00 00 00 
              00 00 00 
              00 00 00 
              00 00 00 
              00 00 00 
              00 00 00 
              00 00 00 
              00 00 00 
              00 00 00 
              00 00 00 
              00 00 00 
              00 00 00 
              00 00 00 
              00 00 00 



ARM Macro Assembler    Page 45 


              00 00 00 
              00 00 00 
              00 00 00 
              00 00 00 
              00 00 00 
              00 00 00 
              00 00 00 
              00 00 00 
              00 00 00 
              00 00 00 
              00 00 00 
              00 00 00 
              00 00 00 
              00 00 00 
              00 00 00 
              00 00 00 
              00 00 00 
              00 00 00 
              00 00 00 
              00 00 00 
              00 00 00 
              00 00 00 
              00 00 00 
              00 00 00 
              00 00 00 
              00 00 00 
              00 00 00 
              00 00 00 
              00 00 00 
              00 00 00 
              00 00 00 
              00 00 00 
              00 00 00 
              00 00 00 
              00 00 00 
              00 00 00 
              00 00 00 
              00 00 00 
              00 00 00 
              00 00 00 
              00 00 00 
              00 00 00 
              00 00 00 
              00 00 00 
              00 00 00 
              00 00 00 
              00 00 00 
              00 00 00 
              00 00 00 
              00 00 00 
              00 00 00 
              00 00 00 
              00 00 00 
              00 00 00 
              00 00 00 
              00 00 00 
              00 00 00 
              00 00 00 
              00 00 00 



ARM Macro Assembler    Page 46 


              00 00 00 
              00 00 00 
              00 00 00 
              00 00 00 
              00 00 00 
              00 00 00 
              00 00 00 
              00 00 00 
              00 00 00 
              00 00 00 
              00 00 00 
              00 00 00 
              00 00 00 
              00 00 00 
              00 00 00 
              00 00 00 
              00 00 00 
              00 00 00 
              00 00 00 
              00 00 00 
              00 00 00 
              00 00 00 
              00 00 00 
              00 00 00 
              00 00 00 
              00 00    TRANSACTIONS
                               SPACE            1000*8
   16 00001F40 00 00 00 
              00 00 00 
              00 00 00 
              00 00 00 TRANSACTIONS_TOTAL
                               SPACE            12
   17 00001F4C                 align
   18 00001F4C         
   19 00001F4C         ;**********************************************
   20 00001F4C         ; Constant Variables (FLASH) Segment
   21 00001F4C         ;**********************************************
   22 00001F4C                 AREA             FLASH, CODE, READONLY
   23 00000000 41 4D 52 
              20 48 41 
              53 53 41 
              42 41 4C 
              4C 41 48 PERSON1 DCB              "AMR HASSABALLAH"
   24 0000000F 00              DCB              0
   25 00000010                 align
   26 00000010         
   27 00000010         ;**********************************************
   28 00000010         ; Code (FLASH) Segment
   29 00000010         ; main assembly program
   30 00000010         ;**********************************************
   31 00000010         hw1     PROC
   32 00000010         
   33 00000010 E92D 5FFF       PUSH             {R0-R12, LR}
   34 00000014         ; DO NOT MODIFY ANTHING ABOVE THIS LINE!!!
   35 00000014         ; DO NOT MODIFY REGISTERS R13-R15!!!
   36 00000014         
   37 00000014         ; loading address and constants
   38 00000014         
   39 00000014 489A            LDR              R0, =(TRANSACTIONS)



ARM Macro Assembler    Page 47 


   40 00000016 F04F 0B00       MOV              R11, #0     ; R11 will be our t
                                                            ransaction counter 
                                                            
   41 0000001A F04F 0400       MOV              R4, #0
   42 0000001E F04F 0200       MOV              R2, #0      ; ussed at the end 
                                                            of DEPOSIT/WITHDRAW
                                                            L
   43 00000022         
   44 00000022         ; Validating Transactions
   45 00000022         
   46 00000022         WHILE_START
   47 00000022         
   48 00000022         ; sequence of transactions end if counter reaches 1000
   49 00000022 F10B 0B01       ADD              R11, R11, #1
   50 00000026 F5BB 7F7A       CMP              R11, #1000
   51 0000002A BF04 4B95       LDREQ            R3, =(WHILE_DONE)
   52 0000002E 4718            BXEQ             R3
   53 00000030         
   54 00000030 7801            LDRB             R1, [R0]    ; R1 holds the cont
                                                            ent stored at addre
                                                            ss in R0
   55 00000032         
   56 00000032         ; sequence of transactions end if first byte is 0
   57 00000032 2900            CMP              R1, #0      ;
   58 00000034 BF04 4B93       LDREQ            R3, =(WHILE_DONE)
   59 00000038 4718            BXEQ             R3
   60 0000003A         
   61 0000003A 2930            CMP              R1, #0x30
   62 0000003C D02C            BEQ              ERROR
   63 0000003E         ;;Checking if first byte a + or a - ;;
   64 0000003E         
   65 0000003E 292B            CMP              R1, #0x2B   ;
   66 00000040 BF18 292D       CMPNE            R1, #0x2D   ;
   67 00000044 D128            BNE              ERROR
   68 00000046         
   69 00000046         ;;Checking if second byte is a number ;;
   70 00000046         ; must be between and including 0x30 and 0x39
   71 00000046         
   72 00000046         ; pointing to next character
   73 00000046 7841            LDRB             R1, [R0, #1] ; Updating R1 with
                                                             new content
   74 00000048         
   75 00000048 2930            CMP              R1, #0x30
   76 0000004A DB25            BLT              ERROR
   77 0000004C BFC8 2939       CMPGT            R1, #0x39
   78 00000050 DC22            BGT              ERROR
   79 00000052         
   80 00000052         ; 3rd and 4th byte 
   81 00000052         
   82 00000052         ; pointing to next character
   83 00000052 7881            LDRB             R1, [R0, #2] ; Updating R1 with
                                                             new content
   84 00000054         
   85 00000054 2930            CMP              R1, #0x30
   86 00000056 DB1F            BLT              ERROR
   87 00000058 BFC8 2939       CMPGT            R1, #0x39
   88 0000005C DC1C            BGT              ERROR
   89 0000005E         
   90 0000005E         ; pointing to next character



ARM Macro Assembler    Page 48 


   91 0000005E 78C1            LDRB             R1, [R0, #3] ; Updating R1 with
                                                             new content
   92 00000060         
   93 00000060 2930            CMP              R1, #0x30
   94 00000062 DB19            BLT              ERROR
   95 00000064 BFC8 2939       CMPGT            R1, #0x39
   96 00000068 DC16            BGT              ERROR
   97 0000006A         
   98 0000006A         ;; Check if 5th byte decimal 0x2E
   99 0000006A         
  100 0000006A         ; pointing to next character
  101 0000006A 7901            LDRB             R1, [R0, #4] ; Updating R1 with
                                                             new content
  102 0000006C         
  103 0000006C 292E            CMP              R1, #0x2E
  104 0000006E D113            BNE              ERROR
  105 00000070         
  106 00000070         ;; 6th/7th bytes
  107 00000070         
  108 00000070         ; pointing to next character
  109 00000070 7941            LDRB             R1, [R0, #5] ; Updating R1 with
                                                             new content
  110 00000072         
  111 00000072 2930            CMP              R1, #0x30
  112 00000074 DB10            BLT              ERROR
  113 00000076 BFC8 2939       CMPGT            R1, #0x39
  114 0000007A DC0D            BGT              ERROR
  115 0000007C         
  116 0000007C         
  117 0000007C         ; pointing to next character
  118 0000007C 7981            LDRB             R1, [R0, #6] ; Updating R1 with
                                                             new content
  119 0000007E         
  120 0000007E 2930            CMP              R1, #0x30
  121 00000080 DB0A            BLT              ERROR
  122 00000082 BFC8 2939       CMPGT            R1, #0x39
  123 00000086 DC07            BGT              ERROR
  124 00000088         
  125 00000088         ;; TESTING LAST BIT IS NULL THEN SENDING DEPOSIT/WITHDRA
                       WL
  126 00000088         
  127 00000088         ; pointing to next character
  128 00000088 79C1            LDRB             R1, [R0, #7] ; Updating R1 with
                                                             new content
  129 0000008A         
  130 0000008A 2900            CMP              R1, #0x00
  131 0000008C D104            BNE              ERROR
  132 0000008E         
  133 0000008E         ;; implementing deposits and withdrawls ;;
  134 0000008E         ; done after making sure non of the transactions have an
                        error
  135 0000008E         
  136 0000008E 7801            LDRB             R1, [R0]    ; moving back to +/
                                                            - byte
  137 00000090         
  138 00000090 292B            CMP              R1, #0x2B   ;
  139 00000092 D025            BEQ              DEPOSIT
  140 00000094 292D            CMP              R1, #0x2D   ;
  141 00000096 D050            BEQ              WITHDRAWL



ARM Macro Assembler    Page 49 


  142 00000098         
  143 00000098         ERROR
  144 00000098         
  145 00000098         ;; moving calc error into transactions at the event of a
                       n error
  146 00000098         
  147 00000098 487C            LDR              R0, =(TRANSACTIONS_TOTAL)
  148 0000009A         
  149 0000009A F04F 0143       MOV              R1, #0x43   ; C
  150 0000009E 7001            STRB             R1,[R0]
  151 000000A0         
  152 000000A0 F04F 0141       MOV              R1, #0x41   ; A
  153 000000A4 7041            STRB             R1, [R0, #1]
  154 000000A6         
  155 000000A6 F04F 014C       MOV              R1, #0x4C   ; L
  156 000000AA 7081            STRB             R1, [R0, #2]
  157 000000AC         
  158 000000AC F04F 0143       MOV              R1, #0x43   ; C
  159 000000B0 70C1            STRB             R1, [R0, #3]
  160 000000B2         
  161 000000B2 F04F 0120       MOV              R1, #0x20   ; Space
  162 000000B6 7101            STRB             R1, [R0, #4]
  163 000000B8         
  164 000000B8 F04F 0145       MOV              R1, #0x45   ; E
  165 000000BC 7141            STRB             R1, [R0, #5]
  166 000000BE         
  167 000000BE F04F 0152       MOV              R1, #0x52   ; R
  168 000000C2 7181            STRB             R1, [R0, #6]
  169 000000C4         
  170 000000C4 F04F 0152       MOV              R1, #0x52   ; R
  171 000000C8 71C1            STRB             R1, [R0, #7]
  172 000000CA         
  173 000000CA F04F 014F       MOV              R1, #0x4F   ; O
  174 000000CE 7201            STRB             R1, [R0, #8]
  175 000000D0         
  176 000000D0 F04F 0152       MOV              R1, #0x52   ; R
  177 000000D4 7241            STRB             R1, [R0, #9]
  178 000000D6         
  179 000000D6 F04F 0100       MOV              R1, #0x00   ; END WITH NULL
  180 000000DA 7281            STRB             R1, [R0, #10]
  181 000000DC 72C1            STRB             R1, [R0, #11]
  182 000000DE         
  183 000000DE         
  184 000000DE E0CD            B                RETURN
  185 000000E0         
  186 000000E0         DEPOSIT                              ; implementing a de
                                                            posit 
  187 000000E0         
  188 000000E0         ; breaking down each transaction from hex to decimal
  189 000000E0         
  190 000000E0         
  191 000000E0 F890 8006       LDRB             R8,[R0,#6]  ; putting content a
                                                            t least sig fig at 
                                                            adress into R8
  192 000000E4 F1A8 0830       SUB              R8, R8, #0x30
  193 000000E8 4641            MOV              R1, R8      ; R1 will hold the 
                                                            tratransaction R8 i
                                                            s a place holder
  194 000000EA         ; R8 is a place holder



ARM Macro Assembler    Page 50 


  195 000000EA         
  196 000000EA         
  197 000000EA F890 8005       LDRB             R8, [R0, #5] ; second last sig 
                                                            fig 
  198 000000EE F1A8 0830       SUB              R8, R8, #0x30
  199 000000F2 F04F 070A       MOV              R7, #10
  200 000000F6 FB08 F807       MUL              R8, R8, R7  ; moving value to 2
                                                            nd least sig fig po
                                                            sition
  201 000000FA 4441            ADD              R1, R1, R8  ; now R1 hold last 
                                                            and second last byt
                                                            e
  202 000000FC         
  203 000000FC         
  204 000000FC F890 8003       LDRB             R8, [R0, #3] ; 3rd last sig fig
                                                             -skipping the deci
                                                            mal
  205 00000100 F1A8 0830       SUB              R8, R8, #0x30
  206 00000104 F04F 0764       MOV              R7, #100
  207 00000108 FB08 F807       MUL              R8, R8, R7  ; moving value to 3
                                                            rd least sig fig po
                                                            sition
  208 0000010C 4441            ADD              R1, R1, R8  ; now R1 holds last
                                                             3 sig figs
  209 0000010E         
  210 0000010E F890 8002       LDRB             R8, [R0, #2] 
                                                            ; 4th last sig fig 
                                                            
  211 00000112 F1A8 0830       SUB              R8, R8, #0x30
  212 00000116 F44F 777A       MOV              R7, #1000
  213 0000011A FB08 F807       MUL              R8, R8, R7  ; moving value to 4
                                                            th least sig fig po
                                                            sition
  214 0000011E 4441            ADD              R1, R1, R8  ; now R1 holds last
                                                             4 sig figs
  215 00000120         
  216 00000120 F890 8001       LDRB             R8, [R0, #1] ; Most sig fig
  217 00000124 F1A8 0830       SUB              R8, R8, #0x30
  218 00000128 F242 7710       MOV              R7, #10000
  219 0000012C FB08 F807       MUL              R8, R8, R7  ; moving value to m
                                                            ost sig fig positio
                                                            n
  220 00000130 4441            ADD              R1, R1, R8  ; now R1 hold the w
                                                            hole transaction
  221 00000132         
  222 00000132 440A            ADD              R2, R2, R1  ; R2 will hold our 
                                                            total posative valu
                                                            es in decimal
  223 00000134         
  224 00000134 F100 0008       ADD              R0, R0, #8  ;   ; Pointing to n
                                                            ext transaction bef
                                                            ore next while iter
                                                            ation
  225 00000138 E773            B                WHILE_START
  226 0000013A         
  227 0000013A         WITHDRAWL                            ; implementing with
                                                            drawl
  228 0000013A         
  229 0000013A F890 8006       LDRB             R8,[R0,#6]  ; putting content a



ARM Macro Assembler    Page 51 


                                                            t least sig fig at 
                                                            adress into R8
  230 0000013E F1A8 0830       SUB              R8, R8, #0x30
  231 00000142 4641            MOV              R1, R8      ; R1 will hold the 
                                                            tratransaction R8 i
                                                            s a place holder
  232 00000144         ; R8 is a place holder
  233 00000144         
  234 00000144         
  235 00000144 F890 8005       LDRB             R8, [R0, #5] ; second last sig 
                                                            fig 
  236 00000148 F1A8 0830       SUB              R8, R8, #0x30
  237 0000014C F04F 070A       MOV              R7, #10
  238 00000150 FB08 F807       MUL              R8, R8, R7  ; moving value to 2
                                                            nd least sig fig po
                                                            sition
  239 00000154 4441            ADD              R1, R1, R8  ; now R1 hold last 
                                                            and second last byt
                                                            e
  240 00000156         
  241 00000156         
  242 00000156 F890 8003       LDRB             R8, [R0, #3] ; 3rd last sig fig
                                                             -skipping the deci
                                                            mal
  243 0000015A F1A8 0830       SUB              R8, R8, #0x30
  244 0000015E F04F 0764       MOV              R7, #100
  245 00000162 FB08 F807       MUL              R8, R8, R7  ; moving value to 3
                                                            rd least sig fig po
                                                            sition
  246 00000166 4441            ADD              R1, R1, R8  ; now R1 holds last
                                                             3 sig figs
  247 00000168         
  248 00000168 F890 8002       LDRB             R8, [R0, #2] 
                                                            ; 4th last sig fig 
                                                            
  249 0000016C F1A8 0830       SUB              R8, R8, #0x30
  250 00000170 F44F 777A       MOV              R7, #1000
  251 00000174 FB08 F807       MUL              R8, R8, R7  ; moving value to 4
                                                            th least sig fig po
                                                            sition
  252 00000178 4441            ADD              R1, R1, R8  ; now R1 holds last
                                                             4 sig figs
  253 0000017A         
  254 0000017A F890 8001       LDRB             R8, [R0, #1] ; Most sig fig
  255 0000017E F1A8 0830       SUB              R8, R8, #0x30
  256 00000182 F242 7710       MOV              R7, #10000
  257 00000186 FB08 F807       MUL              R8, R8, R7  ; moving value to m
                                                            ost sig fig positio
                                                            n
  258 0000018A 4441            ADD              R1, R1, R8  ; now R1 hold the w
                                                            hole transaction
  259 0000018C         
  260 0000018C 440C            ADD              R4, R4, R1  ; R4 will hold our 
                                                            total  negatives in
                                                             decimal 
  261 0000018E         
  262 0000018E F100 0008       ADD              R0, R0, #8  ;   ; Pointing to n
                                                            ext transaction bef
                                                            ore next while iter



ARM Macro Assembler    Page 52 


                                                            ation
  263 00000192 E746            B                WHILE_START ; Starting next ite
                                                            ration
  264 00000194         
  265 00000194         
  266 00000194         WHILE_DONE
  267 00000194         
  268 00000194         ; now R2 has our posative values and R4 has out negative
                       s 
  269 00000194         ; need to check total is not negative to avoid twos comp
                        notation
  270 00000194         
  271 00000194 EBA2 0504       SUB              R5, R2, R4
  272 00000198         
  273 00000198         ; R5 is total if total is negative we need to take its a
                       bsolute value
  274 00000198 2D00            CMP              R5, #0
  275 0000019A BFBD F085 
              35FF             EORLT            R5, R5, #0xFFFFFFFF ; twos comp
                                                            
  276 000001A0 1C6D            ADDLT            R5, R5, #1
  277 000001A2         
  278 000001A2         ;; now R5 has our total and its time to go from HEX to A
                       SCII
  279 000001A2         ;; will use R8 as place holder and R7 as our divisor to 
                       extract 
  280 000001A2         
  281 000001A2         ; check if total is + or -
  282 000001A2         
  283 000001A2 F04F 082D       MOVLT            R8, #0x2D
  284 000001A6 F04F 082B       MOVGE            R8, #0x2B
  285 000001AA         
  286 000001AA         ; put appropriate sign at appropriate destination
  287 000001AA 4838            LDR              R0, =(TRANSACTIONS_TOTAL)
  288 000001AC F880 8000       STRB             R8, [R0]    ;
  289 000001B0         
  290 000001B0         ; inserting $ ascii charecter
  291 000001B0 F04F 0824       MOV              R8, #0x24
  292 000001B4 F880 8001       STRB             R8, [R0, #1]
  293 000001B8         
  294 000001B8         ; extracting most sig fig
  295 000001B8 F244 2740 
              F2C0 070F        MOV32            R7, #1000000
  296 000001C0 FBB5 F8F7       UDIV             R8, R5, R7  ; R8 now holds the 
                                                            most sig fig
  297 000001C4 4646            MOV              R6, R8
  298 000001C6 F106 0630       ADD              R6, R6, #0x30
  299 000001CA 7086            STRB             R6, [R0, #2] ; updating TRANS T
                                                            OTAL
  300 000001CC FB08 F807       MUL              R8, R8, R7
  301 000001D0 EBA5 0508       SUB              R5, R5, R8
  302 000001D4         
  303 000001D4         
  304 000001D4         
  305 000001D4         
  306 000001D4         ; most sig fig removed from R2
  307 000001D4         
  308 000001D4         ; extracting second most sig fig
  309 000001D4 F248 67A0 



ARM Macro Assembler    Page 53 


              F2C0 0701        MOV32            R7, #100000
  310 000001DC FBB5 F8F7       UDIV             R8, R5, R7  ; R8 now holds the 
                                                            most sig fig
  311 000001E0 4646            MOV              R6, R8
  312 000001E2 F106 0630       ADD              R6, R6, #0x30
  313 000001E6 70C6            STRB             R6, [R0, #3] ; updating TRANS T
                                                            OTAL
  314 000001E8 FB08 F807       MUL              R8, R8, R7
  315 000001EC EBA5 0508       SUB              R5, R5, R8
  316 000001F0         
  317 000001F0         ;inserting comma character
  318 000001F0 F04F 082C       MOV              R8, #0x2C
  319 000001F4 F880 8004       STRB             R8, [R0, #4]
  320 000001F8         
  321 000001F8         ; extracting third most sig fig
  322 000001F8 F242 7710 
              F2C0 0700        MOV32            R7, #10000
  323 00000200 FBB5 F8F7       UDIV             R8, R5, R7  ; R8 now holds the 
                                                            most sig fig
  324 00000204 4646            MOV              R6, R8
  325 00000206 F106 0630       ADD              R6, R6, #0x30
  326 0000020A 7146            STRB             R6, [R0, #5] ; updating TRANS T
                                                            OTAL
  327 0000020C FB08 F807       MUL              R8, R8, R7
  328 00000210 EBA5 0508       SUB              R5, R5, R8
  329 00000214         
  330 00000214         ; extracting 4th SF
  331 00000214 F240 37E8 
              F2C0 0700        MOV32            R7, #1000
  332 0000021C FBB5 F8F7       UDIV             R8, R5, R7  ; R8 now holds the 
                                                            most sig fig
  333 00000220 4646            MOV              R6, R8
  334 00000222 F106 0630       ADD              R6, R6, #0x30
  335 00000226 7186            STRB             R6, [R0, #6] ; updating TRANS T
                                                            OTAL
  336 00000228 FB08 F807       MUL              R8, R8, R7
  337 0000022C EBA5 0508       SUB              R5, R5, R8
  338 00000230         
  339 00000230         ; extracting 5th SF
  340 00000230 F240 0764 
              F2C0 0700        MOV32            R7, #100
  341 00000238 FBB5 F8F7       UDIV             R8, R5, R7  ; R8 now holds the 
                                                            most sig fig
  342 0000023C 4646            MOV              R6, R8
  343 0000023E F106 0630       ADD              R6, R6, #0x30
  344 00000242 71C6            STRB             R6, [R0, #7] ; updating TRANS T
                                                            OTAL
  345 00000244 FB08 F807       MUL              R8, R8, R7
  346 00000248 EBA5 0508       SUB              R5, R5, R8
  347 0000024C         
  348 0000024C         ; inserting dot char
  349 0000024C F04F 082E       MOV              R8, #0x2E
  350 00000250 F880 8008       STRB             R8, [R0, #8]
  351 00000254         
  352 00000254         ; extracting 6th most sig fig
  353 00000254 F240 070A 
              F2C0 0700        MOV32            R7, #10
  354 0000025C FBB5 F8F7       UDIV             R8, R5, R7  ; R8 now holds the 
                                                            most sig fig



ARM Macro Assembler    Page 54 


  355 00000260 4646            MOV              R6, R8
  356 00000262 F106 0630       ADD              R6, R6, #0x30
  357 00000266 7246            STRB             R6, [R0, #9] ; updating TRANS T
                                                            OTAL
  358 00000268 FB08 F807       MUL              R8, R8, R7
  359 0000026C EBA5 0508       SUB              R5, R5, R8
  360 00000270         
  361 00000270 F105 0530       ADD              R5, R5, #0x30 ; going from int 
                                                            to ascii
  362 00000274 7285            STRB             R5, [R0, #10] ; updating last s
                                                            ig fig
  363 00000276         
  364 00000276 F04F 0700       MOV              R7, #0x00
  365 0000027A 72C7            STRB             R7, [R0, #11] ; updating last b
                                                            yte with NULL
  366 0000027C         
  367 0000027C         
  368 0000027C         
  369 0000027C         ; DO NOT MODIFY ANTHING BELOW THIS LINE!!!        
  370 0000027C         RETURN
  371 0000027C E8BD 9FFF       POP              {R0-R12, PC}
  372 00000280         
  373 00000280                 ENDP
  374 00000280                 align
  375 00000280         
  376 00000280         
  377 00000280                 END
              00000000 
              00000000 
              00000000 
              00000000 
Command Line: --debug --xref --cpu=Cortex-M4.fp --apcs=interwork --depend=.\obj
\ece353_hw1.d -o.\obj\ece353_hw1.o -I"I:\my docs\ECE 353\ECE353-HW1d1\ECE353-HW
1\ECE353-HW1\src\RTE" -IC:\AppV\mdk_510\ARM\PACK\ARM\CMSIS\4.1.1\CMSIS\Include 
-IC:\AppV\mdk_510\ARM\PACK\Keil\TM4C_DFP\1.0.0\Device\Include\TM4C123 --predefi
ne="__EVAL SETA 1" --predefine="__MICROLIB SETA 1" --list=.\lst\ece353_hw1.lst 
ece353_hw1.s



ARM Macro Assembler    Page 1 Alphabetic symbol ordering
Relocatable symbols

SRAM 00000000

Symbol: SRAM
   Definitions
      At line 13 in file ece353_hw1.s
   Uses
      None
Comment: SRAM unused
TRANSACTIONS 00000000

Symbol: TRANSACTIONS
   Definitions
      At line 15 in file ece353_hw1.s
   Uses
      At line 7 in file ece353_hw1.s
      At line 39 in file ece353_hw1.s

TRANSACTIONS_TOTAL 00001F40

Symbol: TRANSACTIONS_TOTAL
   Definitions
      At line 16 in file ece353_hw1.s
   Uses
      At line 6 in file ece353_hw1.s
      At line 147 in file ece353_hw1.s
      At line 287 in file ece353_hw1.s

3 symbols



ARM Macro Assembler    Page 1 Alphabetic symbol ordering
Relocatable symbols

DEPOSIT 000000E0

Symbol: DEPOSIT
   Definitions
      At line 186 in file ece353_hw1.s
   Uses
      At line 139 in file ece353_hw1.s
Comment: DEPOSIT used once
ERROR 00000098

Symbol: ERROR
   Definitions
      At line 143 in file ece353_hw1.s
   Uses
      At line 62 in file ece353_hw1.s
      At line 67 in file ece353_hw1.s
      At line 76 in file ece353_hw1.s
      At line 78 in file ece353_hw1.s
      At line 86 in file ece353_hw1.s
      At line 88 in file ece353_hw1.s
      At line 94 in file ece353_hw1.s
      At line 96 in file ece353_hw1.s
      At line 104 in file ece353_hw1.s
      At line 112 in file ece353_hw1.s
      At line 114 in file ece353_hw1.s
      At line 121 in file ece353_hw1.s
      At line 123 in file ece353_hw1.s
      At line 131 in file ece353_hw1.s

FLASH 00000000

Symbol: FLASH
   Definitions
      At line 22 in file ece353_hw1.s
   Uses
      None
Comment: FLASH unused
PERSON1 00000000

Symbol: PERSON1
   Definitions
      At line 23 in file ece353_hw1.s
   Uses
      At line 8 in file ece353_hw1.s
Comment: PERSON1 used once
RETURN 0000027C

Symbol: RETURN
   Definitions
      At line 370 in file ece353_hw1.s
   Uses
      At line 184 in file ece353_hw1.s
Comment: RETURN used once
WHILE_DONE 00000194

Symbol: WHILE_DONE
   Definitions
      At line 266 in file ece353_hw1.s
   Uses



ARM Macro Assembler    Page 2 Alphabetic symbol ordering
Relocatable symbols

      At line 51 in file ece353_hw1.s
      At line 58 in file ece353_hw1.s

WHILE_START 00000022

Symbol: WHILE_START
   Definitions
      At line 46 in file ece353_hw1.s
   Uses
      At line 225 in file ece353_hw1.s
      At line 263 in file ece353_hw1.s

WITHDRAWL 0000013A

Symbol: WITHDRAWL
   Definitions
      At line 227 in file ece353_hw1.s
   Uses
      At line 141 in file ece353_hw1.s
Comment: WITHDRAWL used once
hw1 00000010

Symbol: hw1
   Definitions
      At line 31 in file ece353_hw1.s
   Uses
      At line 5 in file ece353_hw1.s
Comment: hw1 used once
9 symbols
347 symbols in table
