Product: MDK-ARM Lite 5.10
Component: ARM Compiler 5.04 update 1 (build 49)
Tool: armlink [5040049]

==============================================================================

Section Cross References

    main.o(.text) refers to boardutil.o(.text) for DisableInterrupts
    main.o(.text) refers to printf2.o(i.__0printf$2) for __2printf
    main.o(.text) refers to strcpy.o(.text) for strcpy
    main.o(.text) refers to ece353_hw1.o(FLASH) for hw1
    main.o(.text) refers to strcmp.o(.text) for strcmp
    main.o(.text) refers to ece353_hw1.o(SRAM) for TRANSACTIONS
    ece353_hw1.o(FLASH) refers to ece353_hw1.o(SRAM) for TRANSACTIONS
    startup_tm4c123.o(RESET) refers to startup_tm4c123.o(STACK) for __initial_sp
    startup_tm4c123.o(RESET) refers to startup_tm4c123.o(.text) for Reset_Handler
    startup_tm4c123.o(RESET) refers to interrupts.o(.text) for ECE353_UART0_Handler
    startup_tm4c123.o(.text) refers to system_tm4c123.o(.text) for SystemInit
    startup_tm4c123.o(.text) refers to entry.o(.ARM.Collect$$$$00000000) for __main
    system_tm4c123.o(.text) refers to system_tm4c123.o(.data) for SystemCoreClock
    boardutil.o(.text) refers to gpioport.o(.text) for gpio_enable_port
    boardutil.o(.text) refers to uart.o(.text) for uart_init_115K
    interrupts.o(.text) refers to pc_buffer.o(.text) for pc_buffer_full
    interrupts.o(.text) refers to uart.o(.bss) for UART0_Rx_Buffer
    uart.o(.text) refers to pc_buffer.o(.text) for pc_buffer_empty
    uart.o(.text) refers to boardutil.o(.text) for DisableInterrupts
    uart.o(.text) refers to errno.o(i.__aeabi_errno_addr) for __aeabi_errno_addr
    uart.o(.text) refers to uart.o(.bss) for UART0_Rx_Buffer
    uart.o(.text) refers to stdout.o(.data) for __stdout
    uart.o(.text) refers to stdin.o(.data) for __stdin
    entry.o(.ARM.Collect$$$$00000000) refers (Special) to entry10a.o(.ARM.Collect$$$$0000000D) for __rt_final_cpp
    entry.o(.ARM.Collect$$$$00000000) refers (Special) to entry11a.o(.ARM.Collect$$$$0000000F) for __rt_final_exit
    entry.o(.ARM.Collect$$$$00000000) refers (Special) to entry7b.o(.ARM.Collect$$$$00000008) for _main_clock
    entry.o(.ARM.Collect$$$$00000000) refers (Special) to entry8b.o(.ARM.Collect$$$$0000000A) for _main_cpp_init
    entry.o(.ARM.Collect$$$$00000000) refers (Special) to entry9a.o(.ARM.Collect$$$$0000000B) for _main_init
    entry.o(.ARM.Collect$$$$00000000) refers (Special) to entry5.o(.ARM.Collect$$$$00000004) for _main_scatterload
    entry.o(.ARM.Collect$$$$00000000) refers (Special) to entry2.o(.ARM.Collect$$$$00000001) for _main_stk
    printfb.o(i.__0fprintf$bare) refers to printfb.o(i._printf_core) for _printf_core
    printfb.o(i.__0fprintf$bare) refers to uart.o(.text) for fputc
    printfb.o(i.__0printf$bare) refers to printfb.o(i._printf_core) for _printf_core
    printfb.o(i.__0printf$bare) refers to uart.o(.text) for fputc
    printfb.o(i.__0printf$bare) refers to stdout.o(.data) for __stdout
    printfb.o(i.__0snprintf$bare) refers to printfb.o(i._printf_core) for _printf_core
    printfb.o(i.__0snprintf$bare) refers to printfb.o(i._snputc) for _snputc
    printfb.o(i.__0sprintf$bare) refers to printfb.o(i._printf_core) for _printf_core
    printfb.o(i.__0sprintf$bare) refers to printfb.o(i._sputc) for _sputc
    printfb.o(i.__0vfprintf$bare) refers to printfb.o(i._printf_core) for _printf_core
    printfb.o(i.__0vfprintf$bare) refers to uart.o(.text) for fputc
    printfb.o(i.__0vprintf$bare) refers to printfb.o(i._printf_core) for _printf_core
    printfb.o(i.__0vprintf$bare) refers to uart.o(.text) for fputc
    printfb.o(i.__0vprintf$bare) refers to stdout.o(.data) for __stdout
    printfb.o(i.__0vsnprintf$bare) refers to printfb.o(i._printf_core) for _printf_core
    printfb.o(i.__0vsnprintf$bare) refers to printfb.o(i._snputc) for _snputc
    printfb.o(i.__0vsprintf$bare) refers to printfb.o(i._printf_core) for _printf_core
    printfb.o(i.__0vsprintf$bare) refers to printfb.o(i._sputc) for _sputc
    printf0.o(i.__0fprintf$0) refers to printf0.o(i._printf_core) for _printf_core
    printf0.o(i.__0fprintf$0) refers to uart.o(.text) for fputc
    printf0.o(i.__0printf$0) refers to printf0.o(i._printf_core) for _printf_core
    printf0.o(i.__0printf$0) refers to uart.o(.text) for fputc
    printf0.o(i.__0printf$0) refers to stdout.o(.data) for __stdout
    printf0.o(i.__0snprintf$0) refers to printf0.o(i._printf_core) for _printf_core
    printf0.o(i.__0snprintf$0) refers to printf0.o(i._snputc) for _snputc
    printf0.o(i.__0sprintf$0) refers to printf0.o(i._printf_core) for _printf_core
    printf0.o(i.__0sprintf$0) refers to printf0.o(i._sputc) for _sputc
    printf0.o(i.__0vfprintf$0) refers to printf0.o(i._printf_core) for _printf_core
    printf0.o(i.__0vfprintf$0) refers to uart.o(.text) for fputc
    printf0.o(i.__0vprintf$0) refers to printf0.o(i._printf_core) for _printf_core
    printf0.o(i.__0vprintf$0) refers to uart.o(.text) for fputc
    printf0.o(i.__0vprintf$0) refers to stdout.o(.data) for __stdout
    printf0.o(i.__0vsnprintf$0) refers to printf0.o(i._printf_core) for _printf_core
    printf0.o(i.__0vsnprintf$0) refers to printf0.o(i._snputc) for _snputc
    printf0.o(i.__0vsprintf$0) refers to printf0.o(i._printf_core) for _printf_core
    printf0.o(i.__0vsprintf$0) refers to printf0.o(i._sputc) for _sputc
    printf1.o(i.__0fprintf$1) refers to printf1.o(i._printf_core) for _printf_core
    printf1.o(i.__0fprintf$1) refers to uart.o(.text) for fputc
    printf1.o(i.__0printf$1) refers to printf1.o(i._printf_core) for _printf_core
    printf1.o(i.__0printf$1) refers to uart.o(.text) for fputc
    printf1.o(i.__0printf$1) refers to stdout.o(.data) for __stdout
    printf1.o(i.__0snprintf$1) refers to printf1.o(i._printf_core) for _printf_core
    printf1.o(i.__0snprintf$1) refers to printf1.o(i._snputc) for _snputc
    printf1.o(i.__0sprintf$1) refers to printf1.o(i._printf_core) for _printf_core
    printf1.o(i.__0sprintf$1) refers to printf1.o(i._sputc) for _sputc
    printf1.o(i.__0vfprintf$1) refers to printf1.o(i._printf_core) for _printf_core
    printf1.o(i.__0vfprintf$1) refers to uart.o(.text) for fputc
    printf1.o(i.__0vprintf$1) refers to printf1.o(i._printf_core) for _printf_core
    printf1.o(i.__0vprintf$1) refers to uart.o(.text) for fputc
    printf1.o(i.__0vprintf$1) refers to stdout.o(.data) for __stdout
    printf1.o(i.__0vsnprintf$1) refers to printf1.o(i._printf_core) for _printf_core
    printf1.o(i.__0vsnprintf$1) refers to printf1.o(i._snputc) for _snputc
    printf1.o(i.__0vsprintf$1) refers to printf1.o(i._printf_core) for _printf_core
    printf1.o(i.__0vsprintf$1) refers to printf1.o(i._sputc) for _sputc
    printf1.o(i._printf_core) refers to uidiv.o(.text) for __aeabi_uidivmod
    printf2.o(i.__0fprintf$2) refers to printf2.o(i._printf_core) for _printf_core
    printf2.o(i.__0fprintf$2) refers to uart.o(.text) for fputc
    printf2.o(i.__0printf$2) refers to printf2.o(i._printf_core) for _printf_core
    printf2.o(i.__0printf$2) refers to uart.o(.text) for fputc
    printf2.o(i.__0printf$2) refers to stdout.o(.data) for __stdout
    printf2.o(i.__0snprintf$2) refers to printf2.o(i._printf_core) for _printf_core
    printf2.o(i.__0snprintf$2) refers to printf2.o(i._snputc) for _snputc
    printf2.o(i.__0sprintf$2) refers to printf2.o(i._printf_core) for _printf_core
    printf2.o(i.__0sprintf$2) refers to printf2.o(i._sputc) for _sputc
    printf2.o(i.__0vfprintf$2) refers to printf2.o(i._printf_core) for _printf_core
    printf2.o(i.__0vfprintf$2) refers to uart.o(.text) for fputc
    printf2.o(i.__0vprintf$2) refers to printf2.o(i._printf_core) for _printf_core
    printf2.o(i.__0vprintf$2) refers to uart.o(.text) for fputc
    printf2.o(i.__0vprintf$2) refers to stdout.o(.data) for __stdout
    printf2.o(i.__0vsnprintf$2) refers to printf2.o(i._printf_core) for _printf_core
    printf2.o(i.__0vsnprintf$2) refers to printf2.o(i._snputc) for _snputc
    printf2.o(i.__0vsprintf$2) refers to printf2.o(i._printf_core) for _printf_core
    printf2.o(i.__0vsprintf$2) refers to printf2.o(i._sputc) for _sputc
    printf3.o(i.__0fprintf$3) refers to printf3.o(i._printf_core) for _printf_core
    printf3.o(i.__0fprintf$3) refers to uart.o(.text) for fputc
    printf3.o(i.__0printf$3) refers to printf3.o(i._printf_core) for _printf_core
    printf3.o(i.__0printf$3) refers to uart.o(.text) for fputc
    printf3.o(i.__0printf$3) refers to stdout.o(.data) for __stdout
    printf3.o(i.__0snprintf$3) refers to printf3.o(i._printf_core) for _printf_core
    printf3.o(i.__0snprintf$3) refers to printf3.o(i._snputc) for _snputc
    printf3.o(i.__0sprintf$3) refers to printf3.o(i._printf_core) for _printf_core
    printf3.o(i.__0sprintf$3) refers to printf3.o(i._sputc) for _sputc
    printf3.o(i.__0vfprintf$3) refers to printf3.o(i._printf_core) for _printf_core
    printf3.o(i.__0vfprintf$3) refers to uart.o(.text) for fputc
    printf3.o(i.__0vprintf$3) refers to printf3.o(i._printf_core) for _printf_core
    printf3.o(i.__0vprintf$3) refers to uart.o(.text) for fputc
    printf3.o(i.__0vprintf$3) refers to stdout.o(.data) for __stdout
    printf3.o(i.__0vsnprintf$3) refers to printf3.o(i._printf_core) for _printf_core
    printf3.o(i.__0vsnprintf$3) refers to printf3.o(i._snputc) for _snputc
    printf3.o(i.__0vsprintf$3) refers to printf3.o(i._printf_core) for _printf_core
    printf3.o(i.__0vsprintf$3) refers to printf3.o(i._sputc) for _sputc
    printf3.o(i._printf_core) refers to uidiv.o(.text) for __aeabi_uidivmod
    printf4.o(i.__0fprintf$4) refers to printf4.o(i._printf_core) for _printf_core
    printf4.o(i.__0fprintf$4) refers to uart.o(.text) for fputc
    printf4.o(i.__0printf$4) refers to printf4.o(i._printf_core) for _printf_core
    printf4.o(i.__0printf$4) refers to uart.o(.text) for fputc
    printf4.o(i.__0printf$4) refers to stdout.o(.data) for __stdout
    printf4.o(i.__0snprintf$4) refers to printf4.o(i._printf_core) for _printf_core
    printf4.o(i.__0snprintf$4) refers to printf4.o(i._snputc) for _snputc
    printf4.o(i.__0sprintf$4) refers to printf4.o(i._printf_core) for _printf_core
    printf4.o(i.__0sprintf$4) refers to printf4.o(i._sputc) for _sputc
    printf4.o(i.__0vfprintf$4) refers to printf4.o(i._printf_core) for _printf_core
    printf4.o(i.__0vfprintf$4) refers to uart.o(.text) for fputc
    printf4.o(i.__0vprintf$4) refers to printf4.o(i._printf_core) for _printf_core
    printf4.o(i.__0vprintf$4) refers to uart.o(.text) for fputc
    printf4.o(i.__0vprintf$4) refers to stdout.o(.data) for __stdout
    printf4.o(i.__0vsnprintf$4) refers to printf4.o(i._printf_core) for _printf_core
    printf4.o(i.__0vsnprintf$4) refers to printf4.o(i._snputc) for _snputc
    printf4.o(i.__0vsprintf$4) refers to printf4.o(i._printf_core) for _printf_core
    printf4.o(i.__0vsprintf$4) refers to printf4.o(i._sputc) for _sputc
    printf4.o(i._printf_core) refers to uldiv.o(.text) for __aeabi_uldivmod
    printf5.o(i.__0fprintf$5) refers to printf5.o(i._printf_core) for _printf_core
    printf5.o(i.__0fprintf$5) refers to uart.o(.text) for fputc
    printf5.o(i.__0printf$5) refers to printf5.o(i._printf_core) for _printf_core
    printf5.o(i.__0printf$5) refers to uart.o(.text) for fputc
    printf5.o(i.__0printf$5) refers to stdout.o(.data) for __stdout
    printf5.o(i.__0snprintf$5) refers to printf5.o(i._printf_core) for _printf_core
    printf5.o(i.__0snprintf$5) refers to printf5.o(i._snputc) for _snputc
    printf5.o(i.__0sprintf$5) refers to printf5.o(i._printf_core) for _printf_core
    printf5.o(i.__0sprintf$5) refers to printf5.o(i._sputc) for _sputc
    printf5.o(i.__0vfprintf$5) refers to printf5.o(i._printf_core) for _printf_core
    printf5.o(i.__0vfprintf$5) refers to uart.o(.text) for fputc
    printf5.o(i.__0vprintf$5) refers to printf5.o(i._printf_core) for _printf_core
    printf5.o(i.__0vprintf$5) refers to uart.o(.text) for fputc
    printf5.o(i.__0vprintf$5) refers to stdout.o(.data) for __stdout
    printf5.o(i.__0vsnprintf$5) refers to printf5.o(i._printf_core) for _printf_core
    printf5.o(i.__0vsnprintf$5) refers to printf5.o(i._snputc) for _snputc
    printf5.o(i.__0vsprintf$5) refers to printf5.o(i._printf_core) for _printf_core
    printf5.o(i.__0vsprintf$5) refers to printf5.o(i._sputc) for _sputc
    printf5.o(i._printf_core) refers to uldiv.o(.text) for __aeabi_uldivmod
    printf6.o(i.__0fprintf$6) refers to printf6.o(i._printf_core) for _printf_core
    printf6.o(i.__0fprintf$6) refers to uart.o(.text) for fputc
    printf6.o(i.__0printf$6) refers to printf6.o(i._printf_core) for _printf_core
    printf6.o(i.__0printf$6) refers to uart.o(.text) for fputc
    printf6.o(i.__0printf$6) refers to stdout.o(.data) for __stdout
    printf6.o(i.__0snprintf$6) refers to printf6.o(i._printf_core) for _printf_core
    printf6.o(i.__0snprintf$6) refers to printf6.o(i._snputc) for _snputc
    printf6.o(i.__0sprintf$6) refers to printf6.o(i._printf_core) for _printf_core
    printf6.o(i.__0sprintf$6) refers to printf6.o(i._sputc) for _sputc
    printf6.o(i.__0vfprintf$6) refers to printf6.o(i._printf_core) for _printf_core
    printf6.o(i.__0vfprintf$6) refers to uart.o(.text) for fputc
    printf6.o(i.__0vprintf$6) refers to printf6.o(i._printf_core) for _printf_core
    printf6.o(i.__0vprintf$6) refers to uart.o(.text) for fputc
    printf6.o(i.__0vprintf$6) refers to stdout.o(.data) for __stdout
    printf6.o(i.__0vsnprintf$6) refers to printf6.o(i._printf_core) for _printf_core
    printf6.o(i.__0vsnprintf$6) refers to printf6.o(i._snputc) for _snputc
    printf6.o(i.__0vsprintf$6) refers to printf6.o(i._printf_core) for _printf_core
    printf6.o(i.__0vsprintf$6) refers to printf6.o(i._sputc) for _sputc
    printf6.o(i._printf_core) refers to printf6.o(i._printf_pre_padding) for _printf_pre_padding
    printf6.o(i._printf_core) refers to uidiv.o(.text) for __aeabi_uidivmod
    printf6.o(i._printf_core) refers to printf6.o(i._printf_post_padding) for _printf_post_padding
    printf7.o(i.__0fprintf$7) refers to printf7.o(i._printf_core) for _printf_core
    printf7.o(i.__0fprintf$7) refers to uart.o(.text) for fputc
    printf7.o(i.__0printf$7) refers to printf7.o(i._printf_core) for _printf_core
    printf7.o(i.__0printf$7) refers to uart.o(.text) for fputc
    printf7.o(i.__0printf$7) refers to stdout.o(.data) for __stdout
    printf7.o(i.__0snprintf$7) refers to printf7.o(i._printf_core) for _printf_core
    printf7.o(i.__0snprintf$7) refers to printf7.o(i._snputc) for _snputc
    printf7.o(i.__0sprintf$7) refers to printf7.o(i._printf_core) for _printf_core
    printf7.o(i.__0sprintf$7) refers to printf7.o(i._sputc) for _sputc
    printf7.o(i.__0vfprintf$7) refers to printf7.o(i._printf_core) for _printf_core
    printf7.o(i.__0vfprintf$7) refers to uart.o(.text) for fputc
    printf7.o(i.__0vprintf$7) refers to printf7.o(i._printf_core) for _printf_core
    printf7.o(i.__0vprintf$7) refers to uart.o(.text) for fputc
    printf7.o(i.__0vprintf$7) refers to stdout.o(.data) for __stdout
    printf7.o(i.__0vsnprintf$7) refers to printf7.o(i._printf_core) for _printf_core
    printf7.o(i.__0vsnprintf$7) refers to printf7.o(i._snputc) for _snputc
    printf7.o(i.__0vsprintf$7) refers to printf7.o(i._printf_core) for _printf_core
    printf7.o(i.__0vsprintf$7) refers to printf7.o(i._sputc) for _sputc
    printf7.o(i._printf_core) refers to printf7.o(i._printf_pre_padding) for _printf_pre_padding
    printf7.o(i._printf_core) refers to uldiv.o(.text) for __aeabi_uldivmod
    printf7.o(i._printf_core) refers to printf7.o(i._printf_post_padding) for _printf_post_padding
    printf8.o(i.__0fprintf$8) refers to printf8.o(i._printf_core) for _printf_core
    printf8.o(i.__0fprintf$8) refers to uart.o(.text) for fputc
    printf8.o(i.__0printf$8) refers to printf8.o(i._printf_core) for _printf_core
    printf8.o(i.__0printf$8) refers to uart.o(.text) for fputc
    printf8.o(i.__0printf$8) refers to stdout.o(.data) for __stdout
    printf8.o(i.__0snprintf$8) refers to printf8.o(i._printf_core) for _printf_core
    printf8.o(i.__0snprintf$8) refers to printf8.o(i._snputc) for _snputc
    printf8.o(i.__0sprintf$8) refers to printf8.o(i._printf_core) for _printf_core
    printf8.o(i.__0sprintf$8) refers to printf8.o(i._sputc) for _sputc
    printf8.o(i.__0vfprintf$8) refers to printf8.o(i._printf_core) for _printf_core
    printf8.o(i.__0vfprintf$8) refers to uart.o(.text) for fputc
    printf8.o(i.__0vprintf$8) refers to printf8.o(i._printf_core) for _printf_core
    printf8.o(i.__0vprintf$8) refers to uart.o(.text) for fputc
    printf8.o(i.__0vprintf$8) refers to stdout.o(.data) for __stdout
    printf8.o(i.__0vsnprintf$8) refers to printf8.o(i._printf_core) for _printf_core
    printf8.o(i.__0vsnprintf$8) refers to printf8.o(i._snputc) for _snputc
    printf8.o(i.__0vsprintf$8) refers to printf8.o(i._printf_core) for _printf_core
    printf8.o(i.__0vsprintf$8) refers to printf8.o(i._sputc) for _sputc
    printf8.o(i._printf_core) refers to printf8.o(i._printf_pre_padding) for _printf_pre_padding
    printf8.o(i._printf_core) refers to uldiv.o(.text) for __aeabi_uldivmod
    printf8.o(i._printf_core) refers to printf8.o(i._printf_post_padding) for _printf_post_padding
    printfa.o(i.__0fprintf) refers (Special) to iusefp.o(.text) for __I$use$fp
    printfa.o(i.__0fprintf) refers to printfa.o(i._printf_core) for _printf_core
    printfa.o(i.__0fprintf) refers to uart.o(.text) for fputc
    printfa.o(i.__0printf) refers (Special) to iusefp.o(.text) for __I$use$fp
    printfa.o(i.__0printf) refers to printfa.o(i._printf_core) for _printf_core
    printfa.o(i.__0printf) refers to uart.o(.text) for fputc
    printfa.o(i.__0printf) refers to stdout.o(.data) for __stdout
    printfa.o(i.__0snprintf) refers (Special) to iusefp.o(.text) for __I$use$fp
    printfa.o(i.__0snprintf) refers to printfa.o(i._printf_core) for _printf_core
    printfa.o(i.__0snprintf) refers to printfa.o(i._snputc) for _snputc
    printfa.o(i.__0sprintf) refers (Special) to iusefp.o(.text) for __I$use$fp
    printfa.o(i.__0sprintf) refers to printfa.o(i._printf_core) for _printf_core
    printfa.o(i.__0sprintf) refers to printfa.o(i._sputc) for _sputc
    printfa.o(i.__0vfprintf) refers (Special) to iusefp.o(.text) for __I$use$fp
    printfa.o(i.__0vfprintf) refers to printfa.o(i._printf_core) for _printf_core
    printfa.o(i.__0vfprintf) refers to uart.o(.text) for fputc
    printfa.o(i.__0vprintf) refers (Special) to iusefp.o(.text) for __I$use$fp
    printfa.o(i.__0vprintf) refers to printfa.o(i._printf_core) for _printf_core
    printfa.o(i.__0vprintf) refers to uart.o(.text) for fputc
    printfa.o(i.__0vprintf) refers to stdout.o(.data) for __stdout
    printfa.o(i.__0vsnprintf) refers (Special) to iusefp.o(.text) for __I$use$fp
    printfa.o(i.__0vsnprintf) refers to printfa.o(i._printf_core) for _printf_core
    printfa.o(i.__0vsnprintf) refers to printfa.o(i._snputc) for _snputc
    printfa.o(i.__0vsprintf) refers (Special) to iusefp.o(.text) for __I$use$fp
    printfa.o(i.__0vsprintf) refers to printfa.o(i._printf_core) for _printf_core
    printfa.o(i.__0vsprintf) refers to printfa.o(i._sputc) for _sputc
    printfa.o(i._fp_digits) refers (Special) to iusefp.o(.text) for __I$use$fp
    printfa.o(i._fp_digits) refers to dmul.o(.text) for __aeabi_dmul
    printfa.o(i._fp_digits) refers to ddiv.o(.text) for __aeabi_ddiv
    printfa.o(i._fp_digits) refers to cdrcmple.o(.text) for __aeabi_cdrcmple
    printfa.o(i._fp_digits) refers to dadd.o(.text) for __aeabi_dadd
    printfa.o(i._fp_digits) refers to dfixul.o(.text) for __aeabi_d2ulz
    printfa.o(i._fp_digits) refers to uldiv.o(.text) for __aeabi_uldivmod
    printfa.o(i._printf_core) refers (Special) to iusefp.o(.text) for __I$use$fp
    printfa.o(i._printf_core) refers to printfa.o(i._printf_pre_padding) for _printf_pre_padding
    printfa.o(i._printf_core) refers to uldiv.o(.text) for __aeabi_uldivmod
    printfa.o(i._printf_core) refers to printfa.o(i._printf_post_padding) for _printf_post_padding
    printfa.o(i._printf_core) refers to printfa.o(i._fp_digits) for _fp_digits
    printfa.o(i._printf_core) refers to uidiv.o(.text) for __aeabi_uidivmod
    printfa.o(i._printf_post_padding) refers (Special) to iusefp.o(.text) for __I$use$fp
    printfa.o(i._printf_pre_padding) refers (Special) to iusefp.o(.text) for __I$use$fp
    printfa.o(i._snputc) refers (Special) to iusefp.o(.text) for __I$use$fp
    printfa.o(i._sputc) refers (Special) to iusefp.o(.text) for __I$use$fp
    errno.o(i.__aeabi_errno_addr) refers to errno.o(.data) for .data
    errno.o(i.__read_errno) refers to errno.o(.data) for .data
    errno.o(i.__set_errno) refers to errno.o(.data) for .data
    entry2.o(.ARM.Collect$$$$00000001) refers to entry2.o(.ARM.Collect$$$$00002712) for __lit__00000000
    entry2.o(.ARM.Collect$$$$00002712) refers to startup_tm4c123.o(STACK) for __initial_sp
    entry2.o(__vectab_stack_and_reset_area) refers to startup_tm4c123.o(STACK) for __initial_sp
    entry2.o(__vectab_stack_and_reset_area) refers to entry.o(.ARM.Collect$$$$00000000) for __main
    entry5.o(.ARM.Collect$$$$00000004) refers to init.o(.text) for __scatterload
    entry9a.o(.ARM.Collect$$$$0000000B) refers to main.o(.text) for main
    entry9b.o(.ARM.Collect$$$$0000000C) refers to main.o(.text) for main
    uldiv.o(.text) refers to llushr.o(.text) for __aeabi_llsr
    uldiv.o(.text) refers to llshl.o(.text) for __aeabi_llsl
    dadd.o(.text) refers to llshl.o(.text) for __aeabi_llsl
    dadd.o(.text) refers to llsshr.o(.text) for __aeabi_lasr
    dadd.o(.text) refers to depilogue.o(.text) for _double_epilogue
    dmul.o(.text) refers to depilogue.o(.text) for _double_epilogue
    ddiv.o(.text) refers to depilogue.o(.text) for _double_round
    dfixul.o(.text) refers to llushr.o(.text) for __aeabi_llsr
    dfixul.o(.text) refers to llshl.o(.text) for __aeabi_llsl
    init.o(.text) refers to entry5.o(.ARM.Collect$$$$00000004) for __main_after_scatterload
    depilogue.o(.text) refers to llshl.o(.text) for __aeabi_llsl
    depilogue.o(.text) refers to llushr.o(.text) for __aeabi_llsr


==============================================================================

Removing Unused input sections from the image.

    Removing main.o(.rev16_text), (4 bytes).
    Removing main.o(.revsh_text), (4 bytes).
    Removing startup_tm4c123.o(HEAP), (0 bytes).
    Removing system_tm4c123.o(.rev16_text), (4 bytes).
    Removing system_tm4c123.o(.revsh_text), (4 bytes).
    Removing boardutil.o(.rev16_text), (4 bytes).
    Removing boardutil.o(.revsh_text), (4 bytes).
    Removing interrupts.o(.rev16_text), (4 bytes).
    Removing interrupts.o(.revsh_text), (4 bytes).
    Removing gpioport.o(.rev16_text), (4 bytes).
    Removing gpioport.o(.revsh_text), (4 bytes).
    Removing uart.o(.rev16_text), (4 bytes).
    Removing uart.o(.revsh_text), (4 bytes).
    Removing dadd.o(.text), (334 bytes).
    Removing dmul.o(.text), (228 bytes).
    Removing ddiv.o(.text), (222 bytes).
    Removing dfixul.o(.text), (48 bytes).
    Removing cdrcmple.o(.text), (40 bytes).
    Removing depilogue.o(.text), (182 bytes).

19 unused section(s) (total 1102 bytes) removed from the image.

==============================================================================

Image Symbol Table

    Local Symbols

    Symbol Name                              Value     Ov Type        Size  Object(Section)

    RESET                                    0x00000000   Section      620  startup_tm4c123.o(RESET)
    ../clib/../cmprslib/zerorunl.c           0x00000000   Number         0  __dczerorl.o ABSOLUTE
    ../clib/microlib/division.c              0x00000000   Number         0  uidiv.o ABSOLUTE
    ../clib/microlib/division.c              0x00000000   Number         0  uldiv.o ABSOLUTE
    ../clib/microlib/errno.c                 0x00000000   Number         0  errno.o ABSOLUTE
    ../clib/microlib/init/entry.s            0x00000000   Number         0  entry11b.o ABSOLUTE
    ../clib/microlib/init/entry.s            0x00000000   Number         0  entry11a.o ABSOLUTE
    ../clib/microlib/init/entry.s            0x00000000   Number         0  entry10b.o ABSOLUTE
    ../clib/microlib/init/entry.s            0x00000000   Number         0  entry10a.o ABSOLUTE
    ../clib/microlib/init/entry.s            0x00000000   Number         0  entry9b.o ABSOLUTE
    ../clib/microlib/init/entry.s            0x00000000   Number         0  entry9a.o ABSOLUTE
    ../clib/microlib/init/entry.s            0x00000000   Number         0  entry8b.o ABSOLUTE
    ../clib/microlib/init/entry.s            0x00000000   Number         0  entry8a.o ABSOLUTE
    ../clib/microlib/init/entry.s            0x00000000   Number         0  entry7b.o ABSOLUTE
    ../clib/microlib/init/entry.s            0x00000000   Number         0  entry7a.o ABSOLUTE
    ../clib/microlib/init/entry.s            0x00000000   Number         0  entry5.o ABSOLUTE
    ../clib/microlib/init/entry.s            0x00000000   Number         0  entry.o ABSOLUTE
    ../clib/microlib/init/entry.s            0x00000000   Number         0  entry2.o ABSOLUTE
    ../clib/microlib/longlong.c              0x00000000   Number         0  llshl.o ABSOLUTE
    ../clib/microlib/longlong.c              0x00000000   Number         0  llsshr.o ABSOLUTE
    ../clib/microlib/longlong.c              0x00000000   Number         0  llushr.o ABSOLUTE
    ../clib/microlib/printf/printf.c         0x00000000   Number         0  printf0.o ABSOLUTE
    ../clib/microlib/printf/printf.c         0x00000000   Number         0  printf1.o ABSOLUTE
    ../clib/microlib/printf/printf.c         0x00000000   Number         0  printf2.o ABSOLUTE
    ../clib/microlib/printf/printf.c         0x00000000   Number         0  printf6.o ABSOLUTE
    ../clib/microlib/printf/printf.c         0x00000000   Number         0  printf5.o ABSOLUTE
    ../clib/microlib/printf/printf.c         0x00000000   Number         0  printf4.o ABSOLUTE
    ../clib/microlib/printf/printf.c         0x00000000   Number         0  printfa.o ABSOLUTE
    ../clib/microlib/printf/printf.c         0x00000000   Number         0  printf8.o ABSOLUTE
    ../clib/microlib/printf/printf.c         0x00000000   Number         0  printf7.o ABSOLUTE
    ../clib/microlib/printf/printf.c         0x00000000   Number         0  printfb.o ABSOLUTE
    ../clib/microlib/printf/printf.c         0x00000000   Number         0  printf3.o ABSOLUTE
    ../clib/microlib/printf/stubs.s          0x00000000   Number         0  stubs.o ABSOLUTE
    ../clib/microlib/stdio/streams.c         0x00000000   Number         0  stdin.o ABSOLUTE
    ../clib/microlib/stdio/streams.c         0x00000000   Number         0  stdout.o ABSOLUTE
    ../clib/microlib/string/strcmp.c         0x00000000   Number         0  strcmp.o ABSOLUTE
    ../clib/microlib/string/strcpy.c         0x00000000   Number         0  strcpy.o ABSOLUTE
    ../clib/microlib/stubs.s                 0x00000000   Number         0  iusefp.o ABSOLUTE
    ../fplib/microlib/fpadd.c                0x00000000   Number         0  dadd.o ABSOLUTE
    ../fplib/microlib/fpdiv.c                0x00000000   Number         0  ddiv.o ABSOLUTE
    ../fplib/microlib/fpepilogue.c           0x00000000   Number         0  depilogue.o ABSOLUTE
    ../fplib/microlib/fpfix.c                0x00000000   Number         0  dfixul.o ABSOLUTE
    ../fplib/microlib/fpmul.c                0x00000000   Number         0  dmul.o ABSOLUTE
    RTE\Device\TM4C123GH6PM\startup_TM4C123.s 0x00000000   Number         0  startup_tm4c123.o ABSOLUTE
    RTE\Device\TM4C123GH6PM\system_TM4C123.c 0x00000000   Number         0  system_tm4c123.o ABSOLUTE
    RTE\\Device\\TM4C123GH6PM\\system_TM4C123.c 0x00000000   Number         0  system_tm4c123.o ABSOLUTE
    boardUtil.c                              0x00000000   Number         0  boardutil.o ABSOLUTE
    boardUtil.c                              0x00000000   Number         0  boardutil.o ABSOLUTE
    cdrcmple.s                               0x00000000   Number         0  cdrcmple.o ABSOLUTE
    dc.s                                     0x00000000   Number         0  dc.o ABSOLUTE
    ece353_hw1.s                             0x00000000   Number         0  ece353_hw1.o ABSOLUTE
    gpioPort.c                               0x00000000   Number         0  gpioport.o ABSOLUTE
    gpioPort.c                               0x00000000   Number         0  gpioport.o ABSOLUTE
    handlers.s                               0x00000000   Number         0  handlers.o ABSOLUTE
    init.s                                   0x00000000   Number         0  init.o ABSOLUTE
    interrupts.c                             0x00000000   Number         0  interrupts.o ABSOLUTE
    interrupts.c                             0x00000000   Number         0  interrupts.o ABSOLUTE
    main.c                                   0x00000000   Number         0  main.o ABSOLUTE
    main.c                                   0x00000000   Number         0  main.o ABSOLUTE
    pc_buffer.c                              0x00000000   Number         0  pc_buffer.o ABSOLUTE
    uart.c                                   0x00000000   Number         0  uart.o ABSOLUTE
    uart.c                                   0x00000000   Number         0  uart.o ABSOLUTE
    .ARM.Collect$$$$00000000                 0x0000026c   Section        0  entry.o(.ARM.Collect$$$$00000000)
    .ARM.Collect$$$$00000001                 0x0000026c   Section        4  entry2.o(.ARM.Collect$$$$00000001)
    .ARM.Collect$$$$00000004                 0x00000270   Section        4  entry5.o(.ARM.Collect$$$$00000004)
    .ARM.Collect$$$$00000008                 0x00000274   Section        0  entry7b.o(.ARM.Collect$$$$00000008)
    .ARM.Collect$$$$0000000A                 0x00000274   Section        0  entry8b.o(.ARM.Collect$$$$0000000A)
    .ARM.Collect$$$$0000000B                 0x00000274   Section        8  entry9a.o(.ARM.Collect$$$$0000000B)
    .ARM.Collect$$$$0000000D                 0x0000027c   Section        0  entry10a.o(.ARM.Collect$$$$0000000D)
    .ARM.Collect$$$$0000000F                 0x0000027c   Section        0  entry11a.o(.ARM.Collect$$$$0000000F)
    .ARM.Collect$$$$00002712                 0x0000027c   Section        4  entry2.o(.ARM.Collect$$$$00002712)
    __lit__00000000                          0x0000027c   Data           4  entry2.o(.ARM.Collect$$$$00002712)
    .text                                    0x00000280   Section        0  main.o(.text)
    .text                                    0x0000052c   Section      252  startup_tm4c123.o(.text)
    $v0                                      0x0000052c   Number         0  startup_tm4c123.o(.text)
    .text                                    0x00000628   Section        0  system_tm4c123.o(.text)
    getOscClk                                0x00000629   Thumb Code   182  system_tm4c123.o(.text)
    .text                                    0x00000878   Section        0  boardutil.o(.text)
    .text                                    0x000008bc   Section        0  interrupts.o(.text)
    .text                                    0x00000954   Section        0  pc_buffer.o(.text)
    .text                                    0x000009c0   Section        0  gpioport.o(.text)
    verifyBaseAddr                           0x000009c1   Thumb Code    64  gpioport.o(.text)
    .text                                    0x00000cb8   Section        0  uart.o(.text)
    .text                                    0x00000f24   Section        0  strcmp.o(.text)
    .text                                    0x00000f40   Section        0  strcpy.o(.text)
    .text                                    0x00000f54   Section       36  init.o(.text)
    .text                                    0x00000f78   Section        0  __dczerorl.o(.text)
    FLASH                                    0x00000fb4   Section      656  ece353_hw1.o(FLASH)
    $v0                                      0x00000fc4   Number         0  ece353_hw1.o(FLASH)
    WHILE_DONE                               0x00001149   Thumb Code     0  ece353_hw1.o(FLASH)
    i.__0printf$2                            0x00001244   Section        0  printf2.o(i.__0printf$2)
    i.__aeabi_errno_addr                     0x00001264   Section        0  errno.o(i.__aeabi_errno_addr)
    i.__scatterload_copy                     0x0000126c   Section       14  handlers.o(i.__scatterload_copy)
    i.__scatterload_null                     0x0000127a   Section        2  handlers.o(i.__scatterload_null)
    i.__scatterload_zeroinit                 0x0000127c   Section       14  handlers.o(i.__scatterload_zeroinit)
    i._printf_core                           0x0000128a   Section        0  printf2.o(i._printf_core)
    _printf_core                             0x0000128b   Thumb Code   214  printf2.o(i._printf_core)
    .data                                    0x20000000   Section        4  system_tm4c123.o(.data)
    .data                                    0x20000004   Section        4  stdin.o(.data)
    .data                                    0x20000008   Section        4  stdout.o(.data)
    .data                                    0x2000000c   Section        4  errno.o(.data)
    _errno                                   0x2000000c   Data           4  errno.o(.data)
    SRAM                                     0x20000010   Section     8012  ece353_hw1.o(SRAM)
    .bss                                     0x20001f5c   Section      192  uart.o(.bss)
    STACK                                    0x20002020   Section     4096  startup_tm4c123.o(STACK)

    Global Symbols

    Symbol Name                              Value     Ov Type        Size  Object(Section)

    BuildAttributes$$THM_ISAv4$E$P$D$K$B$S$7EM$VFPi3$EXTD16$VFPS$VFMA$PE$A:L22UL41UL21$X:L11$S22US41US21$IEEE1$IW$USESV6$~STKCKD$USESV7$~SHL$OSPACE$ROPI$EBA8$MICROLIB$REQ8$PRES8$EABIv2 0x00000000   Number         0  anon$$obj.o ABSOLUTE
    __ARM_use_no_argv                        0x00000000   Number         0  main.o ABSOLUTE
    __Vectors                                0x00000000   Data           4  startup_tm4c123.o(RESET)
    _printf_a                                0x00000000   Number         0  stubs.o ABSOLUTE
    _printf_c                                0x00000000   Number         0  stubs.o ABSOLUTE
    _printf_charcount                        0x00000000   Number         0  stubs.o ABSOLUTE
    _printf_d                                0x00000000   Number         0  stubs.o ABSOLUTE
    _printf_e                                0x00000000   Number         0  stubs.o ABSOLUTE
    _printf_f                                0x00000000   Number         0  stubs.o ABSOLUTE
    _printf_flags                            0x00000000   Number         0  stubs.o ABSOLUTE
    _printf_fp_dec                           0x00000000   Number         0  stubs.o ABSOLUTE
    _printf_fp_hex                           0x00000000   Number         0  stubs.o ABSOLUTE
    _printf_g                                0x00000000   Number         0  stubs.o ABSOLUTE
    _printf_i                                0x00000000   Number         0  stubs.o ABSOLUTE
    _printf_int_dec                          0x00000000   Number         0  stubs.o ABSOLUTE
    _printf_l                                0x00000000   Number         0  stubs.o ABSOLUTE
    _printf_lc                               0x00000000   Number         0  stubs.o ABSOLUTE
    _printf_ll                               0x00000000   Number         0  stubs.o ABSOLUTE
    _printf_lld                              0x00000000   Number         0  stubs.o ABSOLUTE
    _printf_lli                              0x00000000   Number         0  stubs.o ABSOLUTE
    _printf_llo                              0x00000000   Number         0  stubs.o ABSOLUTE
    _printf_llu                              0x00000000   Number         0  stubs.o ABSOLUTE
    _printf_llx                              0x00000000   Number         0  stubs.o ABSOLUTE
    _printf_longlong_dec                     0x00000000   Number         0  stubs.o ABSOLUTE
    _printf_longlong_hex                     0x00000000   Number         0  stubs.o ABSOLUTE
    _printf_longlong_oct                     0x00000000   Number         0  stubs.o ABSOLUTE
    _printf_ls                               0x00000000   Number         0  stubs.o ABSOLUTE
    _printf_mbtowc                           0x00000000   Number         0  stubs.o ABSOLUTE
    _printf_n                                0x00000000   Number         0  stubs.o ABSOLUTE
    _printf_o                                0x00000000   Number         0  stubs.o ABSOLUTE
    _printf_p                                0x00000000   Number         0  stubs.o ABSOLUTE
    _printf_percent                          0x00000000   Number         0  stubs.o ABSOLUTE
    _printf_pre_padding                      0x00000000   Number         0  stubs.o ABSOLUTE
    _printf_return_value                     0x00000000   Number         0  stubs.o ABSOLUTE
    _printf_s                                0x00000000   Number         0  stubs.o ABSOLUTE
    _printf_sizespec                         0x00000000   Number         0  stubs.o ABSOLUTE
    _printf_str                              0x00000000   Number         0  stubs.o ABSOLUTE
    _printf_truncate_signed                  0x00000000   Number         0  stubs.o ABSOLUTE
    _printf_truncate_unsigned                0x00000000   Number         0  stubs.o ABSOLUTE
    _printf_u                                0x00000000   Number         0  stubs.o ABSOLUTE
    _printf_wc                               0x00000000   Number         0  stubs.o ABSOLUTE
    _printf_wctomb                           0x00000000   Number         0  stubs.o ABSOLUTE
    _printf_widthprec                        0x00000000   Number         0  stubs.o ABSOLUTE
    _printf_x                                0x00000000   Number         0  stubs.o ABSOLUTE
    __cpp_initialize__aeabi_                  - Undefined Weak Reference
    __cxa_finalize                            - Undefined Weak Reference
    _clock_init                               - Undefined Weak Reference
    _microlib_exit                            - Undefined Weak Reference
    __Vectors_End                            0x0000026c   Data           0  startup_tm4c123.o(RESET)
    __Vectors_Size                           0x0000026c   Number         0  startup_tm4c123.o ABSOLUTE
    __main                                   0x0000026d   Thumb Code     0  entry.o(.ARM.Collect$$$$00000000)
    _main_stk                                0x0000026d   Thumb Code     0  entry2.o(.ARM.Collect$$$$00000001)
    _main_scatterload                        0x00000271   Thumb Code     0  entry5.o(.ARM.Collect$$$$00000004)
    __main_after_scatterload                 0x00000275   Thumb Code     0  entry5.o(.ARM.Collect$$$$00000004)
    _main_clock                              0x00000275   Thumb Code     0  entry7b.o(.ARM.Collect$$$$00000008)
    _main_cpp_init                           0x00000275   Thumb Code     0  entry8b.o(.ARM.Collect$$$$0000000A)
    _main_init                               0x00000275   Thumb Code     0  entry9a.o(.ARM.Collect$$$$0000000B)
    __rt_final_cpp                           0x0000027d   Thumb Code     0  entry10a.o(.ARM.Collect$$$$0000000D)
    __rt_final_exit                          0x0000027d   Thumb Code     0  entry11a.o(.ARM.Collect$$$$0000000F)
    initializeBoard                          0x00000281   Thumb Code    16  main.o(.text)
    main                                     0x00000291   Thumb Code   298  main.o(.text)
    Reset_Handler                            0x0000052d   Thumb Code     8  startup_tm4c123.o(.text)
    NMI_Handler                              0x00000535   Thumb Code     2  startup_tm4c123.o(.text)
    HardFault_Handler                        0x00000537   Thumb Code     2  startup_tm4c123.o(.text)
    MemManage_Handler                        0x00000539   Thumb Code     2  startup_tm4c123.o(.text)
    BusFault_Handler                         0x0000053b   Thumb Code     2  startup_tm4c123.o(.text)
    UsageFault_Handler                       0x0000053d   Thumb Code     2  startup_tm4c123.o(.text)
    SVC_Handler                              0x0000053f   Thumb Code     2  startup_tm4c123.o(.text)
    DebugMon_Handler                         0x00000541   Thumb Code     2  startup_tm4c123.o(.text)
    PendSV_Handler                           0x00000543   Thumb Code     2  startup_tm4c123.o(.text)
    SysTick_Handler                          0x00000545   Thumb Code     2  startup_tm4c123.o(.text)
    GPIOA_Handler                            0x00000547   Thumb Code     2  startup_tm4c123.o(.text)
    GPIOB_Handler                            0x00000549   Thumb Code     2  startup_tm4c123.o(.text)
    GPIOC_Handler                            0x0000054b   Thumb Code     2  startup_tm4c123.o(.text)
    GPIOD_Handler                            0x0000054d   Thumb Code     2  startup_tm4c123.o(.text)
    GPIOE_Handler                            0x0000054f   Thumb Code     2  startup_tm4c123.o(.text)
    UART0_Handler                            0x00000551   Thumb Code     2  startup_tm4c123.o(.text)
    UART1_Handler                            0x00000553   Thumb Code     2  startup_tm4c123.o(.text)
    SSI0_Handler                             0x00000555   Thumb Code     2  startup_tm4c123.o(.text)
    I2C0_Handler                             0x00000557   Thumb Code     2  startup_tm4c123.o(.text)
    PMW0_FAULT_Handler                       0x00000559   Thumb Code     2  startup_tm4c123.o(.text)
    PWM0_0_Handler                           0x0000055b   Thumb Code     2  startup_tm4c123.o(.text)
    PWM0_1_Handler                           0x0000055d   Thumb Code     2  startup_tm4c123.o(.text)
    PWM0_2_Handler                           0x0000055f   Thumb Code     2  startup_tm4c123.o(.text)
    QEI0_Handler                             0x00000561   Thumb Code     2  startup_tm4c123.o(.text)
    ADC0SS0_Handler                          0x00000563   Thumb Code     2  startup_tm4c123.o(.text)
    ADC0SS1_Handler                          0x00000565   Thumb Code     2  startup_tm4c123.o(.text)
    ADC0SS2_Handler                          0x00000567   Thumb Code     2  startup_tm4c123.o(.text)
    ADC0SS3_Handler                          0x00000569   Thumb Code     2  startup_tm4c123.o(.text)
    WDT0_Handler                             0x0000056b   Thumb Code     2  startup_tm4c123.o(.text)
    TIMER0A_Handler                          0x0000056d   Thumb Code     2  startup_tm4c123.o(.text)
    TIMER0B_Handler                          0x0000056f   Thumb Code     2  startup_tm4c123.o(.text)
    TIMER1A_Handler                          0x00000571   Thumb Code     2  startup_tm4c123.o(.text)
    TIMER1B_Handler                          0x00000573   Thumb Code     2  startup_tm4c123.o(.text)
    TIMER2A_Handler                          0x00000575   Thumb Code     2  startup_tm4c123.o(.text)
    TIMER2B_Handler                          0x00000577   Thumb Code     2  startup_tm4c123.o(.text)
    COMP0_Handler                            0x00000579   Thumb Code     2  startup_tm4c123.o(.text)
    COMP1_Handler                            0x0000057b   Thumb Code     2  startup_tm4c123.o(.text)
    COMP2_Handler                            0x0000057d   Thumb Code     2  startup_tm4c123.o(.text)
    SYSCTL_Handler                           0x0000057f   Thumb Code     2  startup_tm4c123.o(.text)
    FLASH_Handler                            0x00000581   Thumb Code     2  startup_tm4c123.o(.text)
    GPIOF_Handler                            0x00000583   Thumb Code     2  startup_tm4c123.o(.text)
    GPIOG_Handler                            0x00000585   Thumb Code     2  startup_tm4c123.o(.text)
    GPIOH_Handler                            0x00000587   Thumb Code     2  startup_tm4c123.o(.text)
    UART2_Handler                            0x00000589   Thumb Code     2  startup_tm4c123.o(.text)
    SSI1_Handler                             0x0000058b   Thumb Code     2  startup_tm4c123.o(.text)
    TIMER3A_Handler                          0x0000058d   Thumb Code     2  startup_tm4c123.o(.text)
    TIMER3B_Handler                          0x0000058f   Thumb Code     2  startup_tm4c123.o(.text)
    I2C1_Handler                             0x00000591   Thumb Code     2  startup_tm4c123.o(.text)
    QEI1_Handler                             0x00000593   Thumb Code     2  startup_tm4c123.o(.text)
    CAN0_Handler                             0x00000595   Thumb Code     2  startup_tm4c123.o(.text)
    CAN1_Handler                             0x00000597   Thumb Code     2  startup_tm4c123.o(.text)
    CAN2_Handler                             0x00000599   Thumb Code     2  startup_tm4c123.o(.text)
    HIB_Handler                              0x0000059b   Thumb Code     2  startup_tm4c123.o(.text)
    USB0_Handler                             0x0000059d   Thumb Code     2  startup_tm4c123.o(.text)
    PWM0_3_Handler                           0x0000059f   Thumb Code     2  startup_tm4c123.o(.text)
    UDMA_Handler                             0x000005a1   Thumb Code     2  startup_tm4c123.o(.text)
    UDMAERR_Handler                          0x000005a3   Thumb Code     2  startup_tm4c123.o(.text)
    ADC1SS0_Handler                          0x000005a5   Thumb Code     2  startup_tm4c123.o(.text)
    ADC1SS1_Handler                          0x000005a7   Thumb Code     2  startup_tm4c123.o(.text)
    ADC1SS2_Handler                          0x000005a9   Thumb Code     2  startup_tm4c123.o(.text)
    ADC1SS3_Handler                          0x000005ab   Thumb Code     2  startup_tm4c123.o(.text)
    GPIOJ_Handler                            0x000005ad   Thumb Code     2  startup_tm4c123.o(.text)
    GPIOK_Handler                            0x000005af   Thumb Code     2  startup_tm4c123.o(.text)
    GPIOL_Handler                            0x000005b1   Thumb Code     2  startup_tm4c123.o(.text)
    SSI2_Handler                             0x000005b3   Thumb Code     2  startup_tm4c123.o(.text)
    SSI3_Handler                             0x000005b5   Thumb Code     2  startup_tm4c123.o(.text)
    UART3_Handler                            0x000005b7   Thumb Code     2  startup_tm4c123.o(.text)
    UART4_Handler                            0x000005b9   Thumb Code     2  startup_tm4c123.o(.text)
    UART5_Handler                            0x000005bb   Thumb Code     2  startup_tm4c123.o(.text)
    UART6_Handler                            0x000005bd   Thumb Code     2  startup_tm4c123.o(.text)
    UART7_Handler                            0x000005bf   Thumb Code     2  startup_tm4c123.o(.text)
    I2C2_Handler                             0x000005c1   Thumb Code     2  startup_tm4c123.o(.text)
    I2C3_Handler                             0x000005c3   Thumb Code     2  startup_tm4c123.o(.text)
    TIMER4A_Handler                          0x000005c5   Thumb Code     2  startup_tm4c123.o(.text)
    TIMER4B_Handler                          0x000005c7   Thumb Code     2  startup_tm4c123.o(.text)
    TIMER5A_Handler                          0x000005c9   Thumb Code     2  startup_tm4c123.o(.text)
    TIMER5B_Handler                          0x000005cb   Thumb Code     2  startup_tm4c123.o(.text)
    WTIMER0A_Handler                         0x000005cd   Thumb Code     2  startup_tm4c123.o(.text)
    WTIMER0B_Handler                         0x000005cf   Thumb Code     2  startup_tm4c123.o(.text)
    WTIMER1A_Handler                         0x000005d1   Thumb Code     2  startup_tm4c123.o(.text)
    WTIMER1B_Handler                         0x000005d3   Thumb Code     2  startup_tm4c123.o(.text)
    WTIMER2A_Handler                         0x000005d5   Thumb Code     2  startup_tm4c123.o(.text)
    WTIMER2B_Handler                         0x000005d7   Thumb Code     2  startup_tm4c123.o(.text)
    WTIMER3A_Handler                         0x000005d9   Thumb Code     2  startup_tm4c123.o(.text)
    WTIMER3B_Handler                         0x000005db   Thumb Code     2  startup_tm4c123.o(.text)
    WTIMER4A_Handler                         0x000005dd   Thumb Code     2  startup_tm4c123.o(.text)
    WTIMER4B_Handler                         0x000005df   Thumb Code     2  startup_tm4c123.o(.text)
    WTIMER5A_Handler                         0x000005e1   Thumb Code     2  startup_tm4c123.o(.text)
    WTIMER5B_Handler                         0x000005e3   Thumb Code     2  startup_tm4c123.o(.text)
    FPU_Handler                              0x000005e5   Thumb Code     2  startup_tm4c123.o(.text)
    I2C4_Handler                             0x000005e7   Thumb Code     2  startup_tm4c123.o(.text)
    I2C5_Handler                             0x000005e9   Thumb Code     2  startup_tm4c123.o(.text)
    GPIOM_Handler                            0x000005eb   Thumb Code     2  startup_tm4c123.o(.text)
    GPION_Handler                            0x000005ed   Thumb Code     2  startup_tm4c123.o(.text)
    QEI2_Handler                             0x000005ef   Thumb Code     2  startup_tm4c123.o(.text)
    GPIOP0_Handler                           0x000005f1   Thumb Code     2  startup_tm4c123.o(.text)
    GPIOP1_Handler                           0x000005f3   Thumb Code     2  startup_tm4c123.o(.text)
    GPIOP2_Handler                           0x000005f5   Thumb Code     2  startup_tm4c123.o(.text)
    GPIOP3_Handler                           0x000005f7   Thumb Code     2  startup_tm4c123.o(.text)
    GPIOP4_Handler                           0x000005f9   Thumb Code     2  startup_tm4c123.o(.text)
    GPIOP5_Handler                           0x000005fb   Thumb Code     2  startup_tm4c123.o(.text)
    GPIOP6_Handler                           0x000005fd   Thumb Code     2  startup_tm4c123.o(.text)
    GPIOP7_Handler                           0x000005ff   Thumb Code     2  startup_tm4c123.o(.text)
    GPIOQ0_Handler                           0x00000601   Thumb Code     2  startup_tm4c123.o(.text)
    GPIOQ1_Handler                           0x00000603   Thumb Code     2  startup_tm4c123.o(.text)
    GPIOQ2_Handler                           0x00000605   Thumb Code     2  startup_tm4c123.o(.text)
    GPIOQ3_Handler                           0x00000607   Thumb Code     2  startup_tm4c123.o(.text)
    GPIOQ4_Handler                           0x00000609   Thumb Code     2  startup_tm4c123.o(.text)
    GPIOQ5_Handler                           0x0000060b   Thumb Code     2  startup_tm4c123.o(.text)
    GPIOQ6_Handler                           0x0000060d   Thumb Code     2  startup_tm4c123.o(.text)
    GPIOQ7_Handler                           0x0000060f   Thumb Code     2  startup_tm4c123.o(.text)
    GPIOR_Handler                            0x00000611   Thumb Code     2  startup_tm4c123.o(.text)
    GPIOS_Handler                            0x00000613   Thumb Code     2  startup_tm4c123.o(.text)
    PMW1_0_Handler                           0x00000615   Thumb Code     2  startup_tm4c123.o(.text)
    PWM1_1_Handler                           0x00000617   Thumb Code     2  startup_tm4c123.o(.text)
    PWM1_2_Handler                           0x00000619   Thumb Code     2  startup_tm4c123.o(.text)
    PWM1_3_Handler                           0x0000061b   Thumb Code     2  startup_tm4c123.o(.text)
    PWM1_FAULT_Handler                       0x0000061d   Thumb Code     2  startup_tm4c123.o(.text)
    SystemCoreClockUpdate                    0x000006df   Thumb Code   184  system_tm4c123.o(.text)
    SystemInit                               0x00000797   Thumb Code   112  system_tm4c123.o(.text)
    DisableInterrupts                        0x00000879   Thumb Code     4  boardutil.o(.text)
    EnableInterrupts                         0x0000087d   Thumb Code     4  boardutil.o(.text)
    uart0_config_gpio                        0x00000881   Thumb Code    42  boardutil.o(.text)
    serialDebugInit                          0x000008ab   Thumb Code    14  boardutil.o(.text)
    ECE353_UART0_Handler                     0x000008bd   Thumb Code   138  interrupts.o(.text)
    pc_buffer_init                           0x00000955   Thumb Code    12  pc_buffer.o(.text)
    pc_buffer_add                            0x00000961   Thumb Code    26  pc_buffer.o(.text)
    pc_buffer_remove                         0x0000097b   Thumb Code    28  pc_buffer.o(.text)
    pc_buffer_empty                          0x00000997   Thumb Code    18  pc_buffer.o(.text)
    pc_buffer_full                           0x000009a9   Thumb Code    22  pc_buffer.o(.text)
    gpio_enable_port                         0x00000a01   Thumb Code   156  gpioport.o(.text)
    gpio_config_digital_enable               0x00000a9d   Thumb Code    34  gpioport.o(.text)
    gpio_config_enable_output                0x00000abf   Thumb Code    34  gpioport.o(.text)
    gpio_config_enable_input                 0x00000ae1   Thumb Code    34  gpioport.o(.text)
    gpio_config_enable_pullup                0x00000b03   Thumb Code    34  gpioport.o(.text)
    gpio_config_enable_pulldown              0x00000b25   Thumb Code    34  gpioport.o(.text)
    gpio_config_analog_enable                0x00000b47   Thumb Code    34  gpioport.o(.text)
    gpio_config_alternate_function           0x00000b69   Thumb Code    34  gpioport.o(.text)
    gpio_config_disable_alternate_function   0x00000b8b   Thumb Code    34  gpioport.o(.text)
    gpio_config_port_control                 0x00000bad   Thumb Code    34  gpioport.o(.text)
    gpio_config_disable_port_control         0x00000bcf   Thumb Code    34  gpioport.o(.text)
    gpio_config_drive_4mA                    0x00000bf1   Thumb Code    34  gpioport.o(.text)
    gpio_enable_irq_falling                  0x00000c13   Thumb Code   124  gpioport.o(.text)
    verifyUartBase                           0x00000cb9   Thumb Code    54  uart.o(.text)
    uartTxPollChar                           0x00000cef   Thumb Code    38  uart.o(.text)
    uartTxPoll                               0x00000d15   Thumb Code    50  uart.o(.text)
    uartRxPoll                               0x00000d47   Thumb Code    70  uart.o(.text)
    uartRx                                   0x00000d8d   Thumb Code    44  uart.o(.text)
    uartTx                                   0x00000db9   Thumb Code    70  uart.o(.text)
    uart_init_115K                           0x00000dff   Thumb Code   156  uart.o(.text)
    fputc                                    0x00000e9b   Thumb Code    44  uart.o(.text)
    fgetc                                    0x00000ec7   Thumb Code    48  uart.o(.text)
    strcmp                                   0x00000f25   Thumb Code    28  strcmp.o(.text)
    strcpy                                   0x00000f41   Thumb Code    18  strcpy.o(.text)
    __scatterload                            0x00000f55   Thumb Code    28  init.o(.text)
    __scatterload_rt2                        0x00000f55   Thumb Code     0  init.o(.text)
    __decompress                             0x00000f79   Thumb Code     0  __dczerorl.o(.text)
    __decompress0                            0x00000f79   Thumb Code    58  __dczerorl.o(.text)
    PERSON1                                  0x00000fb4   Data          15  ece353_hw1.o(FLASH)
    hw1                                      0x00000fc5   Thumb Code   624  ece353_hw1.o(FLASH)
    __0printf$2                              0x00001245   Thumb Code    22  printf2.o(i.__0printf$2)
    __1printf$2                              0x00001245   Thumb Code     0  printf2.o(i.__0printf$2)
    __2printf                                0x00001245   Thumb Code     0  printf2.o(i.__0printf$2)
    __aeabi_errno_addr                       0x00001265   Thumb Code     4  errno.o(i.__aeabi_errno_addr)
    __rt_errno_addr                          0x00001265   Thumb Code     0  errno.o(i.__aeabi_errno_addr)
    __scatterload_copy                       0x0000126d   Thumb Code    14  handlers.o(i.__scatterload_copy)
    __scatterload_null                       0x0000127b   Thumb Code     2  handlers.o(i.__scatterload_null)
    __scatterload_zeroinit                   0x0000127d   Thumb Code    14  handlers.o(i.__scatterload_zeroinit)
    Region$$Table$$Base                      0x00001360   Number         0  anon$$obj.o(Region$$Table)
    Region$$Table$$Limit                     0x00001380   Number         0  anon$$obj.o(Region$$Table)
    SystemCoreClock                          0x20000000   Data           4  system_tm4c123.o(.data)
    __stdin                                  0x20000004   Data           4  stdin.o(.data)
    __stdout                                 0x20000008   Data           4  stdout.o(.data)
    TRANSACTIONS                             0x20000010   Data        8000  ece353_hw1.o(SRAM)
    TRANSACTIONS_TOTAL                       0x20001f50   Data          12  ece353_hw1.o(SRAM)
    UART0_Rx_Buffer                          0x20001f5c   Data          16  uart.o(.bss)
    UART0_Rx_Buffer_Array                    0x20001f6c   Data          80  uart.o(.bss)
    UART0_Tx_Buffer                          0x20001fbc   Data          16  uart.o(.bss)
    UART0_Tx_Buffer_Array                    0x20001fcc   Data          80  uart.o(.bss)
    __initial_sp                             0x20003020   Data           0  startup_tm4c123.o(STACK)



==============================================================================

Memory Map of the image

  Image Entry point : 0x0000052d

  Load Region LR_1 (Base: 0x00000000, Size: 0x000032dc, Max: 0xffffffff, ABSOLUTE, COMPRESSED[0x000013c4])

    Execution Region ER_RO (Base: 0x00000000, Size: 0x00001380, Max: 0xffffffff, ABSOLUTE)

    Base Addr    Size         Type   Attr      Idx    E Section Name        Object

    0x00000000   0x0000026c   Data   RO           86    RESET               startup_tm4c123.o
    0x0000026c   0x00000000   Code   RO          277  * .ARM.Collect$$$$00000000  mc_w.l(entry.o)
    0x0000026c   0x00000004   Code   RO          554    .ARM.Collect$$$$00000001  mc_w.l(entry2.o)
    0x00000270   0x00000004   Code   RO          557    .ARM.Collect$$$$00000004  mc_w.l(entry5.o)
    0x00000274   0x00000000   Code   RO          559    .ARM.Collect$$$$00000008  mc_w.l(entry7b.o)
    0x00000274   0x00000000   Code   RO          561    .ARM.Collect$$$$0000000A  mc_w.l(entry8b.o)
    0x00000274   0x00000008   Code   RO          562    .ARM.Collect$$$$0000000B  mc_w.l(entry9a.o)
    0x0000027c   0x00000000   Code   RO          564    .ARM.Collect$$$$0000000D  mc_w.l(entry10a.o)
    0x0000027c   0x00000000   Code   RO          566    .ARM.Collect$$$$0000000F  mc_w.l(entry11a.o)
    0x0000027c   0x00000004   Code   RO          555    .ARM.Collect$$$$00002712  mc_w.l(entry2.o)
    0x00000280   0x000002ac   Code   RO            3    .text               main.o
    0x0000052c   0x000000fc   Code   RO           87  * .text               startup_tm4c123.o
    0x00000628   0x00000250   Code   RO           93    .text               system_tm4c123.o
    0x00000878   0x00000044   Code   RO          119    .text               ece353_hw1.lib(boardutil.o)
    0x000008bc   0x00000098   Code   RO          193    .text               ece353_hw1.lib(interrupts.o)
    0x00000954   0x0000006a   Code   RO          218    .text               ece353_hw1.lib(pc_buffer.o)
    0x000009be   0x00000002   PAD
    0x000009c0   0x000002f8   Code   RO          232    .text               ece353_hw1.lib(gpioport.o)
    0x00000cb8   0x0000026c   Code   RO          256    .text               ece353_hw1.lib(uart.o)
    0x00000f24   0x0000001c   Code   RO          282    .text               mc_w.l(strcmp.o)
    0x00000f40   0x00000012   Code   RO          284    .text               mc_w.l(strcpy.o)
    0x00000f52   0x00000002   PAD
    0x00000f54   0x00000024   Code   RO          583    .text               mc_w.l(init.o)
    0x00000f78   0x0000003a   Code   RO          601    .text               mc_w.l(__dczerorl.o)
    0x00000fb2   0x00000002   PAD
    0x00000fb4   0x00000290   Code   RO           80    FLASH               ece353_hw1.o
    0x00001244   0x00000020   Code   RO          353    i.__0printf$2       mc_w.l(printf2.o)
    0x00001264   0x00000008   Code   RO          547    i.__aeabi_errno_addr  mc_w.l(errno.o)
    0x0000126c   0x0000000e   Code   RO          595    i.__scatterload_copy  mc_w.l(handlers.o)
    0x0000127a   0x00000002   Code   RO          596    i.__scatterload_null  mc_w.l(handlers.o)
    0x0000127c   0x0000000e   Code   RO          597    i.__scatterload_zeroinit  mc_w.l(handlers.o)
    0x0000128a   0x000000d6   Code   RO          360    i._printf_core      mc_w.l(printf2.o)
    0x00001360   0x00000020   Data   RO          593    Region$$Table       anon$$obj.o


    Execution Region ER_RW (Base: 0x20000000, Size: 0x00001f5c, Max: 0xffffffff, ABSOLUTE, COMPRESSED[0x00000044])

    Base Addr    Size         Type   Attr      Idx    E Section Name        Object

    0x20000000   0x00000004   Data   RW           94    .data               system_tm4c123.o
    0x20000004   0x00000004   Data   RW          280    .data               mc_w.l(stdin.o)
    0x20000008   0x00000004   Data   RW          281    .data               mc_w.l(stdout.o)
    0x2000000c   0x00000004   Data   RW          550    .data               mc_w.l(errno.o)
    0x20000010   0x00001f4c   Data   RW           79    SRAM                ece353_hw1.o


    Execution Region ER_ZI (Base: 0x20001f5c, Size: 0x000010c4, Max: 0xffffffff, ABSOLUTE)

    Base Addr    Size         Type   Attr      Idx    E Section Name        Object

    0x20001f5c   0x000000c0   Zero   RW          257    .bss                ece353_hw1.lib(uart.o)
    0x2000201c   0x00000004   PAD
    0x20002020   0x00001000   Zero   RW           84    STACK               startup_tm4c123.o


==============================================================================

Image component sizes


      Code (inc. data)   RO Data    RW Data    ZI Data      Debug   Object Name

       656         32          0       8012          0        572   ece353_hw1.o
       684        370          0          0          0       5215   main.o
       252         10        620          0       4096       5440   startup_tm4c123.o
       592        138          0          4          0       1545   system_tm4c123.o

    ----------------------------------------------------------------------
      2184        550        652       8016       4096      12772   Object Totals
         0          0         32          0          0          0   (incl. Generated)
         0          0          0          0          0          0   (incl. Padding)

    ----------------------------------------------------------------------

      Code (inc. data)   RO Data    RW Data    ZI Data      Debug   Library Member Name

        68          4          0          0          0      27323   boardutil.o
       760         42          0          0          0      31982   gpioport.o
       152         14          0          0          0       1087   interrupts.o
       106          0          0          0          0       1747   pc_buffer.o
       620         54          0          0        192       3857   uart.o
        58          0          0          0          0          0   __dczerorl.o
         0          0          0          0          0          0   entry.o
         0          0          0          0          0          0   entry10a.o
         0          0          0          0          0          0   entry11a.o
         8          4          0          0          0          0   entry2.o
         4          0          0          0          0          0   entry5.o
         0          0          0          0          0          0   entry7b.o
         0          0          0          0          0          0   entry8b.o
         8          4          0          0          0          0   entry9a.o
         8          4          0          4          0         68   errno.o
        30          0          0          0          0          0   handlers.o
        36          8          0          0          0         68   init.o
       246         10          0          0          0        176   printf2.o
         0          0          0          4          0          0   stdin.o
         0          0          0          4          0          0   stdout.o
        28          0          0          0          0         76   strcmp.o
        18          0          0          0          0         68   strcpy.o

    ----------------------------------------------------------------------
      2156        144          0         12        196      66452   Library Totals
         6          0          0          0          4          0   (incl. Padding)

    ----------------------------------------------------------------------

      Code (inc. data)   RO Data    RW Data    ZI Data      Debug   Library Name

      1706        114          0          0        192      65996   ece353_hw1.lib
       444         30          0         12          0        456   mc_w.l

    ----------------------------------------------------------------------
      2156        144          0         12        196      66452   Library Totals

    ----------------------------------------------------------------------

==============================================================================


      Code (inc. data)   RO Data    RW Data    ZI Data      Debug   

      4340        694        652       8028       4292      78404   Grand Totals
      4340        694        652         68       4292      78404   ELF Image Totals (compressed)
      4340        694        652         68          0          0   ROM Totals

==============================================================================

    Total RO  Size (Code + RO Data)                 4992 (   4.88kB)
    Total RW  Size (RW Data + ZI Data)             12320 (  12.03kB)
    Total ROM Size (Code + RO Data + RW Data)       5060 (   4.94kB)

==============================================================================

